Archive member included to satisfy reference by file (symbol)

app/libapp.a(main.c.obj)      (--whole-archive)
zephyr/libzephyr.a(cbprintf.c.obj)
                              (--whole-archive)
zephyr/libzephyr.a(cbprintf_packaged.c.obj)
                              (--whole-archive)
zephyr/libzephyr.a(crc32c_sw.c.obj)
                              (--whole-archive)
zephyr/libzephyr.a(crc32_sw.c.obj)
                              (--whole-archive)
zephyr/libzephyr.a(crc16_sw.c.obj)
                              (--whole-archive)
zephyr/libzephyr.a(crc8_sw.c.obj)
                              (--whole-archive)
zephyr/libzephyr.a(crc7_sw.c.obj)
                              (--whole-archive)
zephyr/libzephyr.a(dec.c.obj)
                              (--whole-archive)
zephyr/libzephyr.a(fdtable.c.obj)
                              (--whole-archive)
zephyr/libzephyr.a(hex.c.obj)
                              (--whole-archive)
zephyr/libzephyr.a(notify.c.obj)
                              (--whole-archive)
zephyr/libzephyr.a(printk.c.obj)
                              (--whole-archive)
zephyr/libzephyr.a(onoff.c.obj)
                              (--whole-archive)
zephyr/libzephyr.a(rb.c.obj)  (--whole-archive)
zephyr/libzephyr.a(sem.c.obj)
                              (--whole-archive)
zephyr/libzephyr.a(thread_entry.c.obj)
                              (--whole-archive)
zephyr/libzephyr.a(timeutil.c.obj)
                              (--whole-archive)
zephyr/libzephyr.a(heap.c.obj)
                              (--whole-archive)
zephyr/libzephyr.a(heap-validate.c.obj)
                              (--whole-archive)
zephyr/libzephyr.a(bitarray.c.obj)
                              (--whole-archive)
zephyr/libzephyr.a(multi_heap.c.obj)
                              (--whole-archive)
zephyr/libzephyr.a(cbprintf_complete.c.obj)
                              (--whole-archive)
zephyr/libzephyr.a(assert.c.obj)
                              (--whole-archive)
zephyr/libzephyr.a(mpsc_pbuf.c.obj)
                              (--whole-archive)
zephyr/libzephyr.a(reboot.c.obj)
                              (--whole-archive)
zephyr/libzephyr.a(configs.c.obj)
                              (--whole-archive)
zephyr/libzephyr.a(soc.c.obj)
                              (--whole-archive)
zephyr/libzephyr.a(power.c.obj)
                              (--whole-archive)
zephyr/libzephyr.a(soc_nrf_common.S.obj)
                              (--whole-archive)
zephyr/libzephyr.a(validate_base_addresses.c.obj)
                              (--whole-archive)
zephyr/libzephyr.a(validate_enabled_instances.c.obj)
                              (--whole-archive)
zephyr/libzephyr.a(log_minimal.c.obj)
                              (--whole-archive)
zephyr/libzephyr.a(pm.c.obj)  (--whole-archive)
zephyr/libzephyr.a(constraint.c.obj)
                              (--whole-archive)
zephyr/libzephyr.a(state.c.obj)
                              (--whole-archive)
zephyr/libzephyr.a(residency.c.obj)
                              (--whole-archive)
zephyr/libzephyr.a(tracing_none.c.obj)
                              (--whole-archive)
zephyr/libzephyr.a(adp536x.c.obj)
                              (--whole-archive)
zephyr/libzephyr.a(spm.c.obj)
                              (--whole-archive)
zephyr/libzephyr.a(secure_services.c.obj)
                              (--whole-archive)
zephyr/libzephyr.a(flash_map_partition_manager.c.obj)
                              (--whole-archive)
zephyr/libzephyr.a(nrf_cc3xx_platform_abort_zephyr.c.obj)
                              (--whole-archive)
zephyr/libzephyr.a(nrf_cc3xx_platform_mutex_zephyr.c.obj)
                              (--whole-archive)
zephyr/arch/common/libarch__common.a(sw_isr_common.c.obj)
                              (--whole-archive)
zephyr/arch/arch/arm/core/aarch32/libarch__arm__core__aarch32.a(cpu_idle.S.obj)
                              (--whole-archive)
zephyr/arch/arch/arm/core/aarch32/libarch__arm__core__aarch32.a(fatal.c.obj)
                              (--whole-archive)
zephyr/arch/arch/arm/core/aarch32/libarch__arm__core__aarch32.a(irq_manage.c.obj)
                              (--whole-archive)
zephyr/arch/arch/arm/core/aarch32/libarch__arm__core__aarch32.a(nmi.c.obj)
                              (--whole-archive)
zephyr/arch/arch/arm/core/aarch32/libarch__arm__core__aarch32.a(nmi_on_reset.S.obj)
                              (--whole-archive)
zephyr/arch/arch/arm/core/aarch32/libarch__arm__core__aarch32.a(prep_c.c.obj)
                              (--whole-archive)
zephyr/arch/arch/arm/core/aarch32/libarch__arm__core__aarch32.a(swap.c.obj)
                              (--whole-archive)
zephyr/arch/arch/arm/core/aarch32/libarch__arm__core__aarch32.a(swap_helper.S.obj)
                              (--whole-archive)
zephyr/arch/arch/arm/core/aarch32/libarch__arm__core__aarch32.a(thread.c.obj)
                              (--whole-archive)
[...]
Memory Configuration

Name             Origin             Length             Attributes
FLASH            0x000000000000c200 0x000000000000c000 xr
SRAM             0x0000000020000000 0x0000000000008000 xw
IDT_LIST         0x00000000fffff7ff 0x0000000000000800 xw
*default*        0x0000000000000000 0xffffffffffffffff

Linker script and memory map

LOAD zephyr/CMakeFiles/zephyr_pre1.dir/misc/empty_file.c.obj
LOAD zephyr/CMakeFiles/zephyr_pre1.dir/dev_handles.c.obj
LOAD zephyr/CMakeFiles/offsets.dir/./arch/arm/core/offsets/offsets.c.obj
                0x0000000000000020                _region_min_align = 0x20

.rel.plt        0x000000000000c200        0x0
 *(SORT_BY_ALIGNMENT(.rel.plt))
                [!provide]                        PROVIDE (__rel_iplt_start = .)
 *(SORT_BY_ALIGNMENT(.rel.iplt))
 .rel.iplt      0x000000000000c200        0x0 app/libapp.a(main.c.obj)
                [!provide]                        PROVIDE (__rel_iplt_end = .)

.rela.plt       0x0000000000000000        0x0
 *(SORT_BY_ALIGNMENT(.rela.plt))
                [!provide]                        PROVIDE (__rela_iplt_start = .)
 *(SORT_BY_ALIGNMENT(.rela.iplt))
                [!provide]                        PROVIDE (__rela_iplt_end = .)

.rel.dyn
 *(SORT_BY_ALIGNMENT(.rel.*))

.rela.dyn
 *(SORT_BY_ALIGNMENT(.rela.*))

/DISCARD/
 *(SORT_BY_ALIGNMENT(.plt))

/DISCARD/
 *(SORT_BY_ALIGNMENT(.iplt))
                0x000000000000c200                __rom_region_start = 0xc200

rom_start       0x000000000000c200      0x23c
                0x0000000000000000                . = 0x0
                0x0000000000000000                . = ALIGN (0x4)
                0x0000000000000000                . = ALIGN (0x80)
                0x0000000000000000                . = ALIGN (0x200)
                0x000000000000c200                _vector_start = .
 *(SORT_BY_ALIGNMENT(.exc_vector_table))
 *(SORT_BY_ALIGNMENT(.exc_vector_table.*))
 .exc_vector_table._vector_table_section
                0x000000000000c200       0x40 zephyr/arch/arch/arm/core/aarch32/cortex_m/libarch__arm__core__aarch32__cortex_m.a(vector_table.S.obj)
                0x000000000000c200                _vector_table
 *(SORT_BY_ALIGNMENT(.gnu.linkonce.irq_vector_table*))
 .gnu.linkonce.irq_vector_table
                0x000000000000c240      0x104 zephyr/arch/common/libisr_tables.a(isr_tables.c.obj)
                0x000000000000c240                _irq_vector_table
 *(SORT_BY_ALIGNMENT(.vectors))
                0x000000000000c344                _vector_end = .
                0x0000000000000200                . = 0x200
 *fill*         0x000000000000c344       0xbc 
                0x000000000000c400                _fw_info_start = .
 *(SORT_BY_NAME(SORT_BY_ALIGNMENT(.firmware_info*)))
 .firmware_info
                0x000000000000c400       0x3c modules/nrf/subsys/fw_info/lib..__nrf__subsys__fw_info.a(fw_info.c.obj)
                0x000000000000c400                m_firmware_info
                0x000000000000003c                _fw_info_size = ABSOLUTE ((. - _fw_info_start))

text            0x000000000000c43c     0x8fcc
                0x000000000000c43c                __text_region_start = .
 *(SORT_BY_ALIGNMENT(.text))
 .text          0x000000000000c43c       0x30 /home/moho/gcc-arm-none-eabi-10.3-2021.10-x86_64-linux/gcc-arm-none-eabi-10.3-2021.10/bin/../lib/gcc/arm-none-eabi/10.3.1/thumb/v8-m.main/nofp/libgcc.a(_aeabi_uldivmod.o)
                0x000000000000c43c                __aeabi_uldivmod
 .text          0x000000000000c46c      0x2e8 /home/moho/gcc-arm-none-eabi-10.3-2021.10-x86_64-linux/gcc-arm-none-eabi-10.3-2021.10/bin/../lib/gcc/arm-none-eabi/10.3.1/thumb/v8-m.main/nofp/libgcc.a(_udivmoddi4.o)
                0x000000000000c46c                __udivmoddi4
 .text          0x000000000000c754        0x4 /home/moho/gcc-arm-none-eabi-10.3-2021.10-x86_64-linux/gcc-arm-none-eabi-10.3-2021.10/bin/../lib/gcc/arm-none-eabi/10.3.1/thumb/v8-m.main/nofp/libgcc.a(_dvmd_tls.o)
                0x000000000000c754                __aeabi_ldiv0
                0x000000000000c754                __aeabi_idiv0
 .text          0x000000000000c758       0x38 /home/moho/gcc-arm-none-eabi-10.3-2021.10-x86_64-linux/gcc-arm-none-eabi-10.3-2021.10/bin/../lib/gcc/arm-none-eabi/10.3.1/thumb/v8-m.main/nofp/libgcc.a(cmse_nonsecure_call.o)
                0x000000000000c758                __gnu_cmse_nonsecure_call
 *(SORT_BY_ALIGNMENT(.text.*))
 .text.char_out
                0x000000000000c790       0x10 zephyr/libzephyr.a(printk.c.obj)
 .text.__printk_hook_install
                0x000000000000c7a0        0xc zephyr/libzephyr.a(printk.c.obj)
                0x000000000000c7a0                __printk_hook_install
 .text.vprintk  0x000000000000c7ac       0x1c zephyr/libzephyr.a(printk.c.obj)
                0x000000000000c7ac                vprintk
 .text.cbvprintf
                0x000000000000c7c8      0x784 zephyr/libzephyr.a(cbprintf_complete.c.obj)
                0x000000000000c7c8                cbvprintf
 .text.sys_reboot
                0x000000000000cf4c       0x30 zephyr/libzephyr.a(reboot.c.obj)
                0x000000000000cf4c                sys_reboot
 .text.nordicsemi_nrf91_init
                0x000000000000cf7c       0x28 zephyr/libzephyr.a(soc.c.obj)
 .text.arch_busy_wait
                0x000000000000cfa4       0x14 zephyr/libzephyr.a(soc.c.obj)
                0x000000000000cfa4                arch_busy_wait
 .text.pm_state_set
                0x000000000000cfb8       0x1c zephyr/libzephyr.a(power.c.obj)
                0x000000000000cfb8                pm_state_set
 .text.pm_state_notify
                0x000000000000cfd4       0xa4 zephyr/libzephyr.a(pm.c.obj)
 .text.atomic_clear_bit.constprop.0
                0x000000000000d078       0x28 zephyr/libzephyr.a(pm.c.obj)
 .text.pm_system_resume
                0x000000000000d0a0       0x74 zephyr/libzephyr.a(pm.c.obj)
                0x000000000000d0a0                pm_system_resume
 .text.pm_system_suspend
                0x000000000000d114       0xe0 zephyr/libzephyr.a(pm.c.obj)
                0x000000000000d114                pm_system_suspend
 .text.pm_constraint_get
                0x000000000000d1f4       0x38 zephyr/libzephyr.a(constraint.c.obj)
                0x000000000000d1f4                pm_constraint_get
 .text.pm_state_cpu_get_all
                0x000000000000d22c       0x10 zephyr/libzephyr.a(state.c.obj)
                0x000000000000d22c                pm_state_cpu_get_all
 .text.pm_policy_next_state
                0x000000000000d23c       0x8c zephyr/libzephyr.a(residency.c.obj)
                0x000000000000d23c                pm_policy_next_state
 .text.adp536x_reg_read
                0x000000000000d2c8       0x3c zephyr/libzephyr.a(adp536x.c.obj)
 .text.adp536x_reg_write_mask
                0x000000000000d304       0x50 zephyr/libzephyr.a(adp536x.c.obj)
 .text.adp536x_init
                0x000000000000d354       0x1c zephyr/libzephyr.a(adp536x.c.obj)
                0x000000000000d354                adp536x_init
 .text.config_regions
                0x000000000000d370       0xc0 zephyr/libzephyr.a(spm.c.obj)
 .text.config_peripheral.constprop.0
                0x000000000000d430       0x5c zephyr/libzephyr.a(spm.c.obj)
 .text.spm_jump
                0x000000000000d48c       0x9c zephyr/libzephyr.a(spm.c.obj)
                0x000000000000d48c                spm_jump
 .text.spm_config
                0x000000000000d528      0x19c zephyr/libzephyr.a(spm.c.obj)
                0x000000000000d528                spm_config
 .text.spm_secure_services_init
                0x000000000000d6c4       0x10 zephyr/libzephyr.a(secure_services.c.obj)
                0x000000000000d6c4                spm_secure_services_init
 .text.spm_request_read_nse
                0x000000000000d6d4       0x74 zephyr/libzephyr.a(secure_services.c.obj)
                0x000000000000d6d4                __acle_se_spm_request_read_nse
 .text.spm_request_random_number_nse
                0x000000000000d748       0x48 zephyr/libzephyr.a(secure_services.c.obj)
                0x000000000000d748                __acle_se_spm_request_random_number_nse
 .text.spm_firmware_info_nse
                0x000000000000d790       0x88 zephyr/libzephyr.a(secure_services.c.obj)
                0x000000000000d790                __acle_se_spm_firmware_info_nse
 .text.nrf_cc3xx_platform_abort_init
                0x000000000000d818        0xc zephyr/libzephyr.a(nrf_cc3xx_platform_abort_zephyr.c.obj)
                0x000000000000d818                nrf_cc3xx_platform_abort_init
 .text.mutex_free_platform
                0x000000000000d824       0x48 zephyr/libzephyr.a(nrf_cc3xx_platform_mutex_zephyr.c.obj)
 .text.mutex_lock_platform
                0x000000000000d86c       0x50 zephyr/libzephyr.a(nrf_cc3xx_platform_mutex_zephyr.c.obj)
 .text.mutex_unlock_platform
                0x000000000000d8bc       0x44 zephyr/libzephyr.a(nrf_cc3xx_platform_mutex_zephyr.c.obj)
 .text.mutex_init_platform
                0x000000000000d900       0x70 zephyr/libzephyr.a(nrf_cc3xx_platform_mutex_zephyr.c.obj)
 .text.nrf_cc3xx_platform_mutex_init
                0x000000000000d970       0x2c zephyr/libzephyr.a(nrf_cc3xx_platform_mutex_zephyr.c.obj)
                0x000000000000d970                nrf_cc3xx_platform_mutex_init
 .text.z_arm_cpu_idle_init
                0x000000000000d99c        0xc zephyr/arch/arch/arm/core/aarch32/libarch__arm__core__aarch32.a(cpu_idle.S.obj)
                0x000000000000d99c                z_arm_cpu_idle_init
 .text.arch_cpu_idle
                0x000000000000d9a8       0x1c zephyr/arch/arch/arm/core/aarch32/libarch__arm__core__aarch32.a(cpu_idle.S.obj)
                0x000000000000d9a8                arch_cpu_idle
 .text.z_arm_fatal_error
                0x000000000000d9c4       0x5c zephyr/arch/arch/arm/core/aarch32/libarch__arm__core__aarch32.a(fatal.c.obj)
                0x000000000000d9c4                z_arm_fatal_error
 .text.arch_irq_enable
                0x000000000000da20       0x20 zephyr/arch/arch/arm/core/aarch32/libarch__arm__core__aarch32.a(irq_manage.c.obj)
                0x000000000000da20                arch_irq_enable
 .text.arch_irq_disable
                0x000000000000da40       0x28 zephyr/arch/arch/arm/core/aarch32/libarch__arm__core__aarch32.a(irq_manage.c.obj)
                0x000000000000da40                arch_irq_disable
 .text.arch_irq_is_enabled
                0x000000000000da68       0x1c zephyr/arch/arch/arm/core/aarch32/libarch__arm__core__aarch32.a(irq_manage.c.obj)
                0x000000000000da68                arch_irq_is_enabled
 .text.z_arm_irq_priority_set
                0x000000000000da84       0x4c zephyr/arch/arch/arm/core/aarch32/libarch__arm__core__aarch32.a(irq_manage.c.obj)
                0x000000000000da84                z_arm_irq_priority_set
 .text.z_SysNmiOnReset
                0x000000000000dad0        0x8 zephyr/arch/arch/arm/core/aarch32/libarch__arm__core__aarch32.a(nmi_on_reset.S.obj)
                0x000000000000dad0                z_SysNmiOnReset
 .text.z_arm_prep_c
                0x000000000000dad8       0x38 zephyr/arch/arch/arm/core/aarch32/libarch__arm__core__aarch32.a(prep_c.c.obj)
                0x000000000000dad8                z_arm_prep_c
 .text.arch_swap
                0x000000000000db10       0x34 zephyr/arch/arch/arm/core/aarch32/libarch__arm__core__aarch32.a(swap.c.obj)
                0x000000000000db10                arch_swap
 .text.z_arm_pendsv
                0x000000000000db44       0x58 zephyr/arch/arch/arm/core/aarch32/libarch__arm__core__aarch32.a(swap_helper.S.obj)
                0x000000000000db44                z_arm_pendsv
 .text.z_arm_svc
                0x000000000000db9c       0x20 zephyr/arch/arch/arm/core/aarch32/libarch__arm__core__aarch32.a(swap_helper.S.obj)
                0x000000000000db9c                z_arm_svc
 .text.arch_new_thread
                0x000000000000dbbc       0x38 zephyr/arch/arch/arm/core/aarch32/libarch__arm__core__aarch32.a(thread.c.obj)
                0x000000000000dbbc                arch_new_thread
 .text.arch_switch_to_main_thread
                0x000000000000dbf4       0x28 zephyr/arch/arch/arm/core/aarch32/libarch__arm__core__aarch32.a(thread.c.obj)
                0x000000000000dbf4                arch_switch_to_main_thread
 .text._isr_wrapper
                0x000000000000dc1c       0x40 zephyr/arch/arch/arm/core/aarch32/libarch__arm__core__aarch32.a(isr_wrapper.S.obj)
                0x000000000000dc1c                _isr_wrapper
 .text._HandlerModeExit
                0x000000000000dc5c       0x1c zephyr/arch/arch/arm/core/aarch32/cortex_m/libarch__arm__core__aarch32__cortex_m.a(exc_exit.S.obj)
                0x000000000000dc5c                z_arm_exc_exit
                0x000000000000dc5c                z_arm_int_exit
 .text.secure_fault.constprop.0
                0x000000000000dc78       0xbc zephyr/arch/arch/arm/core/aarch32/cortex_m/libarch__arm__core__aarch32__cortex_m.a(fault.c.obj)
 .text.usage_fault.constprop.0
                0x000000000000dd34       0xac zephyr/arch/arch/arm/core/aarch32/cortex_m/libarch__arm__core__aarch32__cortex_m.a(fault.c.obj)
 .text.bus_fault.constprop.0
                0x000000000000dde0       0xb4 zephyr/arch/arch/arm/core/aarch32/cortex_m/libarch__arm__core__aarch32__cortex_m.a(fault.c.obj)
 .text.mem_manage_fault.constprop.0
                0x000000000000de94       0xd8 zephyr/arch/arch/arm/core/aarch32/cortex_m/libarch__arm__core__aarch32__cortex_m.a(fault.c.obj)
 .text.z_arm_fault
                0x000000000000df6c      0x220 zephyr/arch/arch/arm/core/aarch32/cortex_m/libarch__arm__core__aarch32__cortex_m.a(fault.c.obj)
                0x000000000000df6c                z_arm_fault
 .text.z_arm_fault_init
                0x000000000000e18c       0x18 zephyr/arch/arch/arm/core/aarch32/cortex_m/libarch__arm__core__aarch32__cortex_m.a(fault.c.obj)
                0x000000000000e18c                z_arm_fault_init
 .text.__fault  0x000000000000e1a4       0x14 zephyr/arch/arch/arm/core/aarch32/cortex_m/libarch__arm__core__aarch32__cortex_m.a(fault_s.S.obj)
                0x000000000000e1a4                z_arm_secure_fault
                0x000000000000e1a4                z_arm_bus_fault
                0x000000000000e1a4                z_arm_usage_fault
                0x000000000000e1a4                z_arm_mpu_fault
                0x000000000000e1a4                z_arm_exc_spurious
                0x000000000000e1a4                z_arm_debug_monitor
                0x000000000000e1a4                z_arm_hard_fault
 .text.z_arm_interrupt_init
                0x000000000000e1b8       0x18 zephyr/arch/arch/arm/core/aarch32/cortex_m/libarch__arm__core__aarch32__cortex_m.a(irq_init.c.obj)
                0x000000000000e1b8                z_arm_interrupt_init
 .text._reset_section
                0x000000000000e1d0       0x60 zephyr/arch/arch/arm/core/aarch32/cortex_m/libarch__arm__core__aarch32__cortex_m.a(reset.S.obj)
                0x000000000000e1d0                z_arm_reset
                0x000000000000e1d0                __start
 .text.sys_arch_reboot
                0x000000000000e230       0x24 zephyr/arch/arch/arm/core/aarch32/cortex_m/libarch__arm__core__aarch32__cortex_m.a(scb.c.obj)
                0x000000000000e230                sys_arch_reboot
 .text.z_arm_clear_arm_mpu_config
                0x000000000000e254       0x24 zephyr/arch/arch/arm/core/aarch32/cortex_m/libarch__arm__core__aarch32__cortex_m.a(scb.c.obj)
                0x000000000000e254                z_arm_clear_arm_mpu_config
 .text.z_arm_init_arch_hw_at_boot
                0x000000000000e278       0x48 zephyr/arch/arch/arm/core/aarch32/cortex_m/libarch__arm__core__aarch32__cortex_m.a(scb.c.obj)
                0x000000000000e278                z_arm_init_arch_hw_at_boot
 .text.z_impl_k_thread_abort
                0x000000000000e2c0       0x24 zephyr/arch/arch/arm/core/aarch32/cortex_m/libarch__arm__core__aarch32__cortex_m.a(thread_abort.c.obj)
                0x000000000000e2c0                z_impl_k_thread_abort
 .text.tz_nonsecure_state_setup
                0x000000000000e2e4       0x3c zephyr/arch/arch/arm/core/aarch32/cortex_m/tz/libarch__arm__core__aarch32__cortex_m__tz.a(arm_core_tz.c.obj)
                0x000000000000e2e4                tz_nonsecure_state_setup
 .text.tz_nbanked_exception_target_state_set
                0x000000000000e320       0x28 zephyr/arch/arch/arm/core/aarch32/cortex_m/tz/libarch__arm__core__aarch32__cortex_m__tz.a(arm_core_tz.c.obj)
                0x000000000000e320                tz_nbanked_exception_target_state_set
 .text.tz_nonsecure_exception_prio_config
                0x000000000000e348       0x28 zephyr/arch/arch/arm/core/aarch32/cortex_m/tz/libarch__arm__core__aarch32__cortex_m__tz.a(arm_core_tz.c.obj)
                0x000000000000e348                tz_nonsecure_exception_prio_config
 .text.tz_nonsecure_system_reset_req_block
                0x000000000000e370       0x28 zephyr/arch/arch/arm/core/aarch32/cortex_m/tz/libarch__arm__core__aarch32__cortex_m__tz.a(arm_core_tz.c.obj)
                0x000000000000e370                tz_nonsecure_system_reset_req_block
 .text.tz_nonsecure_fpu_access_enable
                0x000000000000e398       0x14 zephyr/arch/arch/arm/core/aarch32/cortex_m/tz/libarch__arm__core__aarch32__cortex_m__tz.a(arm_core_tz.c.obj)
                0x000000000000e398                tz_nonsecure_fpu_access_enable
 .text.tz_sau_configure
                0x000000000000e3ac       0x30 zephyr/arch/arch/arm/core/aarch32/cortex_m/tz/libarch__arm__core__aarch32__cortex_m__tz.a(arm_core_tz.c.obj)
                0x000000000000e3ac                tz_sau_configure
 .text.z_arm_configure_static_mpu_regions
                0x000000000000e3dc       0x38 zephyr/arch/arch/arm/core/aarch32/mpu/libarch__arm__core__aarch32__mpu.a(arm_core_mpu.c.obj)
                0x000000000000e3dc                z_arm_configure_static_mpu_regions
 .text.region_init
                0x000000000000e414       0x34 zephyr/arch/arch/arm/core/aarch32/mpu/libarch__arm__core__aarch32__mpu.a(arm_mpu.c.obj)
 .text.mpu_configure_region
                0x000000000000e448       0x50 zephyr/arch/arch/arm/core/aarch32/mpu/libarch__arm__core__aarch32__mpu.a(arm_mpu.c.obj)
 .text.mpu_configure_regions_and_partition.constprop.0
                0x000000000000e498      0x180 zephyr/arch/arch/arm/core/aarch32/mpu/libarch__arm__core__aarch32__mpu.a(arm_mpu.c.obj)
 .text.arm_core_mpu_enable
                0x000000000000e618       0x18 zephyr/arch/arch/arm/core/aarch32/mpu/libarch__arm__core__aarch32__mpu.a(arm_mpu.c.obj)
                0x000000000000e618                arm_core_mpu_enable
 .text.arm_core_mpu_disable
                0x000000000000e630       0x14 zephyr/arch/arch/arm/core/aarch32/mpu/libarch__arm__core__aarch32__mpu.a(arm_mpu.c.obj)
                0x000000000000e630                arm_core_mpu_disable
 .text.arm_core_mpu_configure_static_mpu_regions
                0x000000000000e644       0x38 zephyr/arch/arch/arm/core/aarch32/mpu/libarch__arm__core__aarch32__mpu.a(arm_mpu.c.obj)
                0x000000000000e644                arm_core_mpu_configure_static_mpu_regions
 .text.arm_core_mpu_mark_areas_for_dynamic_regions
                0x000000000000e67c       0xdc zephyr/arch/arch/arm/core/aarch32/mpu/libarch__arm__core__aarch32__mpu.a(arm_mpu.c.obj)
                0x000000000000e67c                arm_core_mpu_mark_areas_for_dynamic_regions
 .text.z_arm_mpu_init
                0x000000000000e758       0x90 zephyr/arch/arch/arm/core/aarch32/mpu/libarch__arm__core__aarch32__mpu.a(arm_mpu.c.obj)
                0x000000000000e758                z_arm_mpu_init
 .text.__stdout_hook_install
                0x000000000000e7e8        0xc zephyr/lib/libc/minimal/liblib__libc__minimal.a(stdout_console.c.obj)
                0x000000000000e7e8                __stdout_hook_install
 .text.thingy91_board_init
                0x000000000000e7f4       0xd4 zephyr/boards/boards/arm/thingy91_nrf9160/lib..__nrf__boards__arm__thingy91_nrf9160.a(board_secure.c.obj)
 .text.onoff_start
                0x000000000000e8c8       0x3c zephyr/drivers/clock_control/libdrivers__clock_control.a(clock_control_nrf.c.obj)
 .text.get_status
                0x000000000000e904       0x34 zephyr/drivers/clock_control/libdrivers__clock_control.a(clock_control_nrf.c.obj)
 .text.stop     0x000000000000e938       0x78 zephyr/drivers/clock_control/libdrivers__clock_control.a(clock_control_nrf.c.obj)
 .text.onoff_stop
                0x000000000000e9b0       0x28 zephyr/drivers/clock_control/libdrivers__clock_control.a(clock_control_nrf.c.obj)
 .text.clk_init
                0x000000000000e9d8       0x60 zephyr/drivers/clock_control/libdrivers__clock_control.a(clock_control_nrf.c.obj)
 .text.clkstarted_handle.constprop.0
                0x000000000000ea38       0x34 zephyr/drivers/clock_control/libdrivers__clock_control.a(clock_control_nrf.c.obj)
 .text.clock_event_handler
                0x000000000000ea6c       0x58 zephyr/drivers/clock_control/libdrivers__clock_control.a(clock_control_nrf.c.obj)
 .text.generic_hfclk_start
                0x000000000000eac4       0x64 zephyr/drivers/clock_control/libdrivers__clock_control.a(clock_control_nrf.c.obj)
 .text.api_blocking_start
                0x000000000000eb28       0x34 zephyr/drivers/clock_control/libdrivers__clock_control.a(clock_control_nrf.c.obj)
 .text.generic_hfclk_stop
                0x000000000000eb5c       0x24 zephyr/drivers/clock_control/libdrivers__clock_control.a(clock_control_nrf.c.obj)
 .text.uart_console_init
                0x000000000000eb80       0x30 zephyr/drivers/console/libdrivers__console.a(uart_console.c.obj)
 .text.console_out
                0x000000000000ebb0       0x28 zephyr/drivers/console/libdrivers__console.a(uart_console.c.obj)
 .text.i2c_nrfx_twim_recover_bus
                0x000000000000ebd8       0x20 zephyr/drivers/i2c/libdrivers__i2c.a(i2c_nrfx_twim.c.obj)
 .text.init_twim
                0x000000000000ebf8       0x40 zephyr/drivers/i2c/libdrivers__i2c.a(i2c_nrfx_twim.c.obj)
 .text.i2c_nrfx_twim_configure
                0x000000000000ec38       0x5c zephyr/drivers/i2c/libdrivers__i2c.a(i2c_nrfx_twim.c.obj)
 .text.event_handler
                0x000000000000ec94       0x34 zephyr/drivers/i2c/libdrivers__i2c.a(i2c_nrfx_twim.c.obj)
 .text.i2c_nrfx_twim_transfer
                0x000000000000ecc8      0x208 zephyr/drivers/i2c/libdrivers__i2c.a(i2c_nrfx_twim.c.obj)
 .text.nrf_gpio_pin_port_decode
                0x000000000000eed0       0x64 zephyr/drivers/serial/libdrivers__serial.a(uart_nrfx_uarte.c.obj)
 .text.uarte_nrfx_configure
                0x000000000000ef34      0x164 zephyr/drivers/serial/libdrivers__serial.a(uart_nrfx_uarte.c.obj)
 .text.uarte_nrfx_poll_out
                0x000000000000f098       0xc4 zephyr/drivers/serial/libdrivers__serial.a(uart_nrfx_uarte.c.obj)
 .text.entropy_cc3xx_rng_get_entropy
                0x000000000000f15c       0x74 zephyr/drivers/entropy/libdrivers__entropy.a(entropy_cc3xx.c.obj)
 .text.elapsed  0x000000000000f1d0       0x3c zephyr/drivers/timer/libdrivers__timer.a(cortex_m_systick.c.obj)
 .text.sys_clock_driver_init
                0x000000000000f20c       0x30 zephyr/drivers/timer/libdrivers__timer.a(cortex_m_systick.c.obj)
 .text.sys_clock_isr
                0x000000000000f23c       0x38 zephyr/drivers/timer/libdrivers__timer.a(cortex_m_systick.c.obj)
                0x000000000000f23c                sys_clock_isr
 .text.sys_clock_set_timeout
                0x000000000000f274      0x10c zephyr/drivers/timer/libdrivers__timer.a(cortex_m_systick.c.obj)
                0x000000000000f274                sys_clock_set_timeout
 .text.sys_clock_elapsed
                0x000000000000f380       0x7c zephyr/drivers/timer/libdrivers__timer.a(cortex_m_systick.c.obj)
                0x000000000000f380                sys_clock_elapsed
 .text.sys_clock_idle_exit
                0x000000000000f3fc       0x1c zephyr/drivers/timer/libdrivers__timer.a(cortex_m_systick.c.obj)
                0x000000000000f3fc                sys_clock_idle_exit
 .text.k_sys_fatal_error_handler
                0x000000000000f418       0x14 modules/nrf/lib/fatal_error/lib..__nrf__lib__fatal_error.a(fatal_error.c.obj)
                0x000000000000f418                k_sys_fatal_error_handler
 .text.check_ext_api_requests
                0x000000000000f42c       0x9c modules/nrf/subsys/fw_info/lib..__nrf__subsys__fw_info.a(fw_info.c.obj)
 .text.SystemInit
                0x000000000000f4c8      0x190 modules/hal_nordic/nrfx/libmodules__hal_nordic__nrfx.a(system_nrf9160.c.obj)
                0x000000000000f4c8                SystemInit
 .text.nrfx_clock_init
                0x000000000000f658       0x40 modules/hal_nordic/nrfx/libmodules__hal_nordic__nrfx.a(nrfx_clock.c.obj)
                0x000000000000f658                nrfx_clock_init
 .text.nrfx_clock_enable
                0x000000000000f698       0x3c modules/hal_nordic/nrfx/libmodules__hal_nordic__nrfx.a(nrfx_clock.c.obj)
                0x000000000000f698                nrfx_clock_enable
 .text.nrfx_clock_start
                0x000000000000f6d4       0xa4 modules/hal_nordic/nrfx/libmodules__hal_nordic__nrfx.a(nrfx_clock.c.obj)
                0x000000000000f6d4                nrfx_clock_start
 .text.nrfx_clock_stop
                0x000000000000f778       0xb0 modules/hal_nordic/nrfx/libmodules__hal_nordic__nrfx.a(nrfx_clock.c.obj)
                0x000000000000f778                nrfx_clock_stop
 .text.nrfx_power_clock_irq_handler
                0x000000000000f828       0x68 modules/hal_nordic/nrfx/libmodules__hal_nordic__nrfx.a(nrfx_clock.c.obj)
                0x000000000000f828                nrfx_power_clock_irq_handler
 .text.nrf_gpio_pin_port_decode
                0x000000000000f890       0x64 modules/hal_nordic/nrfx/libmodules__hal_nordic__nrfx.a(nrfx_twim.c.obj)
 .text.nrfx_twim_init
                0x000000000000f8f4       0xe0 modules/hal_nordic/nrfx/libmodules__hal_nordic__nrfx.a(nrfx_twim.c.obj)
                0x000000000000f8f4                nrfx_twim_init
 .text.nrfx_twim_enable
                0x000000000000f9d4       0x50 modules/hal_nordic/nrfx/libmodules__hal_nordic__nrfx.a(nrfx_twim.c.obj)
                0x000000000000f9d4                nrfx_twim_enable
 .text.nrfx_twim_disable
                0x000000000000fa24       0x68 modules/hal_nordic/nrfx/libmodules__hal_nordic__nrfx.a(nrfx_twim.c.obj)
                0x000000000000fa24                nrfx_twim_disable
 .text.nrfx_twim_uninit
                0x000000000000fa8c       0xa0 modules/hal_nordic/nrfx/libmodules__hal_nordic__nrfx.a(nrfx_twim.c.obj)
                0x000000000000fa8c                nrfx_twim_uninit
 .text.nrfx_twim_xfer
                0x000000000000fb2c      0x3d0 modules/hal_nordic/nrfx/libmodules__hal_nordic__nrfx.a(nrfx_twim.c.obj)
                0x000000000000fb2c                nrfx_twim_xfer
 .text.nrfx_twim_2_irq_handler
                0x000000000000fefc      0x1a4 modules/hal_nordic/nrfx/libmodules__hal_nordic__nrfx.a(nrfx_twim.c.obj)
                0x000000000000fefc                nrfx_twim_2_irq_handler
 .text.nrf_gpio_pin_port_decode
                0x00000000000100a0       0x64 modules/hal_nordic/nrfx/libmodules__hal_nordic__nrfx.a(nrfx_twi_twim.c.obj)
 .text.nrfx_twi_twim_bus_recover
                0x0000000000010104       0xbc modules/hal_nordic/nrfx/libmodules__hal_nordic__nrfx.a(nrfx_twi_twim.c.obj)
                0x0000000000010104                nrfx_twi_twim_bus_recover
 .text.z_sys_init_run_level
                0x00000000000101c0       0x40 zephyr/kernel/libkernel.a(device.c.obj)
                0x00000000000101c0                z_sys_init_run_level
 .text.z_impl_device_get_binding
                0x0000000000010200       0x54 zephyr/kernel/libkernel.a(device.c.obj)
                0x0000000000010200                z_impl_device_get_binding
 .text.z_fatal_error
                0x0000000000010254       0xb8 zephyr/kernel/libkernel.a(fatal.c.obj)
                0x0000000000010254                z_fatal_error
 .text.bg_thread_main
                0x000000000001030c       0x34 zephyr/kernel/libkernel.a(init.c.obj)
 .text.z_bss_zero
                0x0000000000010340       0x18 zephyr/kernel/libkernel.a(init.c.obj)
                0x0000000000010340                z_bss_zero
 .text.z_init_cpu
                0x0000000000010358       0x68 zephyr/kernel/libkernel.a(init.c.obj)
                0x0000000000010358                z_init_cpu
 .text.z_cstart
                0x00000000000103c0       0xec zephyr/kernel/libkernel.a(init.c.obj)
                0x00000000000103c0                z_cstart
 .text.init_mem_slab_module
                0x00000000000104ac       0x64 zephyr/kernel/libkernel.a(mem_slab.c.obj)
 .text.k_mem_slab_alloc
                0x0000000000010510       0xb4 zephyr/kernel/libkernel.a(mem_slab.c.obj)
                0x0000000000010510                k_mem_slab_alloc
 .text.k_mem_slab_free
                0x00000000000105c4       0xa4 zephyr/kernel/libkernel.a(mem_slab.c.obj)
                0x00000000000105c4                k_mem_slab_free
 .text.z_setup_new_thread
                0x0000000000010668       0xa8 zephyr/kernel/libkernel.a(thread.c.obj)
                0x0000000000010668                z_setup_new_thread
 .text.z_init_static_threads
                0x0000000000010710       0xf8 zephyr/kernel/libkernel.a(thread.c.obj)
                0x0000000000010710                z_init_static_threads
 .text.z_spin_lock_valid
                0x0000000000010808       0x1c zephyr/kernel/libkernel.a(thread.c.obj)
                0x0000000000010808                z_spin_lock_valid
 .text.z_spin_unlock_valid
                0x0000000000010824       0x1c zephyr/kernel/libkernel.a(thread.c.obj)
                0x0000000000010824                z_spin_unlock_valid
 .text.z_spin_lock_set_owner
                0x0000000000010840       0x10 zephyr/kernel/libkernel.a(thread.c.obj)
                0x0000000000010840                z_spin_lock_set_owner
 .text.idle     0x0000000000010850       0x5c zephyr/kernel/libkernel.a(idle.c.obj)
                0x0000000000010850                idle
 .text.z_impl_k_mutex_lock
                0x00000000000108ac      0x1a4 zephyr/kernel/libkernel.a(mutex.c.obj)
                0x00000000000108ac                z_impl_k_mutex_lock
 .text.z_impl_k_mutex_unlock
                0x0000000000010a50      0x130 zephyr/kernel/libkernel.a(mutex.c.obj)
                0x0000000000010a50                z_impl_k_mutex_unlock
 .text.z_impl_k_sem_give
                0x0000000000010b80       0x6c zephyr/kernel/libkernel.a(sem.c.obj)
                0x0000000000010b80                z_impl_k_sem_give
 .text.z_impl_k_sem_take
                0x0000000000010bec       0xd4 zephyr/kernel/libkernel.a(sem.c.obj)
                0x0000000000010bec                z_impl_k_sem_take
 .text.z_reset_time_slice
                0x0000000000010cc0       0x2c zephyr/kernel/libkernel.a(sched.c.obj)
                0x0000000000010cc0                z_reset_time_slice
 .text.k_sched_time_slice_set
                0x0000000000010cec       0xa8 zephyr/kernel/libkernel.a(sched.c.obj)
                0x0000000000010cec                k_sched_time_slice_set
 .text.z_reschedule
                0x0000000000010d94       0x6c zephyr/kernel/libkernel.a(sched.c.obj)
                0x0000000000010d94                z_reschedule
 .text.k_sched_lock
                0x0000000000010e00       0xa8 zephyr/kernel/libkernel.a(sched.c.obj)
                0x0000000000010e00                k_sched_lock
 .text.z_priq_dumb_remove
                0x0000000000010ea8       0x3c zephyr/kernel/libkernel.a(sched.c.obj)
                0x0000000000010ea8                z_priq_dumb_remove
 .text.unpend_thread_no_timeout
                0x0000000000010ee4       0x3c zephyr/kernel/libkernel.a(sched.c.obj)
 .text.update_cache
                0x0000000000010f20       0x60 zephyr/kernel/libkernel.a(sched.c.obj)
 .text.move_thread_to_end_of_prio_q
                0x0000000000010f80       0xa0 zephyr/kernel/libkernel.a(sched.c.obj)
 .text.z_time_slice
                0x0000000000011020       0xc8 zephyr/kernel/libkernel.a(sched.c.obj)
                0x0000000000011020                z_time_slice
 .text.ready_thread
                0x00000000000110e8       0x94 zephyr/kernel/libkernel.a(sched.c.obj)
 .text.z_ready_thread
                0x000000000001117c       0x6c zephyr/kernel/libkernel.a(sched.c.obj)
                0x000000000001117c                z_ready_thread
 .text.z_sched_start
                0x00000000000111e8       0x84 zephyr/kernel/libkernel.a(sched.c.obj)
                0x00000000000111e8                z_sched_start
 .text.z_thread_timeout
                0x000000000001126c       0x90 zephyr/kernel/libkernel.a(sched.c.obj)
                0x000000000001126c                z_thread_timeout
 .text.unready_thread
                0x00000000000112fc       0x38 zephyr/kernel/libkernel.a(sched.c.obj)
 .text.add_to_waitq_locked
                0x0000000000011334       0x78 zephyr/kernel/libkernel.a(sched.c.obj)
 .text.pend     0x00000000000113ac       0x98 zephyr/kernel/libkernel.a(sched.c.obj)
 .text.z_pend_curr
                0x0000000000011444       0x4c zephyr/kernel/libkernel.a(sched.c.obj)
                0x0000000000011444                z_pend_curr
 .text.z_set_prio
                0x0000000000011490      0x104 zephyr/kernel/libkernel.a(sched.c.obj)
                0x0000000000011490                z_set_prio
 .text.z_impl_k_thread_suspend
                0x0000000000011594       0xb0 zephyr/kernel/libkernel.a(sched.c.obj)
                0x0000000000011594                z_impl_k_thread_suspend
 .text.k_sched_unlock
                0x0000000000011644       0xb8 zephyr/kernel/libkernel.a(sched.c.obj)
                0x0000000000011644                k_sched_unlock
 .text.z_unpend_first_thread
                0x00000000000116fc       0x7c zephyr/kernel/libkernel.a(sched.c.obj)
                0x00000000000116fc                z_unpend_first_thread
 .text.z_sched_init
                0x0000000000011778       0x18 zephyr/kernel/libkernel.a(sched.c.obj)
                0x0000000000011778                z_sched_init
 .text.z_impl_k_yield
                0x0000000000011790      0x108 zephyr/kernel/libkernel.a(sched.c.obj)
                0x0000000000011790                z_impl_k_yield
 .text.z_tick_sleep
                0x0000000000011898      0x114 zephyr/kernel/libkernel.a(sched.c.obj)
 .text.z_impl_k_sleep
                0x00000000000119ac       0x60 zephyr/kernel/libkernel.a(sched.c.obj)
                0x00000000000119ac                z_impl_k_sleep
 .text.z_impl_z_current_get
                0x0000000000011a0c        0xc zephyr/kernel/libkernel.a(sched.c.obj)
                0x0000000000011a0c                z_impl_z_current_get
 .text.z_thread_abort
                0x0000000000011a18      0x128 zephyr/kernel/libkernel.a(sched.c.obj)
                0x0000000000011a18                z_thread_abort
 .text.z_data_copy
                0x0000000000011b40       0x34 zephyr/kernel/libkernel.a(xip.c.obj)
                0x0000000000011b40                z_data_copy
 .text.elapsed  0x0000000000011b74       0x14 zephyr/kernel/libkernel.a(timeout.c.obj)
 .text.next_timeout
                0x0000000000011b88       0x4c zephyr/kernel/libkernel.a(timeout.c.obj)
 .text.remove_timeout
                0x0000000000011bd4       0x34 zephyr/kernel/libkernel.a(timeout.c.obj)
 .text.z_add_timeout
                0x0000000000011c08      0x15c zephyr/kernel/libkernel.a(timeout.c.obj)
                0x0000000000011c08                z_add_timeout
 .text.z_abort_timeout
                0x0000000000011d64       0x78 zephyr/kernel/libkernel.a(timeout.c.obj)
                0x0000000000011d64                z_abort_timeout
 .text.z_get_next_timeout_expiry
                0x0000000000011ddc       0x6c zephyr/kernel/libkernel.a(timeout.c.obj)
                0x0000000000011ddc                z_get_next_timeout_expiry
 .text.z_set_timeout_expiry
                0x0000000000011e48       0x7c zephyr/kernel/libkernel.a(timeout.c.obj)
                0x0000000000011e48                z_set_timeout_expiry
 .text.sys_clock_announce
                0x0000000000011ec4      0x13c zephyr/kernel/libkernel.a(timeout.c.obj)
                0x0000000000011ec4                sys_clock_announce
 .text.sys_clock_tick_get
                0x0000000000012000       0x7c zephyr/kernel/libkernel.a(timeout.c.obj)
                0x0000000000012000                sys_clock_tick_get
 .text.boot_banner
                0x000000000001207c       0x18 zephyr/kernel/libkernel.a(banner.c.obj)
                0x000000000001207c                boot_banner
 .text.nrf_cc3xx_platform_init
                0x0000000000012094       0x44 /home/moho/ncs/nrfxlib/crypto/nrf_cc310_platform/lib/cortex-m33/soft-float/no-interrupts/libnrf_cc310_platform_0.9.13.a(nrf_cc3xx_platform.c.obj)
                0x0000000000012094                nrf_cc3xx_platform_init
 .text.nrf_cc3xx_platform_abort
                0x00000000000120d8       0x24 /home/moho/ncs/nrfxlib/crypto/nrf_cc310_platform/lib/cortex-m33/soft-float/no-interrupts/libnrf_cc310_platform_0.9.13.a(nrf_cc3xx_platform_abort.c.obj)
 .text.CC_PalAbort
                0x00000000000120fc       0x38 /home/moho/ncs/nrfxlib/crypto/nrf_cc310_platform/lib/cortex-m33/soft-float/no-interrupts/libnrf_cc310_platform_0.9.13.a(nrf_cc3xx_platform_abort.c.obj)
                0x00000000000120fc                CC_PalAbort
 .text.nrf_cc3xx_platform_set_abort
                0x0000000000012134       0x10 /home/moho/ncs/nrfxlib/crypto/nrf_cc310_platform/lib/cortex-m33/soft-float/no-interrupts/libnrf_cc310_platform_0.9.13.a(nrf_cc3xx_platform_abort.c.obj)
                0x0000000000012134                nrf_cc3xx_platform_set_abort
 .text.nrf_cc3xx_platform_ctr_drbg_init
                0x0000000000012144       0x68 /home/moho/ncs/nrfxlib/crypto/nrf_cc310_platform/lib/cortex-m33/soft-float/no-interrupts/libnrf_cc310_platform_0.9.13.a(nrf_cc3xx_platform_ctr_drbg.c.obj)
                0x0000000000012144                nrf_cc3xx_platform_ctr_drbg_init
 .text.nrf_cc3xx_platform_ctr_drbg_get
                0x00000000000121ac       0x44 /home/moho/ncs/nrfxlib/crypto/nrf_cc310_platform/lib/cortex-m33/soft-float/no-interrupts/libnrf_cc310_platform_0.9.13.a(nrf_cc3xx_platform_ctr_drbg.c.obj)
                0x00000000000121ac                nrf_cc3xx_platform_ctr_drbg_get
 .text.mutex_free
                0x00000000000121f0       0x28 /home/moho/ncs/nrfxlib/crypto/nrf_cc310_platform/lib/cortex-m33/soft-float/no-interrupts/libnrf_cc310_platform_0.9.13.a(nrf_cc3xx_platform_mutex.c.obj)
 .text.mutex_unlock
                0x0000000000012218       0x2c /home/moho/ncs/nrfxlib/crypto/nrf_cc310_platform/lib/cortex-m33/soft-float/no-interrupts/libnrf_cc310_platform_0.9.13.a(nrf_cc3xx_platform_mutex.c.obj)
 .text.mutex_init
                0x0000000000012244       0x1c /home/moho/ncs/nrfxlib/crypto/nrf_cc310_platform/lib/cortex-m33/soft-float/no-interrupts/libnrf_cc310_platform_0.9.13.a(nrf_cc3xx_platform_mutex.c.obj)
 .text.mutex_lock
                0x0000000000012260       0x3c /home/moho/ncs/nrfxlib/crypto/nrf_cc310_platform/lib/cortex-m33/soft-float/no-interrupts/libnrf_cc310_platform_0.9.13.a(nrf_cc3xx_platform_mutex.c.obj)
 .text.nrf_cc3xx_platform_set_mutexes
                0x000000000001229c       0x64 /home/moho/ncs/nrfxlib/crypto/nrf_cc310_platform/lib/cortex-m33/soft-float/no-interrupts/libnrf_cc310_platform_0.9.13.a(nrf_cc3xx_platform_mutex.c.obj)
                0x000000000001229c                nrf_cc3xx_platform_set_mutexes
 .text.mbedtls_zeroize_internal
                0x0000000000012300       0x14 /home/moho/ncs/nrfxlib/crypto/nrf_cc310_platform/lib/cortex-m33/soft-float/no-interrupts/libnrf_cc310_platform_0.9.13.a(mbedtls_common.c.obj)
                0x0000000000012300                mbedtls_zeroize_internal
 .text.mbedtls_platform_zeroize
                0x0000000000012314       0x14 /home/moho/ncs/nrfxlib/crypto/nrf_cc310_platform/lib/cortex-m33/soft-float/no-interrupts/libnrf_cc310_platform_0.9.13.a(mbedtls_common.c.obj)
                0x0000000000012314                mbedtls_platform_zeroize
 .text.block_cipher_df
                0x0000000000012328      0x280 /home/moho/ncs/nrfxlib/crypto/nrf_cc310_platform/lib/cortex-m33/soft-float/no-interrupts/libnrf_cc310_platform_0.9.13.a(ctr_drbg.c.obj)
 .text.ctr_drbg_update_internal
                0x00000000000125a8      0x148 /home/moho/ncs/nrfxlib/crypto/nrf_cc310_platform/lib/cortex-m33/soft-float/no-interrupts/libnrf_cc310_platform_0.9.13.a(ctr_drbg.c.obj)
 .text.mbedtls_ctr_drbg_reseed_internal
                0x00000000000126f0       0xc8 /home/moho/ncs/nrfxlib/crypto/nrf_cc310_platform/lib/cortex-m33/soft-float/no-interrupts/libnrf_cc310_platform_0.9.13.a(ctr_drbg.c.obj)
 .text.cc_mbedtls_ctr_drbg_init
                0x00000000000127b8       0x2c /home/moho/ncs/nrfxlib/crypto/nrf_cc310_platform/lib/cortex-m33/soft-float/no-interrupts/libnrf_cc310_platform_0.9.13.a(ctr_drbg.c.obj)
                0x00000000000127b8                cc_mbedtls_ctr_drbg_init
 .text.cc_mbedtls_ctr_drbg_seed
                0x00000000000127e4       0x9c /home/moho/ncs/nrfxlib/crypto/nrf_cc310_platform/lib/cortex-m33/soft-float/no-interrupts/libnrf_cc310_platform_0.9.13.a(ctr_drbg.c.obj)
                0x00000000000127e4                cc_mbedtls_ctr_drbg_seed
 .text.cc_mbedtls_ctr_drbg_random_with_add
                0x0000000000012880      0x1e8 /home/moho/ncs/nrfxlib/crypto/nrf_cc310_platform/lib/cortex-m33/soft-float/no-interrupts/libnrf_cc310_platform_0.9.13.a(ctr_drbg.c.obj)
                0x0000000000012880                cc_mbedtls_ctr_drbg_random_with_add
 .text.entropy_update
                0x0000000000012a68       0x7c /home/moho/ncs/nrfxlib/crypto/nrf_cc310_platform/lib/cortex-m33/soft-float/no-interrupts/libnrf_cc310_platform_0.9.13.a(entropy.c.obj)
 .text.entropy_gather_internal.part.0
                0x0000000000012ae4       0x78 /home/moho/ncs/nrfxlib/crypto/nrf_cc310_platform/lib/cortex-m33/soft-float/no-interrupts/libnrf_cc310_platform_0.9.13.a(entropy.c.obj)
 .text.cc_mbedtls_entropy_init
                0x0000000000012b5c       0x80 /home/moho/ncs/nrfxlib/crypto/nrf_cc310_platform/lib/cortex-m33/soft-float/no-interrupts/libnrf_cc310_platform_0.9.13.a(entropy.c.obj)
                0x0000000000012b5c                cc_mbedtls_entropy_init
 .text.cc_mbedtls_entropy_func
                0x0000000000012bdc      0x10c /home/moho/ncs/nrfxlib/crypto/nrf_cc310_platform/lib/cortex-m33/soft-float/no-interrupts/libnrf_cc310_platform_0.9.13.a(entropy.c.obj)
                0x0000000000012bdc                cc_mbedtls_entropy_func
 .text.RndStartupTest.constprop.0
                0x0000000000012ce8       0xa4 /home/moho/ncs/nrfxlib/crypto/nrf_cc310_platform/lib/cortex-m33/soft-float/no-interrupts/libnrf_cc310_platform_0.9.13.a(cc_lib.c.obj)
 .text.CC_LibInit
                0x0000000000012d8c       0xb0 /home/moho/ncs/nrfxlib/crypto/nrf_cc310_platform/lib/cortex-m33/soft-float/no-interrupts/libnrf_cc310_platform_0.9.13.a(cc_lib.c.obj)
                0x0000000000012d8c                CC_LibInit
 .text.CC_HalInit
                0x0000000000012e3c        0x4 /home/moho/ncs/nrfxlib/crypto/nrf_cc310_platform/lib/cortex-m33/soft-float/no-interrupts/libnrf_cc310_platform_0.9.13.a(cc_hal.c.obj)
                0x0000000000012e3c                CC_HalInit
 .text.CC_HalTerminate
                0x0000000000012e40        0x4 /home/moho/ncs/nrfxlib/crypto/nrf_cc310_platform/lib/cortex-m33/soft-float/no-interrupts/libnrf_cc310_platform_0.9.13.a(cc_hal.c.obj)
                0x0000000000012e40                CC_HalTerminate
 .text.CC_HalClearInterruptBit
                0x0000000000012e44       0x1c /home/moho/ncs/nrfxlib/crypto/nrf_cc310_platform/lib/cortex-m33/soft-float/no-interrupts/libnrf_cc310_platform_0.9.13.a(cc_hal.c.obj)
                0x0000000000012e44                CC_HalClearInterruptBit
 .text.CC_HalMaskInterrupt
                0x0000000000012e60        0xc /home/moho/ncs/nrfxlib/crypto/nrf_cc310_platform/lib/cortex-m33/soft-float/no-interrupts/libnrf_cc310_platform_0.9.13.a(cc_hal.c.obj)
                0x0000000000012e60                CC_HalMaskInterrupt
 .text.CC_HalWaitInterrupt
                0x0000000000012e6c        0xc /home/moho/ncs/nrfxlib/crypto/nrf_cc310_platform/lib/cortex-m33/soft-float/no-interrupts/libnrf_cc310_platform_0.9.13.a(cc_hal.c.obj)
                0x0000000000012e6c                CC_HalWaitInterrupt
 .text.CC_HalWaitInterruptRND
                0x0000000000012e78        0xc /home/moho/ncs/nrfxlib/crypto/nrf_cc310_platform/lib/cortex-m33/soft-float/no-interrupts/libnrf_cc310_platform_0.9.13.a(cc_hal.c.obj)
                0x0000000000012e78                CC_HalWaitInterruptRND
 .text.CC_PalInit
                0x0000000000012e84       0x5c /home/moho/ncs/nrfxlib/crypto/nrf_cc310_platform/lib/cortex-m33/soft-float/no-interrupts/libnrf_cc310_platform_0.9.13.a(cc_pal.c.obj)
                0x0000000000012e84                CC_PalInit
 .text.CC_PalTerminate
                0x0000000000012ee0       0x34 /home/moho/ncs/nrfxlib/crypto/nrf_cc310_platform/lib/cortex-m33/soft-float/no-interrupts/libnrf_cc310_platform_0.9.13.a(cc_pal.c.obj)
                0x0000000000012ee0                CC_PalTerminate
 .text.CC_PalDmaInit
                0x0000000000012f14        0x4 /home/moho/ncs/nrfxlib/crypto/nrf_cc310_platform/lib/cortex-m33/soft-float/no-interrupts/libnrf_cc310_platform_0.9.13.a(cc_pal_dma.c.obj)
                0x0000000000012f14                CC_PalDmaInit
 .text.CC_PalDmaTerminate
                0x0000000000012f18        0x4 /home/moho/ncs/nrfxlib/crypto/nrf_cc310_platform/lib/cortex-m33/soft-float/no-interrupts/libnrf_cc310_platform_0.9.13.a(cc_pal_dma.c.obj)
                0x0000000000012f18                CC_PalDmaTerminate
 .text.CC_PalWaitInterruptRND
                0x0000000000012f1c       0x30 /home/moho/ncs/nrfxlib/crypto/nrf_cc310_platform/lib/cortex-m33/soft-float/no-interrupts/libnrf_cc310_platform_0.9.13.a(cc_pal_interrupt_ctrl.c.obj)
                0x0000000000012f1c                CC_PalWaitInterruptRND
 .text.CC_PalWaitInterrupt
                0x0000000000012f4c       0x1c /home/moho/ncs/nrfxlib/crypto/nrf_cc310_platform/lib/cortex-m33/soft-float/no-interrupts/libnrf_cc310_platform_0.9.13.a(cc_pal_interrupt_ctrl.c.obj)
                0x0000000000012f4c                CC_PalWaitInterrupt
 .text.CC_PalMutexCreate
                0x0000000000012f68       0x14 /home/moho/ncs/nrfxlib/crypto/nrf_cc310_platform/lib/cortex-m33/soft-float/no-interrupts/libnrf_cc310_platform_0.9.13.a(cc_pal_mutex.c.obj)
                0x0000000000012f68                CC_PalMutexCreate
 .text.CC_PalMutexDestroy
                0x0000000000012f7c       0x14 /home/moho/ncs/nrfxlib/crypto/nrf_cc310_platform/lib/cortex-m33/soft-float/no-interrupts/libnrf_cc310_platform_0.9.13.a(cc_pal_mutex.c.obj)
                0x0000000000012f7c                CC_PalMutexDestroy
 .text.CC_PalMutexLock
                0x0000000000012f90       0x10 /home/moho/ncs/nrfxlib/crypto/nrf_cc310_platform/lib/cortex-m33/soft-float/no-interrupts/libnrf_cc310_platform_0.9.13.a(cc_pal_mutex.c.obj)
                0x0000000000012f90                CC_PalMutexLock
 .text.CC_PalMutexUnlock
                0x0000000000012fa0       0x14 /home/moho/ncs/nrfxlib/crypto/nrf_cc310_platform/lib/cortex-m33/soft-float/no-interrupts/libnrf_cc310_platform_0.9.13.a(cc_pal_mutex.c.obj)
                0x0000000000012fa0                CC_PalMutexUnlock
 .text.CC_PalPowerSaveModeInit
                0x0000000000012fb4       0x3c /home/moho/ncs/nrfxlib/crypto/nrf_cc310_platform/lib/cortex-m33/soft-float/no-interrupts/libnrf_cc310_platform_0.9.13.a(cc_pal_pm.c.obj)
                0x0000000000012fb4                CC_PalPowerSaveModeInit
 .text.CC_PalPowerSaveModeSelect
                0x0000000000012ff0       0x84 /home/moho/ncs/nrfxlib/crypto/nrf_cc310_platform/lib/cortex-m33/soft-float/no-interrupts/libnrf_cc310_platform_0.9.13.a(cc_pal_pm.c.obj)
                0x0000000000012ff0                CC_PalPowerSaveModeSelect
 .text.mutex_init
                0x0000000000013074        0xc /home/moho/ncs/nrfxlib/crypto/nrf_cc310_platform/lib/cortex-m33/soft-float/no-interrupts/libnrf_cc310_platform_0.9.13.a(threading_alt.c.obj)
                0x0000000000013074                mutex_init
 .text.mutex_lock
                0x0000000000013080        0xc /home/moho/ncs/nrfxlib/crypto/nrf_cc310_platform/lib/cortex-m33/soft-float/no-interrupts/libnrf_cc310_platform_0.9.13.a(threading_alt.c.obj)
                0x0000000000013080                mutex_lock
 .text.mutex_unlock
                0x000000000001308c        0xc /home/moho/ncs/nrfxlib/crypto/nrf_cc310_platform/lib/cortex-m33/soft-float/no-interrupts/libnrf_cc310_platform_0.9.13.a(threading_alt.c.obj)
                0x000000000001308c                mutex_unlock
 .text.startTrngHW
                0x0000000000013098      0x158 /home/moho/ncs/nrfxlib/crypto/nrf_cc310_platform/lib/cortex-m33/soft-float/no-interrupts/libnrf_cc310_platform_0.9.13.a(llf_rnd_trng90b.c.obj)
 .text.LLF_RND_RepetitionCounterTest.part.0
                0x00000000000131f0       0x58 /home/moho/ncs/nrfxlib/crypto/nrf_cc310_platform/lib/cortex-m33/soft-float/no-interrupts/libnrf_cc310_platform_0.9.13.a(llf_rnd_trng90b.c.obj)
 .text.LLF_RND_AdaptiveProportionTest
                0x0000000000013248       0xcc /home/moho/ncs/nrfxlib/crypto/nrf_cc310_platform/lib/cortex-m33/soft-float/no-interrupts/libnrf_cc310_platform_0.9.13.a(llf_rnd_trng90b.c.obj)
                0x0000000000013248                LLF_RND_AdaptiveProportionTest
 .text.getTrngSource
                0x0000000000013314      0x2d8 /home/moho/ncs/nrfxlib/crypto/nrf_cc310_platform/lib/cortex-m33/soft-float/no-interrupts/libnrf_cc310_platform_0.9.13.a(llf_rnd_trng90b.c.obj)
 .text.LLF_RND_GetTrngSource
                0x00000000000135ec       0x18 /home/moho/ncs/nrfxlib/crypto/nrf_cc310_platform/lib/cortex-m33/soft-float/no-interrupts/libnrf_cc310_platform_0.9.13.a(llf_rnd_trng90b.c.obj)
                0x00000000000135ec                LLF_RND_GetTrngSource
 .text.LLF_RND_RunTrngStartupTest
                0x0000000000013604       0x1c /home/moho/ncs/nrfxlib/crypto/nrf_cc310_platform/lib/cortex-m33/soft-float/no-interrupts/libnrf_cc310_platform_0.9.13.a(llf_rnd_trng90b.c.obj)
                0x0000000000013604                LLF_RND_RunTrngStartupTest
 .text.mbedtls_hardware_poll
                0x0000000000013620      0x104 /home/moho/ncs/nrfxlib/crypto/nrf_cc310_platform/lib/cortex-m33/soft-float/no-interrupts/libnrf_cc310_platform_0.9.13.a(trng_api.c.obj)
                0x0000000000013620                mbedtls_hardware_poll
 .text.cc_mbedtls_aes_init
                0x0000000000013724       0x20 /home/moho/ncs/nrfxlib/crypto/nrf_cc310_platform/lib/cortex-m33/soft-float/no-interrupts/libnrf_cc310_platform_0.9.13.a(aes_alt.c.obj)
                0x0000000000013724                cc_mbedtls_aes_init
 .text.cc_mbedtls_aes_free
                0x0000000000013744        0xc /home/moho/ncs/nrfxlib/crypto/nrf_cc310_platform/lib/cortex-m33/soft-float/no-interrupts/libnrf_cc310_platform_0.9.13.a(aes_alt.c.obj)
                0x0000000000013744                cc_mbedtls_aes_free
 .text.cc_mbedtls_aes_setkey_enc
                0x0000000000013750       0x34 /home/moho/ncs/nrfxlib/crypto/nrf_cc310_platform/lib/cortex-m33/soft-float/no-interrupts/libnrf_cc310_platform_0.9.13.a(aes_alt.c.obj)
                0x0000000000013750                cc_mbedtls_aes_setkey_enc
 .text.cc_mbedtls_aes_crypt_ecb
                0x0000000000013784       0x54 /home/moho/ncs/nrfxlib/crypto/nrf_cc310_platform/lib/cortex-m33/soft-float/no-interrupts/libnrf_cc310_platform_0.9.13.a(aes_alt.c.obj)
                0x0000000000013784                cc_mbedtls_aes_crypt_ecb
 .text.cc_mbedtls_sha256_init
                0x00000000000137d8       0x28 /home/moho/ncs/nrfxlib/crypto/nrf_cc310_platform/lib/cortex-m33/soft-float/no-interrupts/libnrf_cc310_platform_0.9.13.a(sha256_alt.c.obj)
                0x00000000000137d8                cc_mbedtls_sha256_init
 .text.cc_mbedtls_sha256_free
                0x0000000000013800        0xc /home/moho/ncs/nrfxlib/crypto/nrf_cc310_platform/lib/cortex-m33/soft-float/no-interrupts/libnrf_cc310_platform_0.9.13.a(sha256_alt.c.obj)
                0x0000000000013800                cc_mbedtls_sha256_free
 .text.cc_mbedtls_sha256_starts
                0x000000000001380c       0x28 /home/moho/ncs/nrfxlib/crypto/nrf_cc310_platform/lib/cortex-m33/soft-float/no-interrupts/libnrf_cc310_platform_0.9.13.a(sha256_alt.c.obj)
                0x000000000001380c                cc_mbedtls_sha256_starts
 .text.cc_mbedtls_sha256_update
                0x0000000000013834       0x54 /home/moho/ncs/nrfxlib/crypto/nrf_cc310_platform/lib/cortex-m33/soft-float/no-interrupts/libnrf_cc310_platform_0.9.13.a(sha256_alt.c.obj)
                0x0000000000013834                cc_mbedtls_sha256_update
 .text.cc_mbedtls_sha256_finish
                0x0000000000013888       0x48 /home/moho/ncs/nrfxlib/crypto/nrf_cc310_platform/lib/cortex-m33/soft-float/no-interrupts/libnrf_cc310_platform_0.9.13.a(sha256_alt.c.obj)
                0x0000000000013888                cc_mbedtls_sha256_finish
 .text.mbedtls_sha_starts_internal
                0x00000000000138d0       0x28 /home/moho/ncs/nrfxlib/crypto/nrf_cc310_platform/lib/cortex-m33/soft-float/no-interrupts/libnrf_cc310_platform_0.9.13.a(mbedtls_hash_common.c.obj)
                0x00000000000138d0                mbedtls_sha_starts_internal
 .text.mbedtls_sha_finish_internal
                0x00000000000138f8       0x5c /home/moho/ncs/nrfxlib/crypto/nrf_cc310_platform/lib/cortex-m33/soft-float/no-interrupts/libnrf_cc310_platform_0.9.13.a(mbedtls_hash_common.c.obj)
                0x00000000000138f8                mbedtls_sha_finish_internal
 .text.mbedtls_sha_update_internal
                0x0000000000013954       0xe4 /home/moho/ncs/nrfxlib/crypto/nrf_cc310_platform/lib/cortex-m33/soft-float/no-interrupts/libnrf_cc310_platform_0.9.13.a(mbedtls_hash_common.c.obj)
                0x0000000000013954                mbedtls_sha_update_internal
 .text.cc_mbedtls_sha256
                0x0000000000013a38       0x50 /home/moho/ncs/nrfxlib/crypto/nrf_cc310_platform/lib/cortex-m33/soft-float/no-interrupts/libnrf_cc310_platform_0.9.13.a(sha256.c.obj)
                0x0000000000013a38                cc_mbedtls_sha256
 .text.RNG_PLAT_SetUserRngParameters
                0x0000000000013a88       0x7c /home/moho/ncs/nrfxlib/crypto/nrf_cc310_platform/lib/cortex-m33/soft-float/no-interrupts/libnrf_cc310_platform_0.9.13.a(cc_rng_plat.c.obj)
                0x0000000000013a88                RNG_PLAT_SetUserRngParameters
 .text.CC_PalMemCopyPlat
                0x0000000000013b04        0x4 /home/moho/ncs/nrfxlib/crypto/nrf_cc310_platform/lib/cortex-m33/soft-float/no-interrupts/libnrf_cc310_platform_0.9.13.a(cc_pal_mem.c.obj)
                0x0000000000013b04                CC_PalMemCopyPlat
 .text.CC_PalMemSetPlat
                0x0000000000013b08        0x4 /home/moho/ncs/nrfxlib/crypto/nrf_cc310_platform/lib/cortex-m33/soft-float/no-interrupts/libnrf_cc310_platform_0.9.13.a(cc_pal_mem.c.obj)
                0x0000000000013b08                CC_PalMemSetPlat
 .text.CC_PalMemSetZeroPlat
                0x0000000000013b0c        0x8 /home/moho/ncs/nrfxlib/crypto/nrf_cc310_platform/lib/cortex-m33/soft-float/no-interrupts/libnrf_cc310_platform_0.9.13.a(cc_pal_mem.c.obj)
                0x0000000000013b0c                CC_PalMemSetZeroPlat
 .text.CC_PalTrngParamGet
                0x0000000000013b14      0x110 /home/moho/ncs/nrfxlib/crypto/nrf_cc310_platform/lib/cortex-m33/soft-float/no-interrupts/libnrf_cc310_platform_0.9.13.a(cc_pal_trng.c.obj)
                0x0000000000013b14                CC_PalTrngParamGet
 .text.LLF_RND_WaitRngInterrupt
                0x0000000000013c24       0x20 /home/moho/ncs/nrfxlib/crypto/nrf_cc310_platform/lib/cortex-m33/soft-float/no-interrupts/libnrf_cc310_platform_0.9.13.a(llf_rnd.c.obj)
                0x0000000000013c24                LLF_RND_WaitRngInterrupt
 .text.LLF_RND_GetRoscSampleCnt
                0x0000000000013c44       0x3c /home/moho/ncs/nrfxlib/crypto/nrf_cc310_platform/lib/cortex-m33/soft-float/no-interrupts/libnrf_cc310_platform_0.9.13.a(llf_rnd.c.obj)
                0x0000000000013c44                LLF_RND_GetRoscSampleCnt
 .text.LLF_RND_GetFastestRosc
                0x0000000000013c80       0x20 /home/moho/ncs/nrfxlib/crypto/nrf_cc310_platform/lib/cortex-m33/soft-float/no-interrupts/libnrf_cc310_platform_0.9.13.a(llf_rnd.c.obj)
                0x0000000000013c80                LLF_RND_GetFastestRosc
 .text.LLF_RND_TurnOffTrng
                0x0000000000013ca0       0x1c /home/moho/ncs/nrfxlib/crypto/nrf_cc310_platform/lib/cortex-m33/soft-float/no-interrupts/libnrf_cc310_platform_0.9.13.a(llf_rnd.c.obj)
                0x0000000000013ca0                LLF_RND_TurnOffTrng
 .text.SetDataBuffersInfo
                0x0000000000013cbc       0x70 /home/moho/ncs/nrfxlib/crypto/nrf_cc310_platform/lib/cortex-m33/soft-float/no-interrupts/libnrf_cc310_platform_0.9.13.a(driver_common.c.obj)
                0x0000000000013cbc                SetDataBuffersInfo
 .text.InitHashDrv
                0x0000000000013d2c       0x54 /home/moho/ncs/nrfxlib/crypto/nrf_cc310_platform/lib/cortex-m33/soft-float/no-interrupts/libnrf_cc310_platform_0.9.13.a(hash_driver.c.obj)
                0x0000000000013d2c                InitHashDrv
 .text.ProcessHashDrv
                0x0000000000013d80      0x254 /home/moho/ncs/nrfxlib/crypto/nrf_cc310_platform/lib/cortex-m33/soft-float/no-interrupts/libnrf_cc310_platform_0.9.13.a(hash_driver.c.obj)
                0x0000000000013d80                ProcessHashDrv
 .text.FinishHashDrv
                0x0000000000013fd4       0x80 /home/moho/ncs/nrfxlib/crypto/nrf_cc310_platform/lib/cortex-m33/soft-float/no-interrupts/libnrf_cc310_platform_0.9.13.a(hash_driver.c.obj)
                0x0000000000013fd4                FinishHashDrv
 .text.LoadAesKey
                0x0000000000014054       0xe4 /home/moho/ncs/nrfxlib/crypto/nrf_cc310_platform/lib/cortex-m33/soft-float/no-interrupts/libnrf_cc310_platform_0.9.13.a(aes_driver.c.obj)
 .text.InitAes.part.0
                0x0000000000014138       0xf8 /home/moho/ncs/nrfxlib/crypto/nrf_cc310_platform/lib/cortex-m33/soft-float/no-interrupts/libnrf_cc310_platform_0.9.13.a(aes_driver.c.obj)
 .text.ProcessAesDrv
                0x0000000000014230      0x3ac /home/moho/ncs/nrfxlib/crypto/nrf_cc310_platform/lib/cortex-m33/soft-float/no-interrupts/libnrf_cc310_platform_0.9.13.a(aes_driver.c.obj)
                0x0000000000014230                ProcessAesDrv
 .text.FinishAesDrv
                0x00000000000145dc      0x24c /home/moho/ncs/nrfxlib/crypto/nrf_cc310_platform/lib/cortex-m33/soft-float/no-interrupts/libnrf_cc310_platform_0.9.13.a(aes_driver.c.obj)
                0x00000000000145dc                FinishAesDrv
 .text.kmu_validate_slot_and_size
                0x0000000000014828       0x2c /home/moho/ncs/nrfxlib/crypto/nrf_cc310_platform/lib/cortex-m33/soft-float/no-interrupts/libnrf_cc310_platform_0.9.13.a(kmu_shared.c.obj)
                0x0000000000014828                kmu_validate_slot_and_size
 .text.kmu_validate_slot_and_size_no_kdr
                0x0000000000014854       0x88 /home/moho/ncs/nrfxlib/crypto/nrf_cc310_platform/lib/cortex-m33/soft-float/no-interrupts/libnrf_cc310_platform_0.9.13.a(kmu_shared.c.obj)
                0x0000000000014854                kmu_validate_slot_and_size_no_kdr
 .text.kmu_validate_kdr_slot_and_size
                0x00000000000148dc       0x48 /home/moho/ncs/nrfxlib/crypto/nrf_cc310_platform/lib/cortex-m33/soft-float/no-interrupts/libnrf_cc310_platform_0.9.13.a(kmu_shared.c.obj)
                0x00000000000148dc                kmu_validate_kdr_slot_and_size
 .text.kmu_use_kdr_key
                0x0000000000014924       0x18 /home/moho/ncs/nrfxlib/crypto/nrf_cc310_platform/lib/cortex-m33/soft-float/no-interrupts/libnrf_cc310_platform_0.9.13.a(kmu_shared.c.obj)
                0x0000000000014924                kmu_use_kdr_key
 .text.kmu_load_key_aes
                0x000000000001493c       0xe8 /home/moho/ncs/nrfxlib/crypto/nrf_cc310_platform/lib/cortex-m33/soft-float/no-interrupts/libnrf_cc310_platform_0.9.13.a(kmu_shared.c.obj)
                0x000000000001493c                kmu_load_key_aes
 .text.kmu_derive_cmac
                0x0000000000014a24      0x14c /home/moho/ncs/nrfxlib/crypto/nrf_cc310_platform/lib/cortex-m33/soft-float/no-interrupts/libnrf_cc310_platform_0.9.13.a(kmu_shared.c.obj)
                0x0000000000014a24                kmu_derive_cmac
 .text.UtilCmacBuildDataForDerivation
                0x0000000000014b70       0xb8 /home/moho/ncs/nrfxlib/crypto/nrf_cc310_platform/lib/cortex-m33/soft-float/no-interrupts/libnrf_cc310_platform_0.9.13.a(cc_util_cmac.c.obj)
                0x0000000000014b70                UtilCmacBuildDataForDerivation
 .text.CC_PalDataBufferAttrGet
                0x0000000000014c28        0x8 /home/moho/ncs/nrfxlib/crypto/nrf_cc310_platform/lib/cortex-m33/soft-float/no-interrupts/libnrf_cc310_platform_0.9.13.a(cc_pal_buff_attr.c.obj)
                0x0000000000014c28                CC_PalDataBufferAttrGet
 .text._OffsetAbsSyms
                0x0000000000014c30        0x2 zephyr/CMakeFiles/offsets.dir/./arch/arm/core/offsets/offsets.c.obj
                0x0000000000014c30                _OffsetAbsSyms
 .text.main     0x0000000000014c32        0xe app/libapp.a(main.c.obj)
                0x0000000000014c32                main
 .text.arch_printk_char_out
                0x0000000000014c40        0x4 zephyr/libzephyr.a(printk.c.obj)
                0x0000000000014c40                arch_printk_char_out
 .text.printk   0x0000000000014c44       0x1a zephyr/libzephyr.a(printk.c.obj)
                0x0000000000014c44                printk
 .text.onoff_manager_init
                0x0000000000014c5e       0x26 zephyr/libzephyr.a(onoff.c.obj)
                0x0000000000014c5e                onoff_manager_init
 .text.z_thread_entry
                0x0000000000014c84       0x14 zephyr/libzephyr.a(thread_entry.c.obj)
                0x0000000000014c84                z_thread_entry
 .text.encode_uint
                0x0000000000014c98       0x8c zephyr/libzephyr.a(cbprintf_complete.c.obj)
 .text.outs     0x0000000000014d24       0x2c zephyr/libzephyr.a(cbprintf_complete.c.obj)
 .text.assert_post_action
                0x0000000000014d50        0xe zephyr/libzephyr.a(assert.c.obj)
                0x0000000000014d50                assert_post_action
 .text._ConfigAbsSyms
                0x0000000000014d5e        0x2 zephyr/libzephyr.a(configs.c.obj)
                0x0000000000014d5e                _ConfigAbsSyms
 .text.pm_state_exit_post_ops
                0x0000000000014d60        0xc zephyr/libzephyr.a(power.c.obj)
                0x0000000000014d60                pm_state_exit_post_ops
 .text.z_log_minimal_printk
                0x0000000000014d6c       0x1a zephyr/libzephyr.a(log_minimal.c.obj)
                0x0000000000014d6c                z_log_minimal_printk
 .text.adp536x_charger_current_set
                0x0000000000014d86        0xc zephyr/libzephyr.a(adp536x.c.obj)
                0x0000000000014d86                adp536x_charger_current_set
 .text.adp536x_vbus_current_set
                0x0000000000014d92        0xc zephyr/libzephyr.a(adp536x.c.obj)
                0x0000000000014d92                adp536x_vbus_current_set
 .text.adp536x_charging_enable
                0x0000000000014d9e        0xa zephyr/libzephyr.a(adp536x.c.obj)
                0x0000000000014d9e                adp536x_charging_enable
 .text.adp536x_oc_chg_current_set
                0x0000000000014da8        0xe zephyr/libzephyr.a(adp536x.c.obj)
                0x0000000000014da8                adp536x_oc_chg_current_set
 .text.adp536x_buck_1v8_set
                0x0000000000014db6        0xa zephyr/libzephyr.a(adp536x.c.obj)
                0x0000000000014db6                adp536x_buck_1v8_set
 .text.adp536x_buck_discharge_set
                0x0000000000014dc0        0xe zephyr/libzephyr.a(adp536x.c.obj)
                0x0000000000014dc0                adp536x_buck_discharge_set
 .text.adp536x_buckbst_3v3_set
                0x0000000000014dce        0xa zephyr/libzephyr.a(adp536x.c.obj)
                0x0000000000014dce                adp536x_buckbst_3v3_set
 .text.adp536x_buckbst_enable
                0x0000000000014dd8        0xa zephyr/libzephyr.a(adp536x.c.obj)
                0x0000000000014dd8                adp536x_buckbst_enable
 .text.abort_function
                0x0000000000014de2        0x8 zephyr/libzephyr.a(nrf_cc3xx_platform_abort_zephyr.c.obj)
 .text.z_do_kernel_oops
                0x0000000000014dea        0x8 zephyr/arch/arch/arm/core/aarch32/libarch__arm__core__aarch32.a(fatal.c.obj)
                0x0000000000014dea                z_do_kernel_oops
 .text.z_irq_spurious
                0x0000000000014df2        0x8 zephyr/arch/arch/arm/core/aarch32/libarch__arm__core__aarch32.a(irq_manage.c.obj)
                0x0000000000014df2                z_irq_spurious
 .text.irq_target_state_set
                0x0000000000014dfa       0x5e zephyr/arch/arch/arm/core/aarch32/libarch__arm__core__aarch32.a(irq_manage.c.obj)
                0x0000000000014dfa                irq_target_state_set
 .text.z_arm_nmi
                0x0000000000014e58        0xe zephyr/arch/arch/arm/core/aarch32/libarch__arm__core__aarch32.a(nmi.c.obj)
                0x0000000000014e58                z_arm_nmi
 .text.configure_builtin_stack_guard
                0x0000000000014e66        0x8 zephyr/arch/arch/arm/core/aarch32/libarch__arm__core__aarch32.a(thread.c.obj)
                0x0000000000014e66                configure_builtin_stack_guard
 .text.arm_cmse_mpu_region_get
                0x0000000000014e6e       0x12 zephyr/arch/arch/arm/core/aarch32/cortex_m/cmse/libarch__arm__core__aarch32__cortex_m__cmse.a(arm_core_cmse.c.obj)
                0x0000000000014e6e                arm_cmse_mpu_region_get
 .text.arm_cmse_addr_is_secure
                0x0000000000014e80        0xa zephyr/arch/arch/arm/core/aarch32/cortex_m/cmse/libarch__arm__core__aarch32__cortex_m__cmse.a(arm_core_cmse.c.obj)
                0x0000000000014e80                arm_cmse_addr_is_secure
 .text.strlen   0x0000000000014e8a        0xe zephyr/lib/libc/minimal/liblib__libc__minimal.a(string.c.obj)
                0x0000000000014e8a                strlen
 .text.strnlen  0x0000000000014e98       0x12 zephyr/lib/libc/minimal/liblib__libc__minimal.a(string.c.obj)
                0x0000000000014e98                strnlen
 .text.strcmp   0x0000000000014eaa       0x18 zephyr/lib/libc/minimal/liblib__libc__minimal.a(string.c.obj)
                0x0000000000014eaa                strcmp
 .text.memcmp   0x0000000000014ec2       0x22 zephyr/lib/libc/minimal/liblib__libc__minimal.a(string.c.obj)
                0x0000000000014ec2                memcmp
 .text.memmove  0x0000000000014ee4       0x30 zephyr/lib/libc/minimal/liblib__libc__minimal.a(string.c.obj)
                0x0000000000014ee4                memmove
 .text.memcpy   0x0000000000014f14       0x16 zephyr/lib/libc/minimal/liblib__libc__minimal.a(string.c.obj)
                0x0000000000014f14                memcpy
 .text.memset   0x0000000000014f2a       0x12 zephyr/lib/libc/minimal/liblib__libc__minimal.a(string.c.obj)
                0x0000000000014f2a                memset
 .text._stdout_hook_default
                0x0000000000014f3c        0x6 zephyr/lib/libc/minimal/liblib__libc__minimal.a(stdout_console.c.obj)
 .text.set_on_state
                0x0000000000014f42       0x26 zephyr/drivers/clock_control/libdrivers__clock_control.a(clock_control_nrf.c.obj)
 .text.async_start
                0x0000000000014f68       0x60 zephyr/drivers/clock_control/libdrivers__clock_control.a(clock_control_nrf.c.obj)
 .text.api_start
                0x0000000000014fc8        0xe zephyr/drivers/clock_control/libdrivers__clock_control.a(clock_control_nrf.c.obj)
 .text.onoff_started_callback
                0x0000000000014fd6        0xc zephyr/drivers/clock_control/libdrivers__clock_control.a(clock_control_nrf.c.obj)
 .text.lfclk_start
                0x0000000000014fe2        0x6 zephyr/drivers/clock_control/libdrivers__clock_control.a(clock_control_nrf.c.obj)
 .text.lfclk_stop
                0x0000000000014fe8        0x6 zephyr/drivers/clock_control/libdrivers__clock_control.a(clock_control_nrf.c.obj)
 .text.api_stop
                0x0000000000014fee        0x6 zephyr/drivers/clock_control/libdrivers__clock_control.a(clock_control_nrf.c.obj)
 .text.blocking_start_callback
                0x0000000000014ff4        0x6 zephyr/drivers/clock_control/libdrivers__clock_control.a(clock_control_nrf.c.obj)
 .text.twim_2_init
                0x0000000000014ffa       0x18 zephyr/drivers/i2c/libdrivers__i2c.a(i2c_nrfx_twim.c.obj)
 .text.uarte_nrfx_config_get
                0x0000000000015012       0x10 zephyr/drivers/serial/libdrivers__serial.a(uart_nrfx_uarte.c.obj)
 .text.uarte_nrfx_err_check
                0x0000000000015022        0xe zephyr/drivers/serial/libdrivers__serial.a(uart_nrfx_uarte.c.obj)
 .text.uarte_nrfx_poll_in
                0x0000000000015030       0x26 zephyr/drivers/serial/libdrivers__serial.a(uart_nrfx_uarte.c.obj)
 .text.nrf_gpio_cfg_input
                0x0000000000015056       0x1a zephyr/drivers/serial/libdrivers__serial.a(uart_nrfx_uarte.c.obj)
 .text.is_tx_ready.isra.0
                0x0000000000015070       0x20 zephyr/drivers/serial/libdrivers__serial.a(uart_nrfx_uarte.c.obj)
 .text.uarte_nrfx_isr_int
                0x0000000000015090       0x72 zephyr/drivers/serial/libdrivers__serial.a(uart_nrfx_uarte.c.obj)
 .text.uarte_instance_init.constprop.0
                0x0000000000015102      0x112 zephyr/drivers/serial/libdrivers__serial.a(uart_nrfx_uarte.c.obj)
 .text.uarte_1_init
                0x0000000000015214       0x1e zephyr/drivers/serial/libdrivers__serial.a(uart_nrfx_uarte.c.obj)
 .text.uarte_0_init
                0x0000000000015232       0x1e zephyr/drivers/serial/libdrivers__serial.a(uart_nrfx_uarte.c.obj)
 .text.entropy_cc3xx_rng_init
                0x0000000000015250       0x16 zephyr/drivers/entropy/libdrivers__entropy.a(entropy_cc3xx.c.obj)
 .text.sys_clock_disable
                0x0000000000015266        0xe zephyr/drivers/timer/libdrivers__timer.a(cortex_m_systick.c.obj)
                0x0000000000015266                sys_clock_disable
 .text.hw_cc3xx_init_internal
                0x0000000000015274        0x4 modules/nrf/drivers/hw_cc310/lib..__nrf__drivers__hw_cc310.a(hw_cc310.c.obj)
 .text.hw_cc3xx_init
                0x0000000000015278       0x12 modules/nrf/drivers/hw_cc310/lib..__nrf__drivers__hw_cc310.a(hw_cc310.c.obj)
 .text.nrf91_errata_14
                0x000000000001528a       0x20 modules/hal_nordic/nrfx/libmodules__hal_nordic__nrfx.a(system_nrf9160.c.obj)
 .text.nrfx_isr
                0x00000000000152aa        0x2 modules/hal_nordic/nrfx/libmodules__hal_nordic__nrfx.a(nrfx_glue.c.obj)
                0x00000000000152aa                nrfx_isr
 .text.nrfx_busy_wait
                0x00000000000152ac        0x4 modules/hal_nordic/nrfx/libmodules__hal_nordic__nrfx.a(nrfx_glue.c.obj)
                0x00000000000152ac                nrfx_busy_wait
 .text.xfer_completeness_check
                0x00000000000152b0       0x60 modules/hal_nordic/nrfx/libmodules__hal_nordic__nrfx.a(nrfx_twim.c.obj)
 .text.nrf_gpio_pin_set
                0x0000000000015310       0x18 modules/hal_nordic/nrfx/libmodules__hal_nordic__nrfx.a(nrfx_twi_twim.c.obj)
 .text.z_device_state_init
                0x0000000000015328        0x2 zephyr/kernel/libkernel.a(device.c.obj)
                0x0000000000015328                z_device_state_init
 .text.z_device_is_ready
                0x000000000001532a       0x14 zephyr/kernel/libkernel.a(device.c.obj)
                0x000000000001532a                z_device_is_ready
 .text.z_early_memset
                0x000000000001533e        0x4 zephyr/kernel/libkernel.a(init.c.obj)
                0x000000000001533e                z_early_memset
 .text.z_early_memcpy
                0x0000000000015342        0x4 zephyr/kernel/libkernel.a(init.c.obj)
                0x0000000000015342                z_early_memcpy
 .text.k_mem_slab_init
                0x0000000000015346       0x38 zephyr/kernel/libkernel.a(mem_slab.c.obj)
                0x0000000000015346                k_mem_slab_init
 .text.k_is_in_isr
                0x000000000001537e        0xc zephyr/kernel/libkernel.a(thread.c.obj)
                0x000000000001537e                k_is_in_isr
 .text.k_thread_name_get
                0x000000000001538a        0x4 zephyr/kernel/libkernel.a(thread.c.obj)
                0x000000000001538a                k_thread_name_get
 .text.z_pm_save_idle_exit
                0x000000000001538e        0xe zephyr/kernel/libkernel.a(idle.c.obj)
                0x000000000001538e                z_pm_save_idle_exit
 .text.adjust_owner_prio.isra.0
                0x000000000001539c       0x10 zephyr/kernel/libkernel.a(mutex.c.obj)
 .text.z_impl_k_mutex_init
                0x00000000000153ac        0xe zephyr/kernel/libkernel.a(mutex.c.obj)
                0x00000000000153ac                z_impl_k_mutex_init
 .text.z_reschedule_irqlock
                0x00000000000153ba       0x18 zephyr/kernel/libkernel.a(sched.c.obj)
                0x00000000000153ba                z_reschedule_irqlock
 .text.z_reschedule_unlocked
                0x00000000000153d2       0x14 zephyr/kernel/libkernel.a(sched.c.obj)
 .text.z_priq_dumb_best
                0x00000000000153e6        0xc zephyr/kernel/libkernel.a(sched.c.obj)
                0x00000000000153e6                z_priq_dumb_best
 .text.sys_clock_tick_get_32
                0x00000000000153f2        0x8 zephyr/kernel/libkernel.a(timeout.c.obj)
                0x00000000000153f2                sys_clock_tick_get_32
 .text.z_impl_k_busy_wait
                0x00000000000153fa        0x8 zephyr/kernel/libkernel.a(timeout.c.obj)
                0x00000000000153fa                z_impl_k_busy_wait
 *(SORT_BY_ALIGNMENT(.TEXT.*))
 *fill*         0x0000000000015402        0x2 
 .TEXT.z_arm_platform_init
                0x0000000000015404        0x4 zephyr/libzephyr.a(soc_nrf_common.S.obj)
                0x0000000000015404                z_arm_platform_init
 *(SORT_BY_ALIGNMENT(.gnu.linkonce.t.*))
 *(SORT_BY_ALIGNMENT(.glue_7t))
 .glue_7t       0x0000000000015408        0x0 linker stubs
 *(SORT_BY_ALIGNMENT(.glue_7))
 .glue_7        0x0000000000015408        0x0 linker stubs
 *(SORT_BY_ALIGNMENT(.vfp11_veneer))
 .vfp11_veneer  0x0000000000015408        0x0 linker stubs
 *(SORT_BY_ALIGNMENT(.v4_bx))
 .v4_bx         0x0000000000015408        0x0 linker stubs
                0x0000000000015408                __text_region_end = .

.ARM.exidx      0x0000000000015408        0x8
                0x0000000000015408                __exidx_start = .
 *(SORT_BY_ALIGNMENT(.ARM.exidx*) SORT_BY_ALIGNMENT(gnu.linkonce.armexidx.*))
 .ARM.exidx     0x0000000000015408        0x8 /home/moho/gcc-arm-none-eabi-10.3-2021.10-x86_64-linux/gcc-arm-none-eabi-10.3-2021.10/bin/../lib/gcc/arm-none-eabi/10.3.1/thumb/v8-m.main/nofp/libgcc.a(_udivmoddi4.o)
                0x0000000000015410                __exidx_end = .
                0x0000000000015410                __rodata_region_start = .

initlevel       0x0000000000015410       0x68
                0x0000000000015410                __init_start = .
                0x0000000000015410                __init_PRE_KERNEL_1_start = .
 *(SORT_BY_NAME(SORT_BY_ALIGNMENT(.z_init_PRE_KERNEL_1[0-9]_*)))
 .z_init_PRE_KERNEL_10_
                0x0000000000015410        0x8 zephyr/libzephyr.a(soc.c.obj)
 *(SORT_BY_NAME(SORT_BY_ALIGNMENT(.z_init_PRE_KERNEL_1[1-9][0-9]_*)))
 .z_init_PRE_KERNEL_130_
                0x0000000000015418        0x8 zephyr/drivers/clock_control/libdrivers__clock_control.a(clock_control_nrf.c.obj)
 .z_init_PRE_KERNEL_130_
                0x0000000000015420        0x8 zephyr/kernel/libkernel.a(mem_slab.c.obj)
 .z_init_PRE_KERNEL_140_
                0x0000000000015428        0x8 modules/nrf/drivers/hw_cc310/lib..__nrf__drivers__hw_cc310.a(hw_cc310.c.obj)
 .z_init_PRE_KERNEL_150_
                0x0000000000015430        0x8 zephyr/drivers/entropy/libdrivers__entropy.a(entropy_cc3xx.c.obj)
 .z_init_PRE_KERNEL_155_
                0x0000000000015438       0x10 zephyr/drivers/serial/libdrivers__serial.a(uart_nrfx_uarte.c.obj)
 .z_init_PRE_KERNEL_160_
                0x0000000000015448        0x8 zephyr/drivers/console/libdrivers__console.a(uart_console.c.obj)
                0x0000000000015450                __init_PRE_KERNEL_2_start = .
 *(SORT_BY_NAME(SORT_BY_ALIGNMENT(.z_init_PRE_KERNEL_2[0-9]_*)))
 .z_init_PRE_KERNEL_20_
                0x0000000000015450        0x8 zephyr/drivers/timer/libdrivers__timer.a(cortex_m_systick.c.obj)
 *(SORT_BY_NAME(SORT_BY_ALIGNMENT(.z_init_PRE_KERNEL_2[1-9][0-9]_*)))
                0x0000000000015458                __init_POST_KERNEL_start = .
 *(SORT_BY_NAME(SORT_BY_ALIGNMENT(.z_init_POST_KERNEL[0-9]_*)))
 *(SORT_BY_NAME(SORT_BY_ALIGNMENT(.z_init_POST_KERNEL[1-9][0-9]_*)))
 .z_init_POST_KERNEL40_
                0x0000000000015458        0x8 modules/nrf/drivers/hw_cc310/lib..__nrf__drivers__hw_cc310.a(hw_cc310.c.obj)
 .z_init_POST_KERNEL60_
                0x0000000000015460        0x8 zephyr/drivers/i2c/libdrivers__i2c.a(i2c_nrfx_twim.c.obj)
 .z_init_POST_KERNEL90_
                0x0000000000015468        0x8 modules/nrf/subsys/fw_info/lib..__nrf__subsys__fw_info.a(fw_info.c.obj)
                0x0000000000015470                __init_APPLICATION_start = .
 *(SORT_BY_NAME(SORT_BY_ALIGNMENT(.z_init_APPLICATION[0-9]_*)))
 *(SORT_BY_NAME(SORT_BY_ALIGNMENT(.z_init_APPLICATION[1-9][0-9]_*)))
 .z_init_APPLICATION90_
                0x0000000000015470        0x8 zephyr/boards/boards/arm/thingy91_nrf9160/lib..__nrf__boards__arm__thingy91_nrf9160.a(board_secure.c.obj)
                0x0000000000015478                __init_SMP_start = .
 *(SORT_BY_NAME(SORT_BY_ALIGNMENT(.z_init_SMP[0-9]_*)))
 *(SORT_BY_NAME(SORT_BY_ALIGNMENT(.z_init_SMP[1-9][0-9]_*)))
                0x0000000000015478                __init_end = .

devices         0x0000000000015478       0x78
                0x0000000000015478                __device_start = .
                0x0000000000015478                __device_PRE_KERNEL_1_start = .
 *(SORT_BY_NAME(SORT_BY_ALIGNMENT(.z_device_PRE_KERNEL_1[0-9]_*)))
 *(SORT_BY_NAME(SORT_BY_ALIGNMENT(.z_device_PRE_KERNEL_1[1-9][0-9]_*)))
 .z_device_PRE_KERNEL_130_
                0x0000000000015478       0x18 zephyr/drivers/clock_control/libdrivers__clock_control.a(clock_control_nrf.c.obj)
                0x0000000000015478                __device_dts_ord_34
 .z_device_PRE_KERNEL_150_
                0x0000000000015490       0x18 zephyr/drivers/entropy/libdrivers__entropy.a(entropy_cc3xx.c.obj)
                0x0000000000015490                __device_dts_ord_31
 .z_device_PRE_KERNEL_155_
                0x00000000000154a8       0x30 zephyr/drivers/serial/libdrivers__serial.a(uart_nrfx_uarte.c.obj)
                0x00000000000154a8                __device_dts_ord_63
                0x00000000000154c0                __device_dts_ord_62
                0x00000000000154d8                __device_PRE_KERNEL_2_start = .
 *(SORT_BY_NAME(SORT_BY_ALIGNMENT(.z_device_PRE_KERNEL_2[0-9]_*)))
 *(SORT_BY_NAME(SORT_BY_ALIGNMENT(.z_device_PRE_KERNEL_2[1-9][0-9]_*)))
                0x00000000000154d8                __device_POST_KERNEL_start = .
 *(SORT_BY_NAME(SORT_BY_ALIGNMENT(.z_device_POST_KERNEL[0-9]_*)))
 *(SORT_BY_NAME(SORT_BY_ALIGNMENT(.z_device_POST_KERNEL[1-9][0-9]_*)))
 .z_device_POST_KERNEL60_
                0x00000000000154d8       0x18 zephyr/drivers/i2c/libdrivers__i2c.a(i2c_nrfx_twim.c.obj)
                0x00000000000154d8                __device_dts_ord_78
                0x00000000000154f0                __device_APPLICATION_start = .
 *(SORT_BY_NAME(SORT_BY_ALIGNMENT(.z_device_APPLICATION[0-9]_*)))
 *(SORT_BY_NAME(SORT_BY_ALIGNMENT(.z_device_APPLICATION[1-9][0-9]_*)))
                0x00000000000154f0                __device_SMP_start = .
 *(SORT_BY_NAME(SORT_BY_ALIGNMENT(.z_device_SMP[0-9]_*)))
 *(SORT_BY_NAME(SORT_BY_ALIGNMENT(.z_device_SMP[1-9][0-9]_*)))
                0x00000000000154f0                __device_end = .

sw_isr_table    0x00000000000154f0      0x208
                0x00000000000154f0                . = ALIGN (0x0)
 *(SORT_BY_ALIGNMENT(.gnu.linkonce.sw_isr_table*))
 .gnu.linkonce.sw_isr_table
                0x00000000000154f0      0x208 zephyr/arch/common/libisr_tables.a(isr_tables.c.obj)
                0x00000000000154f0                _sw_isr_table

initlevel_error
                0x0000000000015410        0x0
 *(SORT_BY_NAME(SORT_BY_ALIGNMENT(.z_init_[_A-Z0-9]*)))
                0x0000000000000001                ASSERT ((SIZEOF (initlevel_error) == 0x0), Undefined initialization levels used.)

app_shmem_regions
                0x00000000000156f8        0x0
                0x00000000000156f8                __app_shmem_regions_start = .
 *(SORT_BY_NAME(SORT_BY_ALIGNMENT(.app_regions.*)))
                0x00000000000156f8                __app_shmem_regions_end = .

bt_l2cap_fixed_chan_area
                0x00000000000156f8        0x0
                0x00000000000156f8                _bt_l2cap_fixed_chan_list_start = .
 *(SORT_BY_NAME(SORT_BY_ALIGNMENT(._bt_l2cap_fixed_chan.static.*)))
                0x00000000000156f8                _bt_l2cap_fixed_chan_list_end = .

bt_gatt_service_static_area
                0x00000000000156f8        0x0
                0x00000000000156f8                _bt_gatt_service_static_list_start = .
 *(SORT_BY_NAME(SORT_BY_ALIGNMENT(._bt_gatt_service_static.static.*)))
                0x00000000000156f8                _bt_gatt_service_static_list_end = .

k_p4wq_initparam_area
                0x00000000000156f8        0x0
                0x00000000000156f8                _k_p4wq_initparam_list_start = .
 *(SORT_BY_NAME(SORT_BY_ALIGNMENT(._k_p4wq_initparam.static.*)))
                0x00000000000156f8                _k_p4wq_initparam_list_end = .

log_strings_sections
                0x00000000000156f8        0x0
                0x00000000000156f8                __log_strings_start = .
 *(SORT_BY_NAME(SORT_BY_ALIGNMENT(.log_strings*)))
                0x00000000000156f8                __log_strings_end = .

log_const_sections
                0x00000000000156f8       0x50
                0x00000000000156f8                __log_const_start = .
 *(SORT_BY_NAME(SORT_BY_ALIGNMENT(.log_const_*)))
 .log_const_board_secure
                0x00000000000156f8        0x8 zephyr/boards/boards/arm/thingy91_nrf9160/lib..__nrf__boards__arm__thingy91_nrf9160.a(board_secure.c.obj)
                0x00000000000156f8                log_const_board_secure
 .log_const_clock_control
                0x0000000000015700        0x8 zephyr/drivers/clock_control/libdrivers__clock_control.a(clock_control_nrf.c.obj)
                0x0000000000015700                log_const_clock_control
 .log_const_fatal_error
                0x0000000000015708        0x8 modules/nrf/lib/fatal_error/lib..__nrf__lib__fatal_error.a(fatal_error.c.obj)
                0x0000000000015708                log_const_fatal_error
 .log_const_i2c
                0x0000000000015710        0x8 zephyr/drivers/i2c/libdrivers__i2c.a(i2c_common.c.obj)
                0x0000000000015710                log_const_i2c
 .log_const_i2c_nrfx_twim
                0x0000000000015718        0x8 zephyr/drivers/i2c/libdrivers__i2c.a(i2c_nrfx_twim.c.obj)
                0x0000000000015718                log_const_i2c_nrfx_twim
 .log_const_mpu
                0x0000000000015720        0x8 zephyr/arch/arch/arm/core/aarch32/mpu/libarch__arm__core__aarch32__mpu.a(arm_core_mpu.c.obj)
                0x0000000000015720                log_const_mpu
 .log_const_os  0x0000000000015728        0x8 zephyr/kernel/libkernel.a(init.c.obj)
                0x0000000000015728                log_const_os
 .log_const_pm  0x0000000000015730        0x8 zephyr/libzephyr.a(pm.c.obj)
                0x0000000000015730                log_const_pm
 .log_const_soc
                0x0000000000015738        0x8 zephyr/libzephyr.a(soc.c.obj)
                0x0000000000015738                log_const_soc
 .log_const_uart_nrfx_uarte
                0x0000000000015740        0x8 zephyr/drivers/serial/libdrivers__serial.a(uart_nrfx_uarte.c.obj)
                0x0000000000015740                log_const_uart_nrfx_uarte
                0x0000000000015748                __log_const_end = .

log_backends_sections
                0x0000000000015748        0x0
                0x0000000000015748                __log_backends_start = .
 *(SORT_BY_ALIGNMENT(._log_backend.*))
                0x0000000000015748                __log_backends_end = .

shell_area      0x0000000000015748        0x0
                0x0000000000015748                _shell_list_start = .
 *(SORT_BY_NAME(SORT_BY_ALIGNMENT(._shell.static.*)))
                0x0000000000015748                _shell_list_end = .

shell_root_cmds_sections
                0x0000000000015748        0x0
                0x0000000000015748                __shell_root_cmds_start = .
 *(SORT_BY_NAME(SORT_BY_ALIGNMENT(.shell_root_cmd_*)))
                0x0000000000015748                __shell_root_cmds_end = .

font_entry_sections
                0x0000000000015748        0x0
                0x0000000000015748                __font_entry_start = .
 *(SORT_BY_NAME(SORT_BY_ALIGNMENT(._cfb_font.*)))
                0x0000000000015748                __font_entry_end = .

tracing_backend_area
                0x0000000000015748        0x0
                0x0000000000015748                _tracing_backend_list_start = .
 *(SORT_BY_NAME(SORT_BY_ALIGNMENT(._tracing_backend.static.*)))
                0x0000000000015748                _tracing_backend_list_end = .

zephyr_dbg_info
 *(SORT_BY_ALIGNMENT(.dbg_thread_info))

device_handles  0x0000000000015748       0x1e
                0x0000000000015748                __device_handles_start = .
 *(SORT_BY_NAME(SORT_BY_ALIGNMENT(.__device_handles_pass2*)))
 .__device_handles_pass2
                0x0000000000015748       0x1e zephyr/CMakeFiles/zephyr_pre1.dir/dev_handles.c.obj
                0x0000000000015748                __devicehdl_DT_N_S_soc_S_peripheral_50000000_S_i2c_a000
                0x000000000001574e                __devicehdl_DT_N_S_soc_S_peripheral_50000000_S_uart_8000
                0x0000000000015754                __devicehdl_DT_N_S_soc_S_peripheral_50000000_S_uart_9000
                0x000000000001575a                __devicehdl_DT_N_S_soc_S_crypto_50840000
                0x0000000000015760                __devicehdl_DT_N_S_soc_S_peripheral_50000000_S_clock_5000
                0x0000000000015766                __device_handles_end = .

rodata          0x0000000000015770     0x16b4
 *(SORT_BY_ALIGNMENT(.rodata))
 .rodata        0x0000000000015770        0xc zephyr/libzephyr.a(secure_services.c.obj)
 .rodata        0x000000000001577c       0x18 modules/nrf/subsys/fw_info/lib..__nrf__subsys__fw_info.a(fw_info.c.obj)
 *(SORT_BY_ALIGNMENT(.rodata.*))
 *fill*         0x0000000000015794        0xc 
 .rodata.delay_machine_code.0
                0x00000000000157a0        0x6 zephyr/libzephyr.a(soc.c.obj)
 *fill*         0x00000000000157a6        0x2 
 .rodata.pmstates_DT_N_S_cpus_S_cpu_0
                0x00000000000157a8        0x0 zephyr/libzephyr.a(state.c.obj)
 .rodata.periph.0
                0x00000000000157a8      0x100 zephyr/libzephyr.a(spm.c.obj)
 .rodata.fw_info_allowed_offsets
                0x00000000000158a8       0x14 zephyr/libzephyr.a(secure_services.c.obj)
 .rodata.apis   0x00000000000158bc        0x8 zephyr/libzephyr.a(nrf_cc3xx_platform_abort_zephyr.c.obj)
 .rodata.mutex_apis
                0x00000000000158c4       0x10 zephyr/libzephyr.a(nrf_cc3xx_platform_mutex_zephyr.c.obj)
 .rodata.mutexes
                0x00000000000158d4       0x14 zephyr/libzephyr.a(nrf_cc3xx_platform_mutex_zephyr.c.obj)
 .rodata.static_regions
                0x00000000000158e8        0xc zephyr/arch/arch/arm/core/aarch32/mpu/libarch__arm__core__aarch32__mpu.a(arm_core_mpu.c.obj)
 .rodata.mpu_config
                0x00000000000158f4        0x8 zephyr/soc/arm/common/cortex_m/libsoc__arm__common__cortex_m.a(arm_mpu_regions.c.obj)
                0x00000000000158f4                mpu_config
 .rodata.mpu_regions
                0x00000000000158fc       0x20 zephyr/soc/arm/common/cortex_m/libsoc__arm__common__cortex_m.a(arm_mpu_regions.c.obj)
 .rodata.clock_control_api
                0x000000000001591c       0x18 zephyr/drivers/clock_control/libdrivers__clock_control.a(clock_control_nrf.c.obj)
 .rodata.config
                0x0000000000015934       0x18 zephyr/drivers/clock_control/libdrivers__clock_control.a(clock_control_nrf.c.obj)
 .rodata.transitions.0
                0x000000000001594c        0xc zephyr/drivers/clock_control/libdrivers__clock_control.a(clock_control_nrf.c.obj)
 .rodata.i2c_nrfx_twim_driver_api
                0x0000000000015958       0x18 zephyr/drivers/i2c/libdrivers__i2c.a(i2c_nrfx_twim.c.obj)
 .rodata.twim_2z_config
                0x0000000000015970        0xc zephyr/drivers/i2c/libdrivers__i2c.a(i2c_nrfx_twim.c.obj)
 .rodata.uart_nrfx_uarte_driver_api
                0x000000000001597c       0x14 zephyr/drivers/serial/libdrivers__serial.a(uart_nrfx_uarte.c.obj)
 .rodata.uarte_0z_config
                0x0000000000015990       0x20 zephyr/drivers/serial/libdrivers__serial.a(uart_nrfx_uarte.c.obj)
 .rodata.uarte_1z_config
                0x00000000000159b0       0x20 zephyr/drivers/serial/libdrivers__serial.a(uart_nrfx_uarte.c.obj)
 .rodata.entropy_cc3xx_rng_api
                0x00000000000159d0        0x8 zephyr/drivers/entropy/libdrivers__entropy.a(entropy_cc3xx.c.obj)
 .rodata.levels.0
                0x00000000000159d8       0x14 zephyr/kernel/libkernel.a(device.c.obj)
 .rodata._k_neg_eagain
                0x00000000000159ec        0x4 zephyr/kernel/libkernel.a(errno.c.obj)
                0x00000000000159ec                _k_neg_eagain
 .rodata.CSWTCH.273
                0x00000000000159f0       0x14 zephyr/kernel/libkernel.a(fatal.c.obj)
 .rodata.CSWTCH.8
                0x0000000000015a04       0x1c /home/moho/ncs/nrfxlib/crypto/nrf_cc310_platform/lib/cortex-m33/soft-float/no-interrupts/libnrf_cc310_platform_0.9.13.a(nrf_cc3xx_platform.c.obj)
 .rodata.mutex_free.str1.4
                0x0000000000015a20       0x26 /home/moho/ncs/nrfxlib/crypto/nrf_cc310_platform/lib/cortex-m33/soft-float/no-interrupts/libnrf_cc310_platform_0.9.13.a(nrf_cc3xx_platform_mutex.c.obj)
 *fill*         0x0000000000015a46        0x2 
 .rodata.mutex_init.str1.4
                0x0000000000015a48       0x23 /home/moho/ncs/nrfxlib/crypto/nrf_cc310_platform/lib/cortex-m33/soft-float/no-interrupts/libnrf_cc310_platform_0.9.13.a(nrf_cc3xx_platform_mutex.c.obj)
 *fill*         0x0000000000015a6b        0x1 
 .rodata.RndStartupTest.constprop.0.str1.4
                0x0000000000015a6c       0x6f /home/moho/ncs/nrfxlib/crypto/nrf_cc310_platform/lib/cortex-m33/soft-float/no-interrupts/libnrf_cc310_platform_0.9.13.a(cc_lib.c.obj)
 *fill*         0x0000000000015adb        0x1 
 .rodata.CC_PalPowerSaveModeInit.str1.4
                0x0000000000015adc       0x20 /home/moho/ncs/nrfxlib/crypto/nrf_cc310_platform/lib/cortex-m33/soft-float/no-interrupts/libnrf_cc310_platform_0.9.13.a(cc_pal_pm.c.obj)
 .rodata.mbedtls_hardware_poll.str1.4
                0x0000000000015afc       0x16 /home/moho/ncs/nrfxlib/crypto/nrf_cc310_platform/lib/cortex-m33/soft-float/no-interrupts/libnrf_cc310_platform_0.9.13.a(trng_api.c.obj)
                                         0x6e (size before relaxing)
 *fill*         0x0000000000015b12        0x2 
 .rodata.cc_mbedtls_aes_init.str1.4
                0x0000000000015b14       0x13 /home/moho/ncs/nrfxlib/crypto/nrf_cc310_platform/lib/cortex-m33/soft-float/no-interrupts/libnrf_cc310_platform_0.9.13.a(aes_alt.c.obj)
 *fill*         0x0000000000015b27        0x1 
 .rodata.cc_mbedtls_sha256_init.str1.4
                0x0000000000015b28        0xe /home/moho/ncs/nrfxlib/crypto/nrf_cc310_platform/lib/cortex-m33/soft-float/no-interrupts/libnrf_cc310_platform_0.9.13.a(sha256_alt.c.obj)
 .rodata.ProcessHashDrv.str1.4
                0x0000000000015b36       0x6f /home/moho/ncs/nrfxlib/crypto/nrf_cc310_platform/lib/cortex-m33/soft-float/no-interrupts/libnrf_cc310_platform_0.9.13.a(hash_driver.c.obj)
 *fill*         0x0000000000015b36        0x2 
 .rodata.HASH_LARVAL_SHA1
                0x0000000000015b38       0x14 /home/moho/ncs/nrfxlib/crypto/nrf_cc310_platform/lib/cortex-m33/soft-float/no-interrupts/libnrf_cc310_platform_0.9.13.a(hash_driver.c.obj)
 .rodata.HASH_LARVAL_SHA224
                0x0000000000015b4c       0x20 /home/moho/ncs/nrfxlib/crypto/nrf_cc310_platform/lib/cortex-m33/soft-float/no-interrupts/libnrf_cc310_platform_0.9.13.a(hash_driver.c.obj)
 .rodata.HASH_LARVAL_SHA256
                0x0000000000015b6c       0x20 /home/moho/ncs/nrfxlib/crypto/nrf_cc310_platform/lib/cortex-m33/soft-float/no-interrupts/libnrf_cc310_platform_0.9.13.a(hash_driver.c.obj)
 .rodata.ProcessAesDrv.str1.4
                0x0000000000015b8c       0x6f /home/moho/ncs/nrfxlib/crypto/nrf_cc310_platform/lib/cortex-m33/soft-float/no-interrupts/libnrf_cc310_platform_0.9.13.a(aes_driver.c.obj)
 .rodata.cbvprintf.str1.1
                0x0000000000015b8c        0x6 zephyr/libzephyr.a(cbprintf_complete.c.obj)
 .rodata.sys_reboot.str1.1
                0x0000000000015b92       0x29 zephyr/libzephyr.a(reboot.c.obj)
 .rodata.str1.1
                0x0000000000015bbb        0x4 zephyr/libzephyr.a(soc.c.obj)
 .rodata.pm_state_notify.str1.1
                0x0000000000015bbf       0x3e zephyr/libzephyr.a(pm.c.obj)
 .rodata.str1.1
                0x0000000000015bfd        0x3 zephyr/libzephyr.a(pm.c.obj)
 .rodata.pm_constraint_set.str1.1