Archive member included to satisfy reference by file (symbol)

app/libapp.a(main.c.obj)      (--whole-archive)
app/libapp.a(flash_map_extended.c.obj)
                              (--whole-archive)
app/libapp.a(os.c.obj)        (--whole-archive)
app/libapp.a(keys.c.obj)      (--whole-archive)
app/libapp.a(image_validate.c.obj)
                              (--whole-archive)
app/libapp.a(tlv.c.obj)       (--whole-archive)
app/libapp.a(encrypted.c.obj)
                              (--whole-archive)
app/libapp.a(image_rsa.c.obj)
                              (--whole-archive)
app/libapp.a(image_ec256.c.obj)
                              (--whole-archive)
app/libapp.a(image_ed25519.c.obj)
                              (--whole-archive)
app/libapp.a(bootutil_misc.c.obj)
                              (--whole-archive)
app/libapp.a(fault_injection_hardening.c.obj)
                              (--whole-archive)
app/libapp.a(loader.c.obj)    (--whole-archive)
app/libapp.a(swap_misc.c.obj)
                              (--whole-archive)
app/libapp.a(swap_scratch.c.obj)
                              (--whole-archive)
app/libapp.a(swap_move.c.obj)
                              (--whole-archive)
app/libapp.a(caps.c.obj)      (--whole-archive)
app/libapp.a(autogen-pubkey.c.obj)
                              (--whole-archive)
app/libapp.a(nrf_cleanup.c.obj)
                              (--whole-archive)
zephyr/libzephyr.a(base64.c.obj)
                              (--whole-archive)
zephyr/libzephyr.a(cbprintf.c.obj)
                              (--whole-archive)
zephyr/libzephyr.a(cbprintf_packaged.c.obj)
                              (--whole-archive)
zephyr/libzephyr.a(crc32c_sw.c.obj)
                              (--whole-archive)
zephyr/libzephyr.a(crc32_sw.c.obj)
                              (--whole-archive)
zephyr/libzephyr.a(crc16_sw.c.obj)
                              (--whole-archive)
zephyr/libzephyr.a(crc8_sw.c.obj)
                              (--whole-archive)
zephyr/libzephyr.a(crc7_sw.c.obj)
                              (--whole-archive)
zephyr/libzephyr.a(dec.c.obj)
                              (--whole-archive)
zephyr/libzephyr.a(fdtable.c.obj)
                              (--whole-archive)
zephyr/libzephyr.a(hex.c.obj)
                              (--whole-archive)
zephyr/libzephyr.a(notify.c.obj)
                              (--whole-archive)
zephyr/libzephyr.a(printk.c.obj)
                              (--whole-archive)
zephyr/libzephyr.a(onoff.c.obj)
                              (--whole-archive)
zephyr/libzephyr.a(rb.c.obj)  (--whole-archive)
zephyr/libzephyr.a(sem.c.obj)
                              (--whole-archive)
zephyr/libzephyr.a(thread_entry.c.obj)
                              (--whole-archive)
zephyr/libzephyr.a(timeutil.c.obj)
                              (--whole-archive)
zephyr/libzephyr.a(heap.c.obj)
                              (--whole-archive)
zephyr/libzephyr.a(heap-validate.c.obj)
                              (--whole-archive)
zephyr/libzephyr.a(bitarray.c.obj)
                              (--whole-archive)
zephyr/libzephyr.a(multi_heap.c.obj)
                              (--whole-archive)
zephyr/libzephyr.a(cbprintf_nano.c.obj)
                              (--whole-archive)
zephyr/libzephyr.a(reboot.c.obj)
                              (--whole-archive)
zephyr/libzephyr.a(configs.c.obj)
                              (--whole-archive)
zephyr/libzephyr.a(soc.c.obj)
                              (--whole-archive)
zephyr/libzephyr.a(soc_nrf_common.S.obj)
                              (--whole-archive)
zephyr/libzephyr.a(validate_base_addresses.c.obj)
                              (--whole-archive)
zephyr/libzephyr.a(validate_enabled_instances.c.obj)
                              (--whole-archive)
zephyr/libzephyr.a(nrf52840_reset.c.obj)
                              (--whole-archive)
zephyr/libzephyr.a(log_minimal.c.obj)
                              (--whole-archive)
zephyr/libzephyr.a(flash_map.c.obj)
                              (--whole-archive)
zephyr/libzephyr.a(flash_map_layout.c.obj)
                              (--whole-archive)
zephyr/libzephyr.a(tracing_none.c.obj)
                              (--whole-archive)
zephyr/libzephyr.a(adp536x.c.obj)
                              (--whole-archive)
zephyr/libzephyr.a(flash_map_partition_manager.c.obj)
                              (--whole-archive)
zephyr/libzephyr.a(nrf_cc3xx_platform_abort_zephyr.c.obj)
                              (--whole-archive)
zephyr/libzephyr.a(nrf_cc3xx_platform_no_mutex_zephyr.c.obj)
                              (--whole-archive)
zephyr/libzephyr.a(serial_adapter.c.obj)
                              (--whole-archive)
zephyr/libzephyr.a(boot_serial.c.obj)
                              (--whole-archive)
zephyr/libzephyr.a(serial_recovery_cbor.c.obj)
                              (--whole-archive)
zephyr/libzephyr.a(cbor_decode.c.obj)
[...]
Memory Configuration

Name             Origin             Length             Attributes
FLASH            0x00000000         0x0000c000         xr
SRAM             0x2000c4e8         0x00033b18         xw
IDT_LIST         0xfffff7ff         0x00000800         xw
*default*        0x00000000         0xffffffff

Linker script and memory map

LOAD zephyr/CMakeFiles/zephyr_pre0.dir/misc/empty_file.c.obj
LOAD zephyr/CMakeFiles/offsets.dir/./arch/arm/core/offsets/offsets.c.obj
                0x00000020                _region_min_align = 0x20

.rel.plt        0x00000000        0x0
 *(SORT_BY_ALIGNMENT(.rel.plt))
                [!provide]                PROVIDE (__rel_iplt_start = .)
 *(SORT_BY_ALIGNMENT(.rel.iplt))
 .rel.iplt      0x00000000        0x0 zephyr/CMakeFiles/offsets.dir/./arch/arm/core/offsets/offsets.c.obj
                [!provide]                PROVIDE (__rel_iplt_end = .)

.rela.plt       0x00000000        0x0
 *(SORT_BY_ALIGNMENT(.rela.plt))
                [!provide]                PROVIDE (__rela_iplt_start = .)
 *(SORT_BY_ALIGNMENT(.rela.iplt))
                [!provide]                PROVIDE (__rela_iplt_end = .)

.rel.dyn
 *(SORT_BY_ALIGNMENT(.rel.*))

.rela.dyn
 *(SORT_BY_ALIGNMENT(.rela.*))

/DISCARD/
 *(SORT_BY_ALIGNMENT(.plt))
 *(SORT_BY_ALIGNMENT(.iplt))
 *(SORT_BY_ALIGNMENT(.got.plt))
 *(SORT_BY_ALIGNMENT(.igot.plt))
 *(SORT_BY_ALIGNMENT(.got))
 *(SORT_BY_ALIGNMENT(.igot))
 *(SORT_BY_ALIGNMENT(.note.GNU-stack))
                0x00000000                __rom_region_start = 0x0

rom_start       0x00000000      0x144
                0x00000000                . = 0x0
                0x00000000                . = ALIGN (0x4)
                0x00000000                . = ALIGN (0x80)
                0x00000000                . = ALIGN (0x200)
                0x00000000                _vector_start = .
 *(SORT_BY_ALIGNMENT(.exc_vector_table))
 *(SORT_BY_ALIGNMENT(.exc_vector_table.*))
 .exc_vector_table._vector_table_section
                0x00000000       0x40 zephyr/arch/arch/arm/core/aarch32/cortex_m/libarch__arm__core__aarch32__cortex_m.a(vector_table.S.obj)
                0x00000000                _vector_table
 *(SORT_BY_ALIGNMENT(.gnu.linkonce.irq_vector_table*))
 .gnu.linkonce.irq_vector_table
                0x00000040      0x104 zephyr/arch/common/libisr_tables.a(isr_tables.c.obj)
                0x00000040                _irq_vector_table
 *(SORT_BY_ALIGNMENT(.vectors))
                0x00000144                _vector_end = .

text            0x00000144     0x87ac
                0x00000144                __text_region_start = .
 *(SORT_BY_ALIGNMENT(.text))
 .text          0x00000144       0x30 c:/gnuarmemb/9_2019-q4-major/bin/../lib/gcc/arm-none-eabi/9.2.1/thumb/v8-m.main/nofp\libgcc.a(_aeabi_uldivmod.o)
                0x00000144                __aeabi_uldivmod
 .text          0x00000174      0x2c8 c:/gnuarmemb/9_2019-q4-major/bin/../lib/gcc/arm-none-eabi/9.2.1/thumb/v8-m.main/nofp\libgcc.a(_udivmoddi4.o)
                0x00000174                __udivmoddi4
 .text          0x0000043c        0x4 c:/gnuarmemb/9_2019-q4-major/bin/../lib/gcc/arm-none-eabi/9.2.1/thumb/v8-m.main/nofp\libgcc.a(_dvmd_tls.o)
                0x0000043c                __aeabi_idiv0
                0x0000043c                __aeabi_ldiv0
 *(SORT_BY_ALIGNMENT(.text.*))
 .text.main     0x00000440      0x134 app/libapp.a(main.c.obj)
                0x00000440                main
 .text.flash_device_get_binding
                0x00000574       0x18 app/libapp.a(flash_map_extended.c.obj)
                0x00000574                flash_device_get_binding
 .text.flash_device_base
                0x0000058c       0x20 app/libapp.a(flash_map_extended.c.obj)
                0x0000058c                flash_device_base
 .text.flash_area_sector_from_off
                0x000005ac       0x24 app/libapp.a(flash_map_extended.c.obj)
                0x000005ac                flash_area_sector_from_off
 .text.os_heap_init
                0x000005d0       0x10 app/libapp.a(os.c.obj)
                0x000005d0                os_heap_init
 .text.bootutil_img_validate
                0x000005e0      0x208 app/libapp.a(image_validate.c.obj)
                0x000005e0                bootutil_img_validate
 .text.bootutil_verify_sig
                0x000007e8      0x1c4 app/libapp.a(image_rsa.c.obj)
                0x000007e8                bootutil_verify_sig
 .text.boot_read_swap_size
                0x000009ac       0x7c app/libapp.a(bootutil_misc.c.obj)
                0x000009ac                boot_read_swap_size
 .text.boot_validate_slot.isra.0
                0x00000a28      0x104 app/libapp.a(loader.c.obj)
 .text.boot_swap_image
                0x00000b2c       0x7c app/libapp.a(loader.c.obj)
 .text.boot_copy_region
                0x00000ba8       0x84 app/libapp.a(loader.c.obj)
                0x00000ba8                boot_copy_region
 .text.context_boot_go
                0x00000c2c      0x264 app/libapp.a(loader.c.obj)
                0x00000c2c                context_boot_go
 .text.boot_go  0x00000e90       0x20 app/libapp.a(loader.c.obj)
                0x00000e90                boot_go
 .text.boot_read_image_header
                0x00000eb0       0x9c app/libapp.a(swap_move.c.obj)
                0x00000eb0                boot_read_image_header
 .text.swap_read_status_bytes
                0x00000f4c       0xcc app/libapp.a(swap_move.c.obj)
                0x00000f4c                swap_read_status_bytes
 .text.boot_slots_compatible
                0x00001018       0x70 app/libapp.a(swap_move.c.obj)
                0x00001018                boot_slots_compatible
 .text.swap_status_source
                0x00001088       0xcc app/libapp.a(swap_move.c.obj)
                0x00001088                swap_status_source
 .text.fixup_revert
                0x00001154       0x98 app/libapp.a(swap_move.c.obj)
                0x00001154                fixup_revert
 .text.swap_run
                0x000011ec      0x1f4 app/libapp.a(swap_move.c.obj)
                0x000011ec                swap_run
 .text.nrf_cleanup_peripheral
                0x000013e0       0x94 app/libapp.a(nrf_cleanup.c.obj)
                0x000013e0                nrf_cleanup_peripheral
 .text.base64_encode
                0x00001474      0x100 zephyr/libzephyr.a(base64.c.obj)
                0x00001474                base64_encode
 .text.base64_decode
                0x00001574      0x13c zephyr/libzephyr.a(base64.c.obj)
                0x00001574                base64_decode
 .text.char_out
                0x000016b0       0x10 zephyr/libzephyr.a(printk.c.obj)
 .text.vprintk  0x000016c0       0x1c zephyr/libzephyr.a(printk.c.obj)
                0x000016c0                vprintk
 .text.process_event
                0x000016dc      0x1cc zephyr/libzephyr.a(onoff.c.obj)
 .text.cbvprintf
                0x000018a8      0x470 zephyr/libzephyr.a(cbprintf_nano.c.obj)
                0x000018a8                cbvprintf
 .text.sys_reboot
                0x00001d18       0x28 zephyr/libzephyr.a(reboot.c.obj)
                0x00001d18                sys_reboot
 .text.nordicsemi_nrf91_init
                0x00001d40       0x28 zephyr/libzephyr.a(soc.c.obj)
 .text.arch_busy_wait
                0x00001d68       0x14 zephyr/libzephyr.a(soc.c.obj)
                0x00001d68                arch_busy_wait
 .text.flash_area_open
                0x00001d7c       0x3c zephyr/libzephyr.a(flash_map.c.obj)
                0x00001d7c                flash_area_open
 .text.flash_area_get_sectors
                0x00001db8       0x68 zephyr/libzephyr.a(flash_map_layout.c.obj)
                0x00001db8                flash_area_get_sectors
 .text.nrf_cc3xx_platform_abort_init
                0x00001e20        0xc zephyr/libzephyr.a(nrf_cc3xx_platform_abort_zephyr.c.obj)
                0x00001e20                nrf_cc3xx_platform_abort_init
 .text.boot_uart_fifo_callback
                0x00001e2c       0xb4 zephyr/libzephyr.a(serial_adapter.c.obj)
 .text.console_out
                0x00001ee0       0x18 zephyr/libzephyr.a(serial_adapter.c.obj)
                0x00001ee0                console_out
 .text.console_read
                0x00001ef8       0x8c zephyr/libzephyr.a(serial_adapter.c.obj)
                0x00001ef8                console_read
 .text.boot_console_init
                0x00001f84       0x94 zephyr/libzephyr.a(serial_adapter.c.obj)
                0x00001f84                boot_console_init
 .text.boot_serial_output
                0x00002018      0x124 zephyr/libzephyr.a(boot_serial.c.obj)
 .text.bs_rc_rsp
                0x0000213c       0x44 zephyr/libzephyr.a(boot_serial.c.obj)
 .text.boot_serial_in_dec.constprop.0
                0x00002180       0x7c zephyr/libzephyr.a(boot_serial.c.obj)
 .text.boot_serial_input
                0x000021fc      0x48c zephyr/libzephyr.a(boot_serial.c.obj)
                0x000021fc                boot_serial_input
 .text.boot_serial_start
                0x00002688       0xb0 zephyr/libzephyr.a(boot_serial.c.obj)
                0x00002688                boot_serial_start
 .text.decode_Upload
                0x00002738       0x40 zephyr/libzephyr.a(serial_recovery_cbor.c.obj)
 .text.decode_Member
                0x00002778       0xfc zephyr/libzephyr.a(serial_recovery_cbor.c.obj)
 .text.cbor_decode_Upload
                0x00002874       0x1c zephyr/libzephyr.a(serial_recovery_cbor.c.obj)
                0x00002874                cbor_decode_Upload
 .text.z_arm_cpu_idle_init
                0x00002890        0xc zephyr/arch/arch/arm/core/aarch32/libarch__arm__core__aarch32.a(cpu_idle.S.obj)
                0x00002890                z_arm_cpu_idle_init
 .text.arch_cpu_idle
                0x0000289c       0x1c zephyr/arch/arch/arm/core/aarch32/libarch__arm__core__aarch32.a(cpu_idle.S.obj)
                0x0000289c                arch_cpu_idle
 .text.arch_cpu_atomic_idle
                0x000028b8       0x14 zephyr/arch/arch/arm/core/aarch32/libarch__arm__core__aarch32.a(cpu_idle.S.obj)
                0x000028b8                arch_cpu_atomic_idle
 .text.z_arm_fatal_error
                0x000028cc       0x5c zephyr/arch/arch/arm/core/aarch32/libarch__arm__core__aarch32.a(fatal.c.obj)
                0x000028cc                z_arm_fatal_error
 .text.arch_irq_enable
                0x00002928       0x20 zephyr/arch/arch/arm/core/aarch32/libarch__arm__core__aarch32.a(irq_manage.c.obj)
                0x00002928                arch_irq_enable
 .text.arch_irq_is_enabled
                0x00002948       0x1c zephyr/arch/arch/arm/core/aarch32/libarch__arm__core__aarch32.a(irq_manage.c.obj)
                0x00002948                arch_irq_is_enabled
 .text.z_arm_irq_priority_set
                0x00002964       0x2c zephyr/arch/arch/arm/core/aarch32/libarch__arm__core__aarch32.a(irq_manage.c.obj)
                0x00002964                z_arm_irq_priority_set
 .text.z_SysNmiOnReset
                0x00002990        0x8 zephyr/arch/arch/arm/core/aarch32/libarch__arm__core__aarch32.a(nmi_on_reset.S.obj)
                0x00002990                z_SysNmiOnReset
 .text.z_arm_prep_c
                0x00002998       0x38 zephyr/arch/arch/arm/core/aarch32/libarch__arm__core__aarch32.a(prep_c.c.obj)
                0x00002998                z_arm_prep_c
 .text.z_arm_svc
                0x000029d0       0x20 zephyr/arch/arch/arm/core/aarch32/libarch__arm__core__aarch32.a(swap_helper.S.obj)
                0x000029d0                z_arm_svc
 .text.z_arm_switch_to_main_no_multithreading
                0x000029f0       0x3c zephyr/arch/arch/arm/core/aarch32/libarch__arm__core__aarch32.a(thread.c.obj)
                0x000029f0                z_arm_switch_to_main_no_multithreading
 .text._isr_wrapper
                0x00002a2c       0x28 zephyr/arch/arch/arm/core/aarch32/libarch__arm__core__aarch32.a(isr_wrapper.S.obj)
                0x00002a2c                _isr_wrapper
 .text._HandlerModeExit
                0x00002a54        0x4 zephyr/arch/arch/arm/core/aarch32/cortex_m/libarch__arm__core__aarch32__cortex_m.a(exc_exit.S.obj)
                0x00002a54                z_arm_int_exit
                0x00002a54                z_arm_exc_exit
 .text.mem_manage_fault.isra.0
                0x00002a58       0xac zephyr/arch/arch/arm/core/aarch32/cortex_m/libarch__arm__core__aarch32__cortex_m.a(fault.c.obj)
 .text.bus_fault.isra.0
                0x00002b04       0xb4 zephyr/arch/arch/arm/core/aarch32/cortex_m/libarch__arm__core__aarch32__cortex_m.a(fault.c.obj)
 .text.usage_fault.isra.0
                0x00002bb8       0xac zephyr/arch/arch/arm/core/aarch32/cortex_m/libarch__arm__core__aarch32__cortex_m.a(fault.c.obj)
 .text.z_arm_fault
                0x00002c64      0x198 zephyr/arch/arch/arm/core/aarch32/cortex_m/libarch__arm__core__aarch32__cortex_m.a(fault.c.obj)
                0x00002c64                z_arm_fault
 .text.z_arm_fault_init
                0x00002dfc       0x18 zephyr/arch/arch/arm/core/aarch32/cortex_m/libarch__arm__core__aarch32__cortex_m.a(fault.c.obj)
                0x00002dfc                z_arm_fault_init
 .text.__fault  0x00002e14       0x14 zephyr/arch/arch/arm/core/aarch32/cortex_m/libarch__arm__core__aarch32__cortex_m.a(fault_s.S.obj)
                0x00002e14                z_arm_usage_fault
                0x00002e14                z_arm_mpu_fault
                0x00002e14                z_arm_exc_spurious
                0x00002e14                z_arm_debug_monitor
                0x00002e14                z_arm_hard_fault
                0x00002e14                z_arm_bus_fault
 .text.z_arm_interrupt_init
                0x00002e28       0x18 zephyr/arch/arch/arm/core/aarch32/cortex_m/libarch__arm__core__aarch32__cortex_m.a(irq_init.c.obj)
                0x00002e28                z_arm_interrupt_init
 .text._reset_section
                0x00002e40       0x60 zephyr/arch/arch/arm/core/aarch32/cortex_m/libarch__arm__core__aarch32__cortex_m.a(reset.S.obj)
                0x00002e40                __start
                0x00002e40                z_arm_reset
 .text.sys_arch_reboot
                0x00002ea0       0x24 zephyr/arch/arch/arm/core/aarch32/cortex_m/libarch__arm__core__aarch32__cortex_m.a(scb.c.obj)
                0x00002ea0                sys_arch_reboot
 .text.z_arm_clear_arm_mpu_config
                0x00002ec4       0x20 zephyr/arch/arch/arm/core/aarch32/cortex_m/libarch__arm__core__aarch32__cortex_m.a(scb.c.obj)
                0x00002ec4                z_arm_clear_arm_mpu_config
 .text.z_arm_init_arch_hw_at_boot
                0x00002ee4       0x4c zephyr/arch/arch/arm/core/aarch32/cortex_m/libarch__arm__core__aarch32__cortex_m.a(scb.c.obj)
                0x00002ee4                z_arm_init_arch_hw_at_boot
 .text.z_arm_configure_static_mpu_regions
                0x00002f30       0x18 zephyr/arch/arch/arm/core/aarch32/mpu/libarch__arm__core__aarch32__mpu.a(arm_core_mpu.c.obj)
                0x00002f30                z_arm_configure_static_mpu_regions
 .text.region_init
                0x00002f48       0x30 zephyr/arch/arch/arm/core/aarch32/mpu/libarch__arm__core__aarch32__mpu.a(arm_mpu.c.obj)
 .text.mpu_configure_region
                0x00002f78       0x50 zephyr/arch/arch/arm/core/aarch32/mpu/libarch__arm__core__aarch32__mpu.a(arm_mpu.c.obj)
 .text.mpu_configure_regions_and_partition.constprop.0
                0x00002fc8      0x168 zephyr/arch/arch/arm/core/aarch32/mpu/libarch__arm__core__aarch32__mpu.a(arm_mpu.c.obj)
 .text.arm_core_mpu_enable
                0x00003130       0x14 zephyr/arch/arch/arm/core/aarch32/mpu/libarch__arm__core__aarch32__mpu.a(arm_mpu.c.obj)
                0x00003130                arm_core_mpu_enable
 .text.arm_core_mpu_disable
                0x00003144       0x10 zephyr/arch/arch/arm/core/aarch32/mpu/libarch__arm__core__aarch32__mpu.a(arm_mpu.c.obj)
                0x00003144                arm_core_mpu_disable
 .text.arm_core_mpu_configure_static_mpu_regions
                0x00003154       0x14 zephyr/arch/arch/arm/core/aarch32/mpu/libarch__arm__core__aarch32__mpu.a(arm_mpu.c.obj)
                0x00003154                arm_core_mpu_configure_static_mpu_regions
 .text.z_arm_mpu_init
                0x00003168       0x4c zephyr/arch/arch/arm/core/aarch32/mpu/libarch__arm__core__aarch32__mpu.a(arm_mpu.c.obj)
                0x00003168                z_arm_mpu_init
 .text.onoff_stop
                0x000031b4       0x48 zephyr/drivers/clock_control/libdrivers__clock_control.a(clock_control_nrf.c.obj)
 .text.onoff_start
                0x000031fc       0x54 zephyr/drivers/clock_control/libdrivers__clock_control.a(clock_control_nrf.c.obj)
 .text.clk_init
                0x00003250       0x60 zephyr/drivers/clock_control/libdrivers__clock_control.a(clock_control_nrf.c.obj)
 .text.clkstarted_handle.constprop.0
                0x000032b0       0x34 zephyr/drivers/clock_control/libdrivers__clock_control.a(clock_control_nrf.c.obj)
 .text.clock_event_handler
                0x000032e4       0x1c zephyr/drivers/clock_control/libdrivers__clock_control.a(clock_control_nrf.c.obj)
 .text.generic_hfclk_start
                0x00003300       0x64 zephyr/drivers/clock_control/libdrivers__clock_control.a(clock_control_nrf.c.obj)
 .text.generic_hfclk_stop
                0x00003364       0x24 zephyr/drivers/clock_control/libdrivers__clock_control.a(clock_control_nrf.c.obj)
 .text.z_nrf_clock_control_lf_on
                0x00003388      0x100 zephyr/drivers/clock_control/libdrivers__clock_control.a(clock_control_nrf.c.obj)
                0x00003388                z_nrf_clock_control_lf_on
 .text.gpio_nrfx_pin_interrupt_configure
                0x00003488       0xc8 zephyr/drivers/gpio/libdrivers__gpio.a(gpio_nrfx.c.obj)
 .text.gpio_nrfx_init
                0x00003550       0x38 zephyr/drivers/gpio/libdrivers__gpio.a(gpio_nrfx.c.obj)
 .text.nrfx_gpio_handler
                0x00003588       0x40 zephyr/drivers/gpio/libdrivers__gpio.a(gpio_nrfx.c.obj)
 .text.gpio_nrfx_pin_configure
                0x000035c8      0x158 zephyr/drivers/gpio/libdrivers__gpio.a(gpio_nrfx.c.obj)
 .text.flash_nrf_pages_layout
                0x00003720       0x10 zephyr/drivers/flash/libdrivers__flash.a(soc_flash_nrf.c.obj)
 .text.flash_nrf_get_parameters
                0x00003730        0x8 zephyr/drivers/flash/libdrivers__flash.a(soc_flash_nrf.c.obj)
 .text.nrf_flash_init
                0x00003738       0x18 zephyr/drivers/flash/libdrivers__flash.a(soc_flash_nrf.c.obj)
 .text.flash_nrf_erase
                0x00003750       0x6c zephyr/drivers/flash/libdrivers__flash.a(soc_flash_nrf.c.obj)
 .text.flash_nrf_read
                0x000037bc       0x3c zephyr/drivers/flash/libdrivers__flash.a(soc_flash_nrf.c.obj)
 .text.flash_nrf_write
                0x000037f8       0x70 zephyr/drivers/flash/libdrivers__flash.a(soc_flash_nrf.c.obj)
 .text.uarte_nrfx_configure
                0x00003868      0x164 zephyr/drivers/serial/libdrivers__serial.a(uart_nrfx_uarte.c.obj)
 .text.uarte_nrfx_poll_out
                0x000039cc       0x8c zephyr/drivers/serial/libdrivers__serial.a(uart_nrfx_uarte.c.obj)
 .text.uarte_instance_init.isra.0
                0x00003a58      0x160 zephyr/drivers/serial/libdrivers__serial.a(uart_nrfx_uarte.c.obj)
 .text.sys_clock_timeout_handler
                0x00003bb8       0x78 zephyr/drivers/timer/libdrivers__timer.a(nrf_rtc_timer.c.obj)
 .text.compare_int_lock
                0x00003c30       0x44 zephyr/drivers/timer/libdrivers__timer.a(nrf_rtc_timer.c.obj)
 .text.compare_int_unlock.part.0
                0x00003c74       0x4c zephyr/drivers/timer/libdrivers__timer.a(nrf_rtc_timer.c.obj)
 .text.z_nrf_rtc_timer_read
                0x00003cc0       0x44 zephyr/drivers/timer/libdrivers__timer.a(nrf_rtc_timer.c.obj)
                0x00003cc0                z_nrf_rtc_timer_read
 .text.compare_set
                0x00003d04      0x140 zephyr/drivers/timer/libdrivers__timer.a(nrf_rtc_timer.c.obj)
 .text.sys_clock_driver_init
                0x00003e44       0x84 zephyr/drivers/timer/libdrivers__timer.a(nrf_rtc_timer.c.obj)
 .text.rtc_nrf_isr
                0x00003ec8       0xe8 zephyr/drivers/timer/libdrivers__timer.a(nrf_rtc_timer.c.obj)
                0x00003ec8                rtc_nrf_isr
 .text.sys_clock_set_timeout
                0x00003fb0       0x60 zephyr/drivers/timer/libdrivers__timer.a(nrf_rtc_timer.c.obj)
                0x00003fb0                sys_clock_set_timeout
 .text.sys_clock_elapsed
                0x00004010       0x14 zephyr/drivers/timer/libdrivers__timer.a(nrf_rtc_timer.c.obj)
                0x00004010                sys_clock_elapsed
 .text.k_sys_fatal_error_handler
                0x00004024       0x14 modules/nrf/lib/fatal_error/lib..__nrf__lib__fatal_error.a(fatal_error.c.obj)
                0x00004024                k_sys_fatal_error_handler
 .text.boot_write_magic
                0x00004038       0x1c modules/mcuboot/boot/bootutil/zephyr/libmcuboot_util.a(bootutil_public.c.obj)
                0x00004038                boot_write_magic
 .text.boot_read_swap_state
                0x00004054       0xa0 modules/mcuboot/boot/bootutil/zephyr/libmcuboot_util.a(bootutil_public.c.obj)
                0x00004054                boot_read_swap_state
 .text.boot_swap_type_multi
                0x000040f4       0xf4 modules/mcuboot/boot/bootutil/zephyr/libmcuboot_util.a(bootutil_public.c.obj)
                0x000040f4                boot_swap_type_multi
 .text.verify_header
                0x000041e8       0x40 modules/mbedtls/libmodules__mbedtls.a(memory_buffer_alloc.c.obj)
 .text.verify_chain
                0x00004228       0x3c modules/mbedtls/libmodules__mbedtls.a(memory_buffer_alloc.c.obj)
 .text.buffer_alloc_calloc
                0x00004264      0x118 modules/mbedtls/libmodules__mbedtls.a(memory_buffer_alloc.c.obj)
 .text.buffer_alloc_free
                0x0000437c      0x110 modules/mbedtls/libmodules__mbedtls.a(memory_buffer_alloc.c.obj)
 .text.mbedtls_memory_buffer_alloc_init
                0x0000448c       0x64 modules/mbedtls/libmodules__mbedtls.a(memory_buffer_alloc.c.obj)
                0x0000448c                mbedtls_memory_buffer_alloc_init
 .text.mbedtls_calloc
                0x000044f0        0xc modules/mbedtls/libmodules__mbedtls.a(platform.c.obj)
                0x000044f0                mbedtls_calloc
 .text.mbedtls_free
                0x000044fc        0xc modules/mbedtls/libmodules__mbedtls.a(platform.c.obj)
                0x000044fc                mbedtls_free
 .text.mbedtls_platform_set_calloc_free
                0x00004508       0x14 modules/mbedtls/libmodules__mbedtls.a(platform.c.obj)
                0x00004508                mbedtls_platform_set_calloc_free
 .text.rsa_check_context.isra.0
                0x0000451c       0xb8 modules/mbedtls/libmodules__mbedtls.a(rsa.c.obj)
 .text.mbedtls_rsa_check_pubkey
                0x000045d4       0x48 modules/mbedtls/libmodules__mbedtls.a(rsa.c.obj)
                0x000045d4                mbedtls_rsa_check_pubkey
 .text.mbedtls_rsa_public
                0x0000461c       0x7c modules/mbedtls/libmodules__mbedtls.a(rsa.c.obj)
                0x0000461c                mbedtls_rsa_public
 .text.mbedtls_sha256_starts
                0x00004698       0xa4 modules/mbedtls/libmodules__mbedtls.a(sha256.c.obj)
                0x00004698                mbedtls_sha256_starts
 .text.mbedtls_internal_sha256_process
                0x0000473c      0x15c modules/mbedtls/libmodules__mbedtls.a(sha256.c.obj)
                0x0000473c                mbedtls_internal_sha256_process
 .text.nrf91_errata_14
                0x00004898       0x24 modules/hal_nordic/nrfx/libmodules__hal_nordic__nrfx.a(system_nrf9160.c.obj)
 .text.SystemInit
                0x000048bc      0x18c modules/hal_nordic/nrfx/libmodules__hal_nordic__nrfx.a(system_nrf9160.c.obj)
                0x000048bc                SystemInit
 .text.nrfx_flag32_alloc
                0x00004a48       0x40 modules/hal_nordic/nrfx/libmodules__hal_nordic__nrfx.a(nrfx_flag32_allocator.c.obj)
                0x00004a48                nrfx_flag32_alloc
 .text.nrfx_flag32_free
                0x00004a88       0x3c modules/hal_nordic/nrfx/libmodules__hal_nordic__nrfx.a(nrfx_flag32_allocator.c.obj)
                0x00004a88                nrfx_flag32_free
 .text.nrfx_clock_init
                0x00004ac4       0x20 modules/hal_nordic/nrfx/libmodules__hal_nordic__nrfx.a(nrfx_clock.c.obj)
                0x00004ac4                nrfx_clock_init
 .text.nrfx_clock_start
                0x00004ae4       0x64 modules/hal_nordic/nrfx/libmodules__hal_nordic__nrfx.a(nrfx_clock.c.obj)
                0x00004ae4                nrfx_clock_start
 .text.nrfx_clock_stop
                0x00004b48       0x84 modules/hal_nordic/nrfx/libmodules__hal_nordic__nrfx.a(nrfx_clock.c.obj)
                0x00004b48                nrfx_clock_stop
 .text.nrfx_power_clock_irq_handler
                0x00004bcc       0x68 modules/hal_nordic/nrfx/libmodules__hal_nordic__nrfx.a(nrfx_clock.c.obj)
                0x00004bcc                nrfx_power_clock_irq_handler
 .text.nrfx_dppi_channel_alloc
                0x00004c34        0xc modules/hal_nordic/nrfx/libmodules__hal_nordic__nrfx.a(nrfx_dppi.c.obj)
                0x00004c34                nrfx_dppi_channel_alloc
 .text.call_handler
                0x00004c40       0x3c modules/hal_nordic/nrfx/libmodules__hal_nordic__nrfx.a(nrfx_gpiote.c.obj)
 .text.release_handler
                0x00004c7c       0x54 modules/hal_nordic/nrfx/libmodules__hal_nordic__nrfx.a(nrfx_gpiote.c.obj)
 .text.pin_handler_trigger_uninit
                0x00004cd0       0x38 modules/hal_nordic/nrfx/libmodules__hal_nordic__nrfx.a(nrfx_gpiote.c.obj)
 .text.nrf_gpio_cfg_sense_set
                0x00004d08       0x20 modules/hal_nordic/nrfx/libmodules__hal_nordic__nrfx.a(nrfx_gpiote.c.obj)
 .text.nrfx_gpiote_input_configure
                0x00004d28      0x14c modules/hal_nordic/nrfx/libmodules__hal_nordic__nrfx.a(nrfx_gpiote.c.obj)
                0x00004d28                nrfx_gpiote_input_configure
 .text.nrfx_gpiote_output_configure
                0x00004e74      0x128 modules/hal_nordic/nrfx/libmodules__hal_nordic__nrfx.a(nrfx_gpiote.c.obj)
                0x00004e74                nrfx_gpiote_output_configure
 .text.nrfx_gpiote_global_callback_set
                0x00004f9c        0xc modules/hal_nordic/nrfx/libmodules__hal_nordic__nrfx.a(nrfx_gpiote.c.obj)
                0x00004f9c                nrfx_gpiote_global_callback_set
 .text.nrfx_gpiote_channel_get
                0x00004fa8       0x24 modules/hal_nordic/nrfx/libmodules__hal_nordic__nrfx.a(nrfx_gpiote.c.obj)
                0x00004fa8                nrfx_gpiote_channel_get
 .text.nrfx_gpiote_init
                0x00004fcc       0x50 modules/hal_nordic/nrfx/libmodules__hal_nordic__nrfx.a(nrfx_gpiote.c.obj)
                0x00004fcc                nrfx_gpiote_init
 .text.nrfx_gpiote_is_init
                0x0000501c       0x14 modules/hal_nordic/nrfx/libmodules__hal_nordic__nrfx.a(nrfx_gpiote.c.obj)
                0x0000501c                nrfx_gpiote_is_init
 .text.nrfx_gpiote_channel_free
                0x00005030        0xc modules/hal_nordic/nrfx/libmodules__hal_nordic__nrfx.a(nrfx_gpiote.c.obj)
                0x00005030                nrfx_gpiote_channel_free
 .text.nrfx_gpiote_channel_alloc
                0x0000503c        0xc modules/hal_nordic/nrfx/libmodules__hal_nordic__nrfx.a(nrfx_gpiote.c.obj)
                0x0000503c                nrfx_gpiote_channel_alloc
 .text.nrfx_gpiote_trigger_enable
                0x00005048       0x84 modules/hal_nordic/nrfx/libmodules__hal_nordic__nrfx.a(nrfx_gpiote.c.obj)
                0x00005048                nrfx_gpiote_trigger_enable
 .text.nrfx_gpiote_trigger_disable
                0x000050cc       0x44 modules/hal_nordic/nrfx/libmodules__hal_nordic__nrfx.a(nrfx_gpiote.c.obj)
                0x000050cc                nrfx_gpiote_trigger_disable
 .text.nrfx_gpiote_pin_uninit
                0x00005110       0x44 modules/hal_nordic/nrfx/libmodules__hal_nordic__nrfx.a(nrfx_gpiote.c.obj)
                0x00005110                nrfx_gpiote_pin_uninit
 .text.nrfx_gpiote_irq_handler
                0x00005154      0x150 modules/hal_nordic/nrfx/libmodules__hal_nordic__nrfx.a(nrfx_gpiote.c.obj)
                0x00005154                nrfx_gpiote_irq_handler
 .text.nvmc_readonly_mode_set
                0x000052a4       0x14 modules/hal_nordic/nrfx/libmodules__hal_nordic__nrfx.a(nrfx_nvmc.c.obj)
 .text.nrfx_nvmc_page_erase
                0x000052b8       0x3c modules/hal_nordic/nrfx/libmodules__hal_nordic__nrfx.a(nrfx_nvmc.c.obj)
                0x000052b8                nrfx_nvmc_page_erase
 .text.nrfx_nvmc_word_write
                0x000052f4       0x24 modules/hal_nordic/nrfx/libmodules__hal_nordic__nrfx.a(nrfx_nvmc.c.obj)
                0x000052f4                nrfx_nvmc_word_write
 .text.z_sys_init_run_level
                0x00005318       0x40 zephyr/kernel/libkernel.a(device.c.obj)
                0x00005318                z_sys_init_run_level
 .text.z_impl_device_get_binding
                0x00005358       0x58 zephyr/kernel/libkernel.a(device.c.obj)
                0x00005358                z_impl_device_get_binding
 .text.z_fatal_error
                0x000053b0       0x7c zephyr/kernel/libkernel.a(fatal.c.obj)
                0x000053b0                z_fatal_error
 .text.bg_thread_main
                0x0000542c       0x30 zephyr/kernel/libkernel.a(init.c.obj)
 .text.z_bss_zero
                0x0000545c       0x14 zephyr/kernel/libkernel.a(init.c.obj)
                0x0000545c                z_bss_zero
 .text.z_cstart
                0x00005470       0x74 zephyr/kernel/libkernel.a(init.c.obj)
                0x00005470                z_cstart
 .text.z_data_copy
                0x000054e4       0x34 zephyr/kernel/libkernel.a(xip.c.obj)
                0x000054e4                z_data_copy
 .text.elapsed  0x00005518       0x14 zephyr/kernel/libkernel.a(timeout.c.obj)
 .text.remove_timeout
                0x0000552c       0x34 zephyr/kernel/libkernel.a(timeout.c.obj)
 .text.next_timeout
                0x00005560       0x48 zephyr/kernel/libkernel.a(timeout.c.obj)
 .text.sys_clock_announce
                0x000055a8       0xcc zephyr/kernel/libkernel.a(timeout.c.obj)
                0x000055a8                sys_clock_announce
 .text.nrf_cc3xx_platform_init_no_rng
                0x00005674       0x38 C:/ncs/nrfxlib/crypto/nrf_cc310_platform/lib/cortex-m33/soft-float/no-interrupts/libnrf_cc310_platform_0.9.13.a(nrf_cc3xx_platform.c.obj)
                0x00005674                nrf_cc3xx_platform_init_no_rng
 .text.nrf_cc3xx_platform_abort
                0x000056ac       0x24 C:/ncs/nrfxlib/crypto/nrf_cc310_platform/lib/cortex-m33/soft-float/no-interrupts/libnrf_cc310_platform_0.9.13.a(nrf_cc3xx_platform_abort.c.obj)
 .text.CC_PalAbort
                0x000056d0       0x38 C:/ncs/nrfxlib/crypto/nrf_cc310_platform/lib/cortex-m33/soft-float/no-interrupts/libnrf_cc310_platform_0.9.13.a(nrf_cc3xx_platform_abort.c.obj)
                0x000056d0                CC_PalAbort
 .text.nrf_cc3xx_platform_set_abort
                0x00005708       0x10 C:/ncs/nrfxlib/crypto/nrf_cc310_platform/lib/cortex-m33/soft-float/no-interrupts/libnrf_cc310_platform_0.9.13.a(nrf_cc3xx_platform_abort.c.obj)
                0x00005708                nrf_cc3xx_platform_set_abort
 .text.mbedtls_platform_zeroize
                0x00005718       0x14 C:/ncs/nrfxlib/crypto/nrf_cc310_platform/lib/cortex-m33/soft-float/no-interrupts/libnrf_cc310_platform_0.9.13.a(mbedtls_common.c.obj)
                0x00005718                mbedtls_platform_zeroize
 .text.CC_LibInitNoRng
                0x0000572c       0x6c C:/ncs/nrfxlib/crypto/nrf_cc310_platform/lib/cortex-m33/soft-float/no-interrupts/libnrf_cc310_platform_0.9.13.a(cc_lib.c.obj)
                0x0000572c                CC_LibInitNoRng
 .text.CC_HalInit
                0x00005798        0x4 C:/ncs/nrfxlib/crypto/nrf_cc310_platform/lib/cortex-m33/soft-float/no-interrupts/libnrf_cc310_platform_0.9.13.a(cc_hal.c.obj)
                0x00005798                CC_HalInit
 .text.CC_HalTerminate
                0x0000579c        0x4 C:/ncs/nrfxlib/crypto/nrf_cc310_platform/lib/cortex-m33/soft-float/no-interrupts/libnrf_cc310_platform_0.9.13.a(cc_hal.c.obj)
                0x0000579c                CC_HalTerminate
 .text.CC_HalMaskInterrupt
                0x000057a0        0xc C:/ncs/nrfxlib/crypto/nrf_cc310_platform/lib/cortex-m33/soft-float/no-interrupts/libnrf_cc310_platform_0.9.13.a(cc_hal.c.obj)
                0x000057a0                CC_HalMaskInterrupt
 .text.CC_PalInit
                0x000057ac       0x5c C:/ncs/nrfxlib/crypto/nrf_cc310_platform/lib/cortex-m33/soft-float/no-interrupts/libnrf_cc310_platform_0.9.13.a(cc_pal.c.obj)
                0x000057ac                CC_PalInit
 .text.CC_PalTerminate
                0x00005808       0x34 C:/ncs/nrfxlib/crypto/nrf_cc310_platform/lib/cortex-m33/soft-float/no-interrupts/libnrf_cc310_platform_0.9.13.a(cc_pal.c.obj)
                0x00005808                CC_PalTerminate
 .text.CC_PalDmaInit
                0x0000583c        0x4 C:/ncs/nrfxlib/crypto/nrf_cc310_platform/lib/cortex-m33/soft-float/no-interrupts/libnrf_cc310_platform_0.9.13.a(cc_pal_dma.c.obj)
                0x0000583c                CC_PalDmaInit
 .text.CC_PalDmaTerminate
                0x00005840        0x4 C:/ncs/nrfxlib/crypto/nrf_cc310_platform/lib/cortex-m33/soft-float/no-interrupts/libnrf_cc310_platform_0.9.13.a(cc_pal_dma.c.obj)
                0x00005840                CC_PalDmaTerminate
 .text.CC_PalMutexCreate
                0x00005844       0x14 C:/ncs/nrfxlib/crypto/nrf_cc310_platform/lib/cortex-m33/soft-float/no-interrupts/libnrf_cc310_platform_0.9.13.a(cc_pal_mutex.c.obj)
                0x00005844                CC_PalMutexCreate
 .text.CC_PalMutexDestroy
                0x00005858       0x14 C:/ncs/nrfxlib/crypto/nrf_cc310_platform/lib/cortex-m33/soft-float/no-interrupts/libnrf_cc310_platform_0.9.13.a(cc_pal_mutex.c.obj)
                0x00005858                CC_PalMutexDestroy
 .text.CC_PalPowerSaveModeInit
                0x0000586c       0x3c C:/ncs/nrfxlib/crypto/nrf_cc310_platform/lib/cortex-m33/soft-float/no-interrupts/libnrf_cc310_platform_0.9.13.a(cc_pal_pm.c.obj)
                0x0000586c                CC_PalPowerSaveModeInit
 .text.CC_PalPowerSaveModeSelect
                0x000058a8       0x84 C:/ncs/nrfxlib/crypto/nrf_cc310_platform/lib/cortex-m33/soft-float/no-interrupts/libnrf_cc310_platform_0.9.13.a(cc_pal_pm.c.obj)
                0x000058a8                CC_PalPowerSaveModeSelect
 .text.mutex_free
                0x0000592c       0x28 C:/ncs/nrfxlib/crypto/nrf_cc310_platform/lib/cortex-m33/soft-float/no-interrupts/libnrf_cc310_platform_0.9.13.a(nrf_cc3xx_platform_mutex.c.obj)
 .text.mutex_unlock
                0x00005954       0x2c C:/ncs/nrfxlib/crypto/nrf_cc310_platform/lib/cortex-m33/soft-float/no-interrupts/libnrf_cc310_platform_0.9.13.a(nrf_cc3xx_platform_mutex.c.obj)
 .text.mutex_init
                0x00005980       0x1c C:/ncs/nrfxlib/crypto/nrf_cc310_platform/lib/cortex-m33/soft-float/no-interrupts/libnrf_cc310_platform_0.9.13.a(nrf_cc3xx_platform_mutex.c.obj)
 .text.mutex_lock
                0x0000599c       0x3c C:/ncs/nrfxlib/crypto/nrf_cc310_platform/lib/cortex-m33/soft-float/no-interrupts/libnrf_cc310_platform_0.9.13.a(nrf_cc3xx_platform_mutex.c.obj)
 .text._OffsetAbsSyms
                0x000059d8        0x2 zephyr/CMakeFiles/offsets.dir/./arch/arm/core/offsets/offsets.c.obj
                0x000059d8                _OffsetAbsSyms
 .text.flash_area_id_from_multi_image_slot
                0x000059da       0x12 app/libapp.a(flash_map_extended.c.obj)
                0x000059da                flash_area_id_from_multi_image_slot
 .text.flash_area_get_device_id
                0x000059ec        0x4 app/libapp.a(flash_map_extended.c.obj)
                0x000059ec                flash_area_get_device_id
 .text.bootutil_tlv_iter_begin
                0x000059f0       0x98 app/libapp.a(tlv.c.obj)
                0x000059f0                bootutil_tlv_iter_begin
 .text.bootutil_tlv_iter_next
                0x00005a88       0x96 app/libapp.a(tlv.c.obj)
                0x00005a88                bootutil_tlv_iter_next
 .text.boot_fih_memequal
                0x00005b1e        0x4 app/libapp.a(bootutil_misc.c.obj)
                0x00005b1e                boot_fih_memequal
 .text.boot_trailer_sz
                0x00005b22        0xa app/libapp.a(bootutil_misc.c.obj)
                0x00005b22                boot_trailer_sz
 .text.boot_status_entries
                0x00005b2c       0x14 app/libapp.a(bootutil_misc.c.obj)
                0x00005b2c                boot_status_entries
 .text.boot_status_off
                0x00005b40       0x18 app/libapp.a(bootutil_misc.c.obj)
                0x00005b40                boot_status_off
 .text.boot_write_copy_done
                0x00005b58        0xa app/libapp.a(bootutil_misc.c.obj)
                0x00005b58                boot_write_copy_done
 .text.boot_write_swap_size
                0x00005b62       0x1e app/libapp.a(bootutil_misc.c.obj)
                0x00005b62                boot_write_swap_size
 .text.boot_read_image_size
                0x00005b80       0x90 app/libapp.a(loader.c.obj)
 .text.boot_read_image_headers
                0x00005c10       0x30 app/libapp.a(loader.c.obj)
 .text.boot_read_sectors
                0x00005c40       0x44 app/libapp.a(loader.c.obj)
 .text.boot_status_reset
                0x00005c84       0x12 app/libapp.a(loader.c.obj)
                0x00005c84                boot_status_reset
 .text.boot_status_is_reset
                0x00005c96       0x1a app/libapp.a(loader.c.obj)
                0x00005c96                boot_status_is_reset
 .text.boot_write_status
                0x00005cb0       0x64 app/libapp.a(loader.c.obj)
                0x00005cb0                boot_write_status
 .text.boot_erase_region
                0x00005d14        0x4 app/libapp.a(loader.c.obj)
                0x00005d14                boot_erase_region
 .text.swap_erase_trailer_sectors
                0x00005d18       0x6c app/libapp.a(swap_misc.c.obj)
                0x00005d18                swap_erase_trailer_sectors
 .text.swap_status_init
                0x00005d84       0x3e app/libapp.a(swap_misc.c.obj)
                0x00005d84                swap_status_init
 .text.swap_read_status
                0x00005dc2       0x78 app/libapp.a(swap_misc.c.obj)
                0x00005dc2                swap_read_status
 .text.swap_set_copy_done
                0x00005e3a       0x24 app/libapp.a(swap_misc.c.obj)
                0x00005e3a                swap_set_copy_done
 .text.swap_set_image_ok
                0x00005e5e       0x3c app/libapp.a(swap_misc.c.obj)
                0x00005e5e                swap_set_image_ok
 .text.boot_status_internal_off
                0x00005e9a       0x2c app/libapp.a(swap_move.c.obj)
                0x00005e9a                boot_status_internal_off
 .text.crc16    0x00005ec6       0x5a zephyr/libzephyr.a(crc16_sw.c.obj)
                0x00005ec6                crc16
 .text.sys_notify_validate
                0x00005f20       0x22 zephyr/libzephyr.a(notify.c.obj)
                0x00005f20                sys_notify_validate
 .text.sys_notify_finalize
                0x00005f42       0x1a zephyr/libzephyr.a(notify.c.obj)
                0x00005f42                sys_notify_finalize
 .text.arch_printk_char_out
                0x00005f5c        0x4 zephyr/libzephyr.a(printk.c.obj)
                0x00005f5c                arch_printk_char_out
 .text.printk   0x00005f60       0x1a zephyr/libzephyr.a(printk.c.obj)
                0x00005f60                printk
 .text.process_recheck
                0x00005f7a       0x38 zephyr/libzephyr.a(onoff.c.obj)
 .text.notify_one
                0x00005fb2       0x2c zephyr/libzephyr.a(onoff.c.obj)
 .text.transition_complete
                0x00005fde       0x1c zephyr/libzephyr.a(onoff.c.obj)
 .text.validate_args
                0x00005ffa       0x1e zephyr/libzephyr.a(onoff.c.obj)
 .text.onoff_manager_init
                0x00006018       0x26 zephyr/libzephyr.a(onoff.c.obj)
                0x00006018                onoff_manager_init
 .text.onoff_request
                0x0000603e       0x92 zephyr/libzephyr.a(onoff.c.obj)
                0x0000603e                onoff_request
 .text._ConfigAbsSyms
                0x000060d0        0x2 zephyr/libzephyr.a(configs.c.obj)
                0x000060d0                _ConfigAbsSyms
 .text.z_log_minimal_printk
                0x000060d2       0x1a zephyr/libzephyr.a(log_minimal.c.obj)
                0x000060d2                z_log_minimal_printk
 .text.flash_area_close
                0x000060ec        0x2 zephyr/libzephyr.a(flash_map.c.obj)
                0x000060ec                flash_area_close
 .text.flash_area_read
                0x000060ee       0x38 zephyr/libzephyr.a(flash_map.c.obj)
                0x000060ee                flash_area_read
 .text.flash_area_write
                0x00006126       0x66 zephyr/libzephyr.a(flash_map.c.obj)
                0x00006126                flash_area_write
 .text.flash_area_erase
                0x0000618c       0x5e zephyr/libzephyr.a(flash_map.c.obj)
                0x0000618c                flash_area_erase
 .text.flash_area_align
                0x000061ea       0x12 zephyr/libzephyr.a(flash_map.c.obj)
                0x000061ea                flash_area_align
 .text.flash_area_erased_val
                0x000061fc       0x12 zephyr/libzephyr.a(flash_map.c.obj)
                0x000061fc                flash_area_erased_val
 .text.get_sectors_cb
                0x0000620e       0x3c zephyr/libzephyr.a(flash_map_layout.c.obj)
 .text.abort_function
                0x0000624a        0x8 zephyr/libzephyr.a(nrf_cc3xx_platform_abort_zephyr.c.obj)
 .text.nrf_cc3xx_platform_mutex_init
                0x00006252        0x2 zephyr/libzephyr.a(nrf_cc3xx_platform_no_mutex_zephyr.c.obj)
                0x00006252                nrf_cc3xx_platform_mutex_init
 .text.console_write
                0x00006254       0x1c zephyr/libzephyr.a(serial_adapter.c.obj)
                0x00006254                console_write
 .text.u32toa   0x00006270       0x44 zephyr/libzephyr.a(boot_serial.c.obj)
 .text.value_extract
                0x000062b4       0x78 zephyr/libzephyr.a(cbor_decode.c.obj)
 .text.uint32_decode
                0x0000632c        0x6 zephyr/libzephyr.a(cbor_decode.c.obj)
 .text.strx_start_decode
                0x00006332       0x40 zephyr/libzephyr.a(cbor_decode.c.obj)
 .text.list_map_start_decode
                0x00006372       0x3c zephyr/libzephyr.a(cbor_decode.c.obj)
 .text.intx32_decode
                0x000063ae       0x44 zephyr/libzephyr.a(cbor_decode.c.obj)
                0x000063ae                intx32_decode
 .text.strx_decode
                0x000063f2       0x16 zephyr/libzephyr.a(cbor_decode.c.obj)
                0x000063f2                strx_decode
 .text.strx_expect
                0x00006408       0x38 zephyr/libzephyr.a(cbor_decode.c.obj)
                0x00006408                strx_expect
 .text.bstrx_decode
                0x00006440        0x6 zephyr/libzephyr.a(cbor_decode.c.obj)
                0x00006440                bstrx_decode
 .text.tstrx_expect
                0x00006446        0x6 zephyr/libzephyr.a(cbor_decode.c.obj)
                0x00006446                tstrx_expect
 .text.map_start_decode
                0x0000644c       0x14 zephyr/libzephyr.a(cbor_decode.c.obj)
                0x0000644c                map_start_decode
 .text.list_map_end_decode
                0x00006460        0x8 zephyr/libzephyr.a(cbor_decode.c.obj)
                0x00006460                list_map_end_decode
 .text.map_end_decode
                0x00006468        0x4 zephyr/libzephyr.a(cbor_decode.c.obj)
                0x00006468                map_end_decode
 .text.multi_decode
                0x0000646c       0x4c zephyr/libzephyr.a(cbor_decode.c.obj)
                0x0000646c                multi_decode
 .text.get_result_len
                0x000064b8       0x38 zephyr/libzephyr.a(cbor_encode.c.obj)
 .text.get_additional
                0x000064f0       0x28 zephyr/libzephyr.a(cbor_encode.c.obj)
                0x000064f0                get_additional
 .text.value_encode
                0x00006518       0x60 zephyr/libzephyr.a(cbor_encode.c.obj)
 .text.uint32_encode
                0x00006578       0x10 zephyr/libzephyr.a(cbor_encode.c.obj)
 .text.strx_start_encode
                0x00006588       0x3a zephyr/libzephyr.a(cbor_encode.c.obj)
 .text.uintx32_put
                0x000065c2       0x12 zephyr/libzephyr.a(cbor_encode.c.obj)
                0x000065c2                uintx32_put
 .text.tstrx_encode
                0x000065d4       0x36 zephyr/libzephyr.a(cbor_encode.c.obj)
                0x000065d4                tstrx_encode
 .text.list_start_encode
                0x0000660a       0x18 zephyr/libzephyr.a(cbor_encode.c.obj)
                0x0000660a                list_start_encode
 .text.map_start_encode
                0x00006622       0x18 zephyr/libzephyr.a(cbor_encode.c.obj)
                0x00006622                map_start_encode
 .text.list_map_end_encode
                0x0000663a       0x18 zephyr/libzephyr.a(cbor_encode.c.obj)
                0x0000663a                list_map_end_encode
 .text.list_end_encode
                0x00006652        0x6 zephyr/libzephyr.a(cbor_encode.c.obj)
                0x00006652                list_end_encode
 .text.map_end_encode
                0x00006658        0x6 zephyr/libzephyr.a(cbor_encode.c.obj)
                0x00006658                map_end_encode
 .text.new_backup
                0x0000665e       0x2c zephyr/libzephyr.a(cbor_common.c.obj)
                0x0000665e                new_backup
 .text.restore_backup
                0x0000668a       0x4a zephyr/libzephyr.a(cbor_common.c.obj)
                0x0000668a                restore_backup
 .text.union_start_code
                0x000066d4        0x6 zephyr/libzephyr.a(cbor_common.c.obj)
                0x000066d4                union_start_code
 .text.union_elem_code
                0x000066da        0x8 zephyr/libzephyr.a(cbor_common.c.obj)
                0x000066da                union_elem_code
 .text.union_end_code
                0x000066e2        0x8 zephyr/libzephyr.a(cbor_common.c.obj)
                0x000066e2                union_end_code
 .text.entry_function
                0x000066ea       0x64 zephyr/libzephyr.a(cbor_common.c.obj)
                0x000066ea                entry_function
 .text.z_do_kernel_oops
                0x0000674e        0x8 zephyr/arch/arch/arm/core/aarch32/libarch__arm__core__aarch32.a(fatal.c.obj)
                0x0000674e                z_do_kernel_oops
 .text.z_irq_spurious
                0x00006756        0x8 zephyr/arch/arch/arm/core/aarch32/libarch__arm__core__aarch32.a(irq_manage.c.obj)
                0x00006756                z_irq_spurious
 .text.z_arm_nmi
                0x0000675e        0xe zephyr/arch/arch/arm/core/aarch32/libarch__arm__core__aarch32.a(nmi.c.obj)
                0x0000675e                z_arm_nmi
 .text.arm_cmse_mpu_region_get
                0x0000676c       0x12 zephyr/arch/arch/arm/core/aarch32/cortex_m/cmse/libarch__arm__core__aarch32__cortex_m__cmse.a(arm_core_cmse.c.obj)
                0x0000676c                arm_cmse_mpu_region_get
 .text.strlen   0x0000677e        0xe zephyr/lib/libc/minimal/liblib__libc__minimal.a(string.c.obj)
                0x0000677e                strlen
 .text.strcmp   0x0000678c       0x18 zephyr/lib/libc/minimal/liblib__libc__minimal.a(string.c.obj)
                0x0000678c                strcmp
 .text.memcmp   0x000067a4       0x20 zephyr/lib/libc/minimal/liblib__libc__minimal.a(string.c.obj)
                0x000067a4                memcmp
 .text.memmove  0x000067c4       0x2e zephyr/lib/libc/minimal/liblib__libc__minimal.a(string.c.obj)
                0x000067c4                memmove
 .text.memcpy   0x000067f2       0x16 zephyr/lib/libc/minimal/liblib__libc__minimal.a(string.c.obj)
                0x000067f2                memcpy
 .text.memset   0x00006808       0x12 zephyr/lib/libc/minimal/liblib__libc__minimal.a(string.c.obj)
                0x00006808                memset
 .text.get_status
                0x0000681a       0x12 zephyr/drivers/clock_control/libdrivers__clock_control.a(clock_control_nrf.c.obj)
 .text.set_off_state
                0x0000682c       0x32 zephyr/drivers/clock_control/libdrivers__clock_control.a(clock_control_nrf.c.obj)
 .text.set_starting_state
                0x0000685e       0x3c zephyr/drivers/clock_control/libdrivers__clock_control.a(clock_control_nrf.c.obj)
 .text.set_on_state
                0x0000689a       0x26 zephyr/drivers/clock_control/libdrivers__clock_control.a(clock_control_nrf.c.obj)
 .text.api_blocking_start
                0x000068c0        0x6 zephyr/drivers/clock_control/libdrivers__clock_control.a(clock_control_nrf.c.obj)
 .text.onoff_started_callback
                0x000068c6       0x12 zephyr/drivers/clock_control/libdrivers__clock_control.a(clock_control_nrf.c.obj)
 .text.lfclk_start
                0x000068d8        0x6 zephyr/drivers/clock_control/libdrivers__clock_control.a(clock_control_nrf.c.obj)
 .text.lfclk_stop
                0x000068de        0x6 zephyr/drivers/clock_control/libdrivers__clock_control.a(clock_control_nrf.c.obj)
 .text.api_stop
                0x000068e4       0x28 zephyr/drivers/clock_control/libdrivers__clock_control.a(clock_control_nrf.c.obj)
 .text.api_start
                0x0000690c       0x34 zephyr/drivers/clock_control/libdrivers__clock_control.a(clock_control_nrf.c.obj)
 .text.gpio_nrfx_port_get_raw
                0x00006940        0xc zephyr/drivers/gpio/libdrivers__gpio.a(gpio_nrfx.c.obj)
 .text.gpio_nrfx_port_set_masked_raw
                0x0000694c       0x12 zephyr/drivers/gpio/libdrivers__gpio.a(gpio_nrfx.c.obj)
 .text.gpio_nrfx_port_set_bits_raw
                0x0000695e        0xa zephyr/drivers/gpio/libdrivers__gpio.a(gpio_nrfx.c.obj)
 .text.gpio_nrfx_port_clear_bits_raw
                0x00006968        0xa zephyr/drivers/gpio/libdrivers__gpio.a(gpio_nrfx.c.obj)
 .text.gpio_nrfx_port_toggle_bits
                0x00006972        0xe zephyr/drivers/gpio/libdrivers__gpio.a(gpio_nrfx.c.obj)
 .text.gpio_nrfx_manage_callback
                0x00006980       0x56 zephyr/drivers/gpio/libdrivers__gpio.a(gpio_nrfx.c.obj)
 .text.is_regular_addr_valid
                0x000069d6       0x26 zephyr/drivers/flash/libdrivers__flash.a(soc_flash_nrf.c.obj)
 .text.flash_get_page_info
                0x000069fc       0x6a zephyr/drivers/flash/libdrivers__flash.a(flash_page_layout.c.obj)
 .text.z_impl_flash_get_page_info_by_offs
                0x00006a66        0x8 zephyr/drivers/flash/libdrivers__flash.a(flash_page_layout.c.obj)
                0x00006a66                z_impl_flash_get_page_info_by_offs
 .text.flash_page_foreach
                0x00006a6e       0x58 zephyr/drivers/flash/libdrivers__flash.a(flash_page_layout.c.obj)
                0x00006a6e                flash_page_foreach
 .text.uarte_nrfx_isr_int
                0x00006ac6       0xbc zephyr/drivers/serial/libdrivers__serial.a(uart_nrfx_uarte.c.obj)
 .text.uarte_nrfx_config_get
                0x00006b82       0x10 zephyr/drivers/serial/libdrivers__serial.a(uart_nrfx_uarte.c.obj)
 .text.uarte_nrfx_err_check
                0x00006b92        0xe zephyr/drivers/serial/libdrivers__serial.a(uart_nrfx_uarte.c.obj)
 .text.is_tx_ready
                0x00006ba0       0x20 zephyr/drivers/serial/libdrivers__serial.a(uart_nrfx_uarte.c.obj)
 .text.uarte_nrfx_poll_in
                0x00006bc0       0x26 zephyr/drivers/serial/libdrivers__serial.a(uart_nrfx_uarte.c.obj)
 .text.uarte_nrfx_fifo_read
                0x00006be6       0x2c zephyr/drivers/serial/libdrivers__serial.a(uart_nrfx_uarte.c.obj)
 .text.uarte_nrfx_irq_tx_enable
                0x00006c12       0x2e zephyr/drivers/serial/libdrivers__serial.a(uart_nrfx_uarte.c.obj)
 .text.uarte_nrfx_irq_tx_disable
                0x00006c40        0xa zephyr/drivers/serial/libdrivers__serial.a(uart_nrfx_uarte.c.obj)
 .text.uarte_nrfx_irq_tx_ready_complete
                0x00006c4a       0x2a zephyr/drivers/serial/libdrivers__serial.a(uart_nrfx_uarte.c.obj)
 .text.uarte_nrfx_irq_rx_ready
                0x00006c74       0x10 zephyr/drivers/serial/libdrivers__serial.a(uart_nrfx_uarte.c.obj)
 .text.uarte_nrfx_irq_rx_enable
                0x00006c84        0xc zephyr/drivers/serial/libdrivers__serial.a(uart_nrfx_uarte.c.obj)
 .text.uarte_nrfx_irq_rx_disable
                0x00006c90        0xc zephyr/drivers/serial/libdrivers__serial.a(uart_nrfx_uarte.c.obj)
 .text.uarte_nrfx_irq_err_enable
                0x00006c9c        0xe zephyr/drivers/serial/libdrivers__serial.a(uart_nrfx_uarte.c.obj)
 .text.uarte_nrfx_irq_err_disable
                0x00006caa        0xe zephyr/drivers/serial/libdrivers__serial.a(uart_nrfx_uarte.c.obj)
 .text.uarte_nrfx_irq_update
                0x00006cb8        0x4 zephyr/drivers/serial/libdrivers__serial.a(uart_nrfx_uarte.c.obj)
 .text.uarte_nrfx_irq_callback_set
                0x00006cbc        0xa zephyr/drivers/serial/libdrivers__serial.a(uart_nrfx_uarte.c.obj)
 .text.tx_start
                0x00006cc6       0x38 zephyr/drivers/serial/libdrivers__serial.a(uart_nrfx_uarte.c.obj)
 .text.uarte_nrfx_fifo_fill
                0x00006cfe       0x78 zephyr/drivers/serial/libdrivers__serial.a(uart_nrfx_uarte.c.obj)
 .text.uarte_nrfx_irq_is_pending
                0x00006d76       0x36 zephyr/drivers/serial/libdrivers__serial.a(uart_nrfx_uarte.c.obj)
 .text.uarte_0_init
                0x00006dac       0x1e zephyr/drivers/serial/libdrivers__serial.a(uart_nrfx_uarte.c.obj)
 .text.uarte_1_init
                0x00006dca       0x1e zephyr/drivers/serial/libdrivers__serial.a(uart_nrfx_uarte.c.obj)
 .text.hw_cc3xx_init_internal
                0x00006de8        0x4 modules/nrf/drivers/hw_cc310/lib..__nrf__drivers__hw_cc310.a(hw_cc310.c.obj)
 .text.hw_cc3xx_init
                0x00006dec       0x12 modules/nrf/drivers/hw_cc310/lib..__nrf__drivers__hw_cc310.a(hw_cc310.c.obj)
 .text.bootutil_buffer_is_erased.part.0
                0x00006dfe       0x22 modules/mcuboot/boot/bootutil/zephyr/libmcuboot_util.a(bootutil_public.c.obj)
 .text.boot_swap_info_off
                0x00006e20        0x6 modules/mcuboot/boot/bootutil/zephyr/libmcuboot_util.a(bootutil_public.c.obj)
                0x00006e20                boot_swap_info_off
 .text.boot_magic_compatible_check
                0x00006e26       0x1c modules/mcuboot/boot/bootutil/zephyr/libmcuboot_util.a(bootutil_public.c.obj)
                0x00006e26                boot_magic_compatible_check
 .text.bootutil_buffer_is_erased
                0x00006e42        0xc modules/mcuboot/boot/bootutil/zephyr/libmcuboot_util.a(bootutil_public.c.obj)
                0x00006e42                bootutil_buffer_is_erased
 .text.boot_read_flag
                0x00006e4e       0x3a modules/mcuboot/boot/bootutil/zephyr/libmcuboot_util.a(bootutil_public.c.obj)
 .text.boot_write_trailer
                0x00006e88       0x5e modules/mcuboot/boot/bootutil/zephyr/libmcuboot_util.a(bootutil_public.c.obj)
                0x00006e88                boot_write_trailer
 .text.boot_write_trailer_flag
                0x00006ee6       0x14 modules/mcuboot/boot/bootutil/zephyr/libmcuboot_util.a(bootutil_public.c.obj)
                0x00006ee6                boot_write_trailer_flag
 .text.boot_write_image_ok
                0x00006efa        0xa modules/mcuboot/boot/bootutil/zephyr/libmcuboot_util.a(bootutil_public.c.obj)
                0x00006efa                boot_write_image_ok
 .text.boot_read_image_ok
                0x00006f04        0x8 modules/mcuboot/boot/bootutil/zephyr/libmcuboot_util.a(bootutil_public.c.obj)
                0x00006f04                boot_read_image_ok
 .text.boot_read_swap_state_by_id
                0x00006f0c       0x28 modules/mcuboot/boot/bootutil/zephyr/libmcuboot_util.a(bootutil_public.c.obj)
                0x00006f0c                boot_read_swap_state_by_id
 .text.boot_write_swap_info
                0x00006f34       0x1e modules/mcuboot/boot/bootutil/zephyr/libmcuboot_util.a(bootutil_public.c.obj)
                0x00006f34                boot_write_swap_info
 .text._mbedtls_init
                0x00006f52        0x4 modules/mbedtls/libmodules__mbedtls.a(zephyr_init.c.obj)
 .text.mbedtls_asn1_get_len
                0x00006f56       0x90 modules/mbedtls/libmodules__mbedtls.a(asn1parse.c.obj)
                0x00006f56                mbedtls_asn1_get_len
 .text.mbedtls_asn1_get_tag
                0x00006fe6       0x28 modules/mbedtls/libmodules__mbedtls.a(asn1parse.c.obj)
                0x00006fe6                mbedtls_asn1_get_tag
 .text.mbedtls_asn1_get_mpi
                0x0000700e       0x26 modules/mbedtls/libmodules__mbedtls.a(asn1parse.c.obj)
                0x0000700e                mbedtls_asn1_get_mpi
 .text.mpi_safe_cond_assign
                0x00007034       0x24 modules/mbedtls/libmodules__mbedtls.a(bignum.c.obj)
 .text.mpi_mul_hlp
                0x00007058      0x4f4 modules/mbedtls/libmodules__mbedtls.a(bignum.c.obj)
 .text.mpi_bigendian_to_host.part.0
                0x0000754c       0x52 modules/mbedtls/libmodules__mbedtls.a(bignum.c.obj)
 .text.mpi_montmul.isra.0
                0x0000759e       0xe8 modules/mbedtls/libmodules__mbedtls.a(bignum.c.obj)
 .text.mbedtls_mpi_init
                0x00007686        0xc modules/mbedtls/libmodules__mbedtls.a(bignum.c.obj)
                0x00007686                mbedtls_mpi_init
 .text.mbedtls_mpi_free
                0x00007692       0x24 modules/mbedtls/libmodules__mbedtls.a(bignum.c.obj)
                0x00007692                mbedtls_mpi_free
 .text.mbedtls_mpi_grow
                0x000076b6       0x4c modules/mbedtls/libmodules__mbedtls.a(bignum.c.obj)
                0x000076b6                mbedtls_mpi_grow
 .text.mbedtls_mpi_resize_clear
                0x00007702       0x36 modules/mbedtls/libmodules__mbedtls.a(bignum.c.obj)
 .text.mbedtls_mpi_copy
                0x00007738       0x64 modules/mbedtls/libmodules__mbedtls.a(bignum.c.obj)
                0x00007738                mbedtls_mpi_copy
 .text.mbedtls_mpi_safe_cond_assign
                0x0000779c       0x58 modules/mbedtls/libmodules__mbedtls.a(bignum.c.obj)
                0x0000779c                mbedtls_mpi_safe_cond_assign
 .text.mbedtls_mpi_lset
                0x000077f4       0x38 modules/mbedtls/libmodules__mbedtls.a(bignum.c.obj)
                0x000077f4                mbedtls_mpi_lset
 .text.mbedtls_mpi_get_bit
                0x0000782c       0x22 modules/mbedtls/libmodules__mbedtls.a(bignum.c.obj)
                0x0000782c                mbedtls_mpi_get_bit
 .text.mbedtls_mpi_bitlen
                0x0000784e       0x38 modules/mbedtls/libmodules__mbedtls.a(bignum.c.obj)
                0x0000784e                mbedtls_mpi_bitlen
 .text.mbedtls_mpi_size
                0x00007886        0xc modules/mbedtls/libmodules__mbedtls.a(bignum.c.obj)
                0x00007886                mbedtls_mpi_size
 .text.mbedtls_mpi_read_binary
                0x00007892       0x42 modules/mbedtls/libmodules__mbedtls.a(bignum.c.obj)
                0x00007892                mbedtls_mpi_read_binary
 .text.mbedtls_mpi_write_binary
                0x000078d4       0x6e modules/mbedtls/libmodules__mbedtls.a(bignum.c.obj)
                0x000078d4                mbedtls_mpi_write_binary
 .text.mbedtls_mpi_shift_l
                0x00007942       0xa0 modules/mbedtls/libmodules__mbedtls.a(bignum.c.obj)
                0x00007942                mbedtls_mpi_shift_l
 .text.mbedtls_mpi_shift_r
                0x000079e2       0x78 modules/mbedtls/libmodules__mbedtls.a(bignum.c.obj)
                0x000079e2                mbedtls_mpi_shift_r
 .text.mbedtls_mpi_cmp_abs
                0x00007a5a       0x66 modules/mbedtls/libmodules__mbedtls.a(bignum.c.obj)
                0x00007a5a                mbedtls_mpi_cmp_abs
 .text.mbedtls_mpi_cmp_mpi
                0x00007ac0       0x86 modules/mbedtls/libmodules__mbedtls.a(bignum.c.obj)
                0x00007ac0                mbedtls_mpi_cmp_mpi
 .text.mbedtls_mpi_cmp_int
                0x00007b46       0x2c modules/mbedtls/libmodules__mbedtls.a(bignum.c.obj)
                0x00007b46                mbedtls_mpi_cmp_int
 .text.mbedtls_mpi_add_abs
                0x00007b72       0xb2 modules/mbedtls/libmodules__mbedtls.a(bignum.c.obj)
                0x00007b72                mbedtls_mpi_add_abs
 .text.mbedtls_mpi_sub_abs
                0x00007c24       0xdc modules/mbedtls/libmodules__mbedtls.a(bignum.c.obj)
                0x00007c24                mbedtls_mpi_sub_abs
 .text.mbedtls_mpi_add_mpi
                0x00007d00       0x44 modules/mbedtls/libmodules__mbedtls.a(bignum.c.obj)
                0x00007d00                mbedtls_mpi_add_mpi
 .text.mbedtls_mpi_sub_mpi
                0x00007d44       0x46 modules/mbedtls/libmodules__mbedtls.a(bignum.c.obj)
                0x00007d44                mbedtls_mpi_sub_mpi
 .text.mbedtls_mpi_mul_int
                0x00007d8a       0x5c modules/mbedtls/libmodules__mbedtls.a(bignum.c.obj)
                0x00007d8a                mbedtls_mpi_mul_int
 .text.mbedtls_mpi_div_mpi
                0x00007de6      0x346 modules/mbedtls/libmodules__mbedtls.a(bignum.c.obj)
                0x00007de6                mbedtls_mpi_div_mpi
 .text.mbedtls_mpi_mod_mpi
                0x0000812c       0x64 modules/mbedtls/libmodules__mbedtls.a(bignum.c.obj)
                0x0000812c                mbedtls_mpi_mod_mpi
 .text.mbedtls_mpi_exp_mod
                0x00008190      0x464 modules/mbedtls/libmodules__mbedtls.a(bignum.c.obj)
                0x00008190                mbedtls_mpi_exp_mod
 .text.platform_calloc_uninit
                0x000085f4        0x4 modules/mbedtls/libmodules__mbedtls.a(platform.c.obj)
 .text.platform_exit_uninit
                0x000085f8        0x2 modules/mbedtls/libmodules__mbedtls.a(platform.c.obj)
 .text.platform_free_uninit
                0x000085fa        0x2 modules/mbedtls/libmodules__mbedtls.a(platform.c.obj)
 .text.mbedtls_rsa_import
                0x000085fc       0x88 modules/mbedtls/libmodules__mbedtls.a(rsa.c.obj)
                0x000085fc                mbedtls_rsa_import
 .text.mbedtls_rsa_init
                0x00008684       0x14 modules/mbedtls/libmodules__mbedtls.a(rsa.c.obj)
                0x00008684                mbedtls_rsa_init
 .text.mbedtls_rsa_free
                0x00008698       0x72 modules/mbedtls/libmodules__mbedtls.a(rsa.c.obj)
                0x00008698                mbedtls_rsa_free
 .text.mbedtls_sha256_init
                0x0000870a        0x8 modules/mbedtls/libmodules__mbedtls.a(sha256.c.obj)
                0x0000870a                mbedtls_sha256_init
 .text.mbedtls_sha256_update
                0x00008712       0x7a modules/mbedtls/libmodules__mbedtls.a(sha256.c.obj)
                0x00008712                mbedtls_sha256_update
 .text.mbedtls_sha256_finish
                0x0000878c      0x104 modules/mbedtls/libmodules__mbedtls.a(sha256.c.obj)
                0x0000878c                mbedtls_sha256_finish
 .text.nrfx_isr
                0x00008890        0x2 modules/hal_nordic/nrfx/libmodules__hal_nordic__nrfx.a(nrfx_glue.c.obj)
                0x00008890                nrfx_isr
 .text.nrfx_busy_wait
                0x00008892        0x4 modules/hal_nordic/nrfx/libmodules__hal_nordic__nrfx.a(nrfx_glue.c.obj)
                0x00008892                nrfx_busy_wait
 .text.nrfx_clock_enable
                0x00008896       0x16 modules/hal_nordic/nrfx/libmodules__hal_nordic__nrfx.a(nrfx_clock.c.obj)
                0x00008896                nrfx_clock_enable
 .text.nrfx_nvmc_flash_size_get
                0x000088ac        0x6 modules/hal_nordic/nrfx/libmodules__hal_nordic__nrfx.a(nrfx_nvmc.c.obj)
                0x000088ac                nrfx_nvmc_flash_size_get
 .text.nrfx_nvmc_flash_page_size_get
                0x000088b2        0x6 modules/hal_nordic/nrfx/libmodules__hal_nordic__nrfx.a(nrfx_nvmc.c.obj)
                0x000088b2                nrfx_nvmc_flash_page_size_get
 .text.nrfx_nvmc_flash_page_count_get
                0x000088b8        0x6 modules/hal_nordic/nrfx/libmodules__hal_nordic__nrfx.a(nrfx_nvmc.c.obj)
                0x000088b8                nrfx_nvmc_flash_page_count_get
 .text.z_device_state_init
                0x000088be        0x2 zephyr/kernel/libkernel.a(device.c.obj)
                0x000088be                z_device_state_init
 .text.z_device_ready
                0x000088c0       0x14 zephyr/kernel/libkernel.a(device.c.obj)
                0x000088c0                z_device_ready
 .text.k_is_in_isr
                0x000088d4        0xc zephyr/kernel/libkernel.a(thread.c.obj)
                0x000088d4                k_is_in_isr
 .text.z_impl_k_busy_wait
                0x000088e0        0x8 zephyr/kernel/libkernel.a(timeout.c.obj)
                0x000088e0                z_impl_k_busy_wait
 .text.boot_banner
                0x000088e8        0x2 zephyr/kernel/libkernel.a(banner.c.obj)
                0x000088e8                boot_banner
 *(SORT_BY_ALIGNMENT(.TEXT.*))
 *fill*         0x000088ea        0x2 
 .TEXT.z_arm_platform_init
                0x000088ec        0x4 zephyr/libzephyr.a(soc_nrf_common.S.obj)
                0x000088ec                z_arm_platform_init
 *(SORT_BY_ALIGNMENT(.gnu.linkonce.t.*))
 *(SORT_BY_ALIGNMENT(.glue_7t))
 .glue_7t       0x000088f0        0x0 linker stubs
 *(SORT_BY_ALIGNMENT(.glue_7))
 .glue_7        0x000088f0        0x0 linker stubs
 *(SORT_BY_ALIGNMENT(.vfp11_veneer))
 .vfp11_veneer  0x000088f0        0x0 linker stubs
 *(SORT_BY_ALIGNMENT(.v4_bx))
 .v4_bx         0x000088f0        0x0 linker stubs
                0x000088f0                __text_region_end = .

.ARM.exidx      0x000088f0        0x8
                0x000088f0                __exidx_start = .
 *(SORT_BY_ALIGNMENT(.ARM.exidx*) SORT_BY_ALIGNMENT(gnu.linkonce.armexidx.*))
 .ARM.exidx     0x000088f0        0x8 c:/gnuarmemb/9_2019-q4-major/bin/../lib/gcc/arm-none-eabi/9.2.1/thumb/v8-m.main/nofp\libgcc.a(_udivmoddi4.o)
                0x000088f8                __exidx_end = .
                0x000088f8                __rodata_region_start = .

initlevel       0x000088f8       0x50
                0x000088f8                __init_start = .
                0x000088f8                __init_PRE_KERNEL_1_start = .
 *(SORT_BY_NAME(SORT_BY_ALIGNMENT(.z_init_PRE_KERNEL_1[0-9]_*)))
 .z_init_PRE_KERNEL_10_
                0x000088f8        0x8 zephyr/libzephyr.a(soc.c.obj)
 *(SORT_BY_NAME(SORT_BY_ALIGNMENT(.z_init_PRE_KERNEL_1[1-9][0-9]_*)))
 .z_init_PRE_KERNEL_130_
                0x00008900        0x8 zephyr/drivers/clock_control/libdrivers__clock_control.a(clock_control_nrf.c.obj)
 .z_init_PRE_KERNEL_140_
                0x00008908        0x8 zephyr/drivers/gpio/libdrivers__gpio.a(gpio_nrfx.c.obj)
 .z_init_PRE_KERNEL_140_
                0x00008910        0x8 modules/nrf/drivers/hw_cc310/lib..__nrf__drivers__hw_cc310.a(hw_cc310.c.obj)
 .z_init_PRE_KERNEL_155_
                0x00008918       0x10 zephyr/drivers/serial/libdrivers__serial.a(uart_nrfx_uarte.c.obj)
                0x00008928                __init_PRE_KERNEL_2_start = .
 *(SORT_BY_NAME(SORT_BY_ALIGNMENT(.z_init_PRE_KERNEL_2[0-9]_*)))
 .z_init_PRE_KERNEL_20_
                0x00008928        0x8 zephyr/drivers/timer/libdrivers__timer.a(nrf_rtc_timer.c.obj)
 *(SORT_BY_NAME(SORT_BY_ALIGNMENT(.z_init_PRE_KERNEL_2[1-9][0-9]_*)))
                0x00008930                __init_POST_KERNEL_start = .
 *(SORT_BY_NAME(SORT_BY_ALIGNMENT(.z_init_POST_KERNEL[0-9]_*)))
 .z_init_POST_KERNEL0_
                0x00008930        0x8 modules/mbedtls/libmodules__mbedtls.a(zephyr_init.c.obj)
 *(SORT_BY_NAME(SORT_BY_ALIGNMENT(.z_init_POST_KERNEL[1-9][0-9]_*)))
 .z_init_POST_KERNEL40_
                0x00008938        0x8 modules/nrf/drivers/hw_cc310/lib..__nrf__drivers__hw_cc310.a(hw_cc310.c.obj)
 .z_init_POST_KERNEL50_
                0x00008940        0x8 zephyr/drivers/flash/libdrivers__flash.a(soc_flash_nrf.c.obj)
                0x00008948                __init_APPLICATION_start = .
 *(SORT_BY_NAME(SORT_BY_ALIGNMENT(.z_init_APPLICATION[0-9]_*)))
 *(SORT_BY_NAME(SORT_BY_ALIGNMENT(.z_init_APPLICATION[1-9][0-9]_*)))
                0x00008948                __init_SMP_start = .
 *(SORT_BY_NAME(SORT_BY_ALIGNMENT(.z_init_SMP[0-9]_*)))
 *(SORT_BY_NAME(SORT_BY_ALIGNMENT(.z_init_SMP[1-9][0-9]_*)))
                0x00008948                __init_end = .

devices         0x00008948       0x78
                0x00008948                __device_start = .
                0x00008948                __device_PRE_KERNEL_1_start = .
 *(SORT_BY_NAME(SORT_BY_ALIGNMENT(.z_device_PRE_KERNEL_1[0-9]_*)))
 *(SORT_BY_NAME(SORT_BY_ALIGNMENT(.z_device_PRE_KERNEL_1[1-9][0-9]_*)))
 .z_device_PRE_KERNEL_130_
                0x00008948       0x18 zephyr/drivers/clock_control/libdrivers__clock_control.a(clock_control_nrf.c.obj)
                0x00008948                __device_dts_ord_34
 .z_device_PRE_KERNEL_140_
                0x00008960       0x18 zephyr/drivers/gpio/libdrivers__gpio.a(gpio_nrfx.c.obj)
                0x00008960                __device_dts_ord_5
 .z_device_PRE_KERNEL_155_
                0x00008978       0x30 zephyr/drivers/serial/libdrivers__serial.a(uart_nrfx_uarte.c.obj)
                0x00008978                __device_dts_ord_63
                0x00008990                __device_dts_ord_62
                0x000089a8                __device_PRE_KERNEL_2_start = .
 *(SORT_BY_NAME(SORT_BY_ALIGNMENT(.z_device_PRE_KERNEL_2[0-9]_*)))
 *(SORT_BY_NAME(SORT_BY_ALIGNMENT(.z_device_PRE_KERNEL_2[1-9][0-9]_*)))
                0x000089a8                __device_POST_KERNEL_start = .
 *(SORT_BY_NAME(SORT_BY_ALIGNMENT(.z_device_POST_KERNEL[0-9]_*)))
 *(SORT_BY_NAME(SORT_BY_ALIGNMENT(.z_device_POST_KERNEL[1-9][0-9]_*)))
 .z_device_POST_KERNEL50_
                0x000089a8       0x18 zephyr/drivers/flash/libdrivers__flash.a(soc_flash_nrf.c.obj)
                0x000089a8                __device_dts_ord_68
                0x000089c0                __device_APPLICATION_start = .
 *(SORT_BY_NAME(SORT_BY_ALIGNMENT(.z_device_APPLICATION[0-9]_*)))
 *(SORT_BY_NAME(SORT_BY_ALIGNMENT(.z_device_APPLICATION[1-9][0-9]_*)))
                0x000089c0                __device_SMP_start = .
 *(SORT_BY_NAME(SORT_BY_ALIGNMENT(.z_device_SMP[0-9]_*)))
 *(SORT_BY_NAME(SORT_BY_ALIGNMENT(.z_device_SMP[1-9][0-9]_*)))
                0x000089c0                __device_end = .

sw_isr_table    0x000089c0      0x208
                0x000089c0                . = ALIGN (0x0)
 *(SORT_BY_ALIGNMENT(.gnu.linkonce.sw_isr_table*))
 .gnu.linkonce.sw_isr_table
                0x000089c0      0x208 zephyr/arch/common/libisr_tables.a(isr_tables.c.obj)
                0x000089c0                _sw_isr_table

initlevel_error
                0x000088f8        0x0
 *(SORT_BY_NAME(SORT_BY_ALIGNMENT(.z_init_[_A-Z0-9]*)))
                0x00000001                ASSERT ((SIZEOF (initlevel_error) == 0x0), Undefined initialization levels used.)

app_shmem_regions
                0x00008bc8        0x0
                0x00008bc8                __app_shmem_regions_start = .
 *(SORT_BY_NAME(SORT_BY_ALIGNMENT(.app_regions.*)))
                0x00008bc8                __app_shmem_regions_end = .

bt_l2cap_fixed_chan_area
                0x00008bc8        0x0
                0x00008bc8                _bt_l2cap_fixed_chan_list_start = .
 *(SORT_BY_NAME(SORT_BY_ALIGNMENT(._bt_l2cap_fixed_chan.static.*)))
                0x00008bc8                _bt_l2cap_fixed_chan_list_end = .

bt_gatt_service_static_area
                0x00008bc8        0x0
                0x00008bc8                _bt_gatt_service_static_list_start = .
 *(SORT_BY_NAME(SORT_BY_ALIGNMENT(._bt_gatt_service_static.static.*)))
                0x00008bc8                _bt_gatt_service_static_list_end = .

k_p4wq_initparam_area
                0x00008bc8        0x0
                0x00008bc8                _k_p4wq_initparam_list_start = .
 *(SORT_BY_NAME(SORT_BY_ALIGNMENT(._k_p4wq_initparam.static.*)))
                0x00008bc8                _k_p4wq_initparam_list_end = .

log_strings_sections
                0x00008bc8        0x0
                0x00008bc8                __log_strings_start = .
 *(SORT_BY_NAME(SORT_BY_ALIGNMENT(.log_strings*)))
                0x00008bc8                __log_strings_end = .

log_const_sections
                0x00008bc8       0x48
                0x00008bc8                __log_const_start = .
 *(SORT_BY_NAME(SORT_BY_ALIGNMENT(.log_const_*)))
 .log_const_clock_control
                0x00008bc8        0x8 zephyr/drivers/clock_control/libdrivers__clock_control.a(clock_control_nrf.c.obj)
                0x00008bc8                log_const_clock_control
 .log_const_fatal_error
                0x00008bd0        0x8 modules/nrf/lib/fatal_error/lib..__nrf__lib__fatal_error.a(fatal_error.c.obj)
                0x00008bd0                log_const_fatal_error
 .log_const_flash_nrf
                0x00008bd8        0x8 zephyr/drivers/flash/libdrivers__flash.a(soc_flash_nrf.c.obj)
                0x00008bd8                log_const_flash_nrf
 .log_const_mcuboot
                0x00008be0        0x8 app/libapp.a(main.c.obj)
                0x00008be0                log_const_mcuboot
 .log_const_mpu
                0x00008be8        0x8 zephyr/arch/arch/arm/core/aarch32/mpu/libarch__arm__core__aarch32__mpu.a(arm_core_mpu.c.obj)
                0x00008be8                log_const_mpu
 .log_const_os  0x00008bf0        0x8 zephyr/kernel/libkernel.a(init.c.obj)
                0x00008bf0                log_const_os
 .log_const_serial_adapter
                0x00008bf8        0x8 zephyr/libzephyr.a(serial_adapter.c.obj)
                0x00008bf8                log_const_serial_adapter
 .log_const_soc
                0x00008c00        0x8 zephyr/libzephyr.a(soc.c.obj)
                0x00008c00                log_const_soc
 .log_const_uart_nrfx_uarte
                0x00008c08        0x8 zephyr/drivers/serial/libdrivers__serial.a(uart_nrfx_uarte.c.obj)
                0x00008c08                log_const_uart_nrfx_uarte
                0x00008c10                __log_const_end = .

log_backends_sections
                0x00008c10        0x0
                0x00008c10                __log_backends_start = .
 *(SORT_BY_ALIGNMENT(._log_backend.*))
                0x00008c10                __log_backends_end = .

shell_area      0x00008c10        0x0
                0x00008c10                _shell_list_start = .
 *(SORT_BY_NAME(SORT_BY_ALIGNMENT(._shell.static.*)))
                0x00008c10                _shell_list_end = .

shell_root_cmds_sections
                0x00008c10        0x0
                0x00008c10                __shell_root_cmds_start = .
 *(SORT_BY_NAME(SORT_BY_ALIGNMENT(.shell_root_cmd_*)))
                0x00008c10                __shell_root_cmds_end = .

font_entry_sections
                0x00008c10        0x0
                0x00008c10                __font_entry_start = .
 *(SORT_BY_NAME(SORT_BY_ALIGNMENT(._cfb_font.*)))
                0x00008c10                __font_entry_end = .

tracing_backend_area
                0x00008c10        0x0
                0x00008c10                _tracing_backend_list_start = .
 *(SORT_BY_NAME(SORT_BY_ALIGNMENT(._tracing_backend.static.*)))
                0x00008c10                _tracing_backend_list_end = .

zephyr_dbg_info
 *(SORT_BY_ALIGNMENT(.dbg_thread_info))

device_handles  0x00008c10       0x48
                0x00008c10                __device_handles_start = .
 *(SORT_BY_NAME(SORT_BY_ALIGNMENT(.__device_handles_pass1*)))
 .__device_handles_pass1
                0x00008c10        0xa zephyr/drivers/clock_control/libdrivers__clock_control.a(clock_control_nrf.c.obj)
                0x00008c10                __devicehdl_DT_N_S_soc_S_peripheral_50000000_S_clock_5000
 .__device_handles_pass1
                0x00008c1a       0x20 zephyr/drivers/gpio/libdrivers__gpio.a(gpio_nrfx.c.obj)
                0x00008c1a                __devicehdl_DT_N_S_soc_S_peripheral_50000000_S_gpio_842500
 .__device_handles_pass1
                0x00008c3a        0xa zephyr/drivers/flash/libdrivers__flash.a(soc_flash_nrf.c.obj)
                0x00008c3a                __devicehdl_DT_N_S_soc_S_peripheral_50000000_S_flash_controller_39000
 .__device_handles_pass1
                0x00008c44       0x14 zephyr/drivers/serial/libdrivers__serial.a(uart_nrfx_uarte.c.obj)
                0x00008c44                __devicehdl_DT_N_S_soc_S_peripheral_50000000_S_uart_9000
                0x00008c4e                __devicehdl_DT_N_S_soc_S_peripheral_50000000_S_uart_8000
                0x00008c58                __device_handles_end = .

rodata          0x00008c60     0x12dc
 *(SORT_BY_ALIGNMENT(.rodata))
 .rodata        0x00008c60       0x28 zephyr/libzephyr.a(boot_serial.c.obj)
 *(SORT_BY_ALIGNMENT(.rodata.*))
 *fill*         0x00008c88        0x8 
 .rodata.delay_machine_code.8807
                0x00008c90        0x6 zephyr/libzephyr.a(soc.c.obj)
 *fill*         0x00008c96        0x2 
 .rodata.boot_funcs
                0x00008c98        0x8 app/libapp.a(main.c.obj)
                0x00008c98                boot_funcs
 .rodata.bootutil_key_cnt
                0x00008ca0        0x4 app/libapp.a(keys.c.obj)
                0x00008ca0                bootutil_key_cnt
 .rodata.bootutil_keys
                0x00008ca4        0x8 app/libapp.a(keys.c.obj)
                0x00008ca4                bootutil_keys
 .rodata.rsa_pub_key_len
                0x00008cac        0x4 app/libapp.a(autogen-pubkey.c.obj)
                0x00008cac                rsa_pub_key_len
 .rodata.default_flash_map
                0x00008cb0       0xa0 zephyr/libzephyr.a(flash_map_partition_manager.c.obj)
                0x00008cb0                default_flash_map
 .rodata.flash_map_entries
                0x00008d50        0x4 zephyr/libzephyr.a(flash_map_partition_manager.c.obj)
                0x00008d50                flash_map_entries
 .rodata.apis   0x00008d54        0x8 zephyr/libzephyr.a(nrf_cc3xx_platform_abort_zephyr.c.obj)
 .rodata.static_regions
                0x00008d5c        0xc zephyr/arch/arch/arm/core/aarch32/mpu/libarch__arm__core__aarch32__mpu.a(arm_core_mpu.c.obj)
 .rodata.mpu_config
                0x00008d68        0x8 zephyr/soc/arm/common/cortex_m/libsoc__arm__common__cortex_m.a(arm_mpu_regions.c.obj)
                0x00008d68                mpu_config
 .rodata.mpu_regions
                0x00008d70       0x20 zephyr/soc/arm/common/cortex_m/libsoc__arm__common__cortex_m.a(arm_mpu_regions.c.obj)
 .rodata.clock_control_api
                0x00008d90       0x18 zephyr/drivers/clock_control/libdrivers__clock_control.a(clock_control_nrf.c.obj)
 .rodata.config
                0x00008da8       0x18 zephyr/drivers/clock_control/libdrivers__clock_control.a(clock_control_nrf.c.obj)
 .rodata.transitions.11075
                0x00008dc0        0xc zephyr/drivers/clock_control/libdrivers__clock_control.a(clock_control_nrf.c.obj)
 .rodata.gpio_nrfx_drv_api_funcs
                0x00008dcc       0x24 zephyr/drivers/gpio/libdrivers__gpio.a(gpio_nrfx.c.obj)
 .rodata.gpio_nrfx_p0_cfg
                0x00008df0       0x10 zephyr/drivers/gpio/libdrivers__gpio.a(gpio_nrfx.c.obj)
 .rodata.flash_nrf_api
                0x00008e00       0x18 zephyr/drivers/flash/libdrivers__flash.a(soc_flash_nrf.c.obj)
 .rodata.flash_nrf_parameters
                0x00008e18        0x8 zephyr/drivers/flash/libdrivers__flash.a(soc_flash_nrf.c.obj)
 .rodata.uart_nrfx_uarte_driver_api
                0x00008e20       0x4c zephyr/drivers/serial/libdrivers__serial.a(uart_nrfx_uarte.c.obj)
 .rodata.uarte_0z_config
                0x00008e6c       0x20 zephyr/drivers/serial/libdrivers__serial.a(uart_nrfx_uarte.c.obj)
 .rodata.uarte_1z_config
                0x00008e8c       0x20 zephyr/drivers/serial/libdrivers__serial.a(uart_nrfx_uarte.c.obj)
 .rodata.boot_img_magic
                0x00008eac       0x10 modules/mcuboot/boot/bootutil/zephyr/libmcuboot_util.a(bootutil_public.c.obj)
                0x00008eac                boot_img_magic
 .rodata.K      0x00008ebc      0x100 modules/mbedtls/libmodules__mbedtls.a(sha256.c.obj)
 .rodata.levels.9161
                0x00008fbc       0x14 zephyr/kernel/libkernel.a(device.c.obj)
 .rodata.CSWTCH.273
                0x00008fd0       0x14 zephyr/kernel/libkernel.a(fatal.c.obj)
 .rodata.CSWTCH.8
                0x00008fe4       0x1c C:/ncs/nrfxlib/crypto/nrf_cc310_platform/lib/cortex-m33/soft-float/no-interrupts/libnrf_cc310_platform_0.9.13.a(nrf_cc3xx_platform.c.obj)
 .rodata.CC_PalPowerSaveModeInit.str1.4
                0x00009000       0x20 C:/ncs/nrfxlib/crypto/nrf_cc310_platform/lib/cortex-m33/soft-float/no-interrupts/libnrf_cc310_platform_0.9.13.a(cc_pal_pm.c.obj)
 .rodata.mutex_free.str1.4
                0x00009020       0x26 C:/ncs/nrfxlib/crypto/nrf_cc310_platform/lib/cortex-m33/soft-float/no-interrupts/libnrf_cc310_platform_0.9.13.a(nrf_cc3xx_platform_mutex.c.obj)
 *fill*         0x00009046        0x2 
 .rodata.mutex_init.str1.4
                0x00009048       0x23 C:/ncs/nrfxlib/crypto/nrf_cc310_platform/lib/cortex-m33/soft-float/no-interrupts/libnrf_cc310_platform_0.9.13.a(nrf_cc3xx_platform_mutex.c.obj)
 .rodata.main.str1.1
                0x0000906b      0x108 app/libapp.a(main.c.obj)
 .rodata.str1.1
                0x00009173        0x8 app/libapp.a(main.c.obj)
 .rodata.flash_device_base.str1.1
                0x0000917b       0x26 app/libapp.a(flash_map_extended.c.obj)
 .rodata.pss_zeros
                0x000091a1        0x8 app/libapp.a(image_rsa.c.obj)
 .rodata.boot_validate_slot.isra.0.str1.1
                0x000091a9       0x3a app/libapp.a(loader.c.obj)
 .rodata.boot_swap_image.str1.1
                0x000091e3       0x2f app/libapp.a(loader.c.obj)
 .rodata.context_boot_go.str1.1
                0x00009212       0xa4 app/libapp.a(loader.c.obj)
 .rodata.swap_read_status_bytes.str1.1
                0x000092b6       0x23 app/libapp.a(swap_move.c.obj)
 .rodata.boot_slots_compatible.str1.1
                0x000092d9       0x93 app/libapp.a(swap_move.c.obj)
 .rodata.swap_status_source.str1.1
                0x0000936c       0xa4 app/libapp.a(swap_move.c.obj)
 .rodata.swap_run.str1.1
                0x00009410       0x2f app/libapp.a(swap_move.c.obj)
 .rodata.rsa_pub_key
                0x0000943f      0x10e app/libapp.a(autogen-pubkey.c.obj)
                0x0000943f                rsa_pub_key
 .rodata.base64_dec_map
                0x0000954d       0x80 zephyr/libzephyr.a(base64.c.obj)
 .rodata.base64_enc_map
                0x000095cd       0x40 zephyr/libzephyr.a(base64.c.obj)
 .rodata.cbvprintf.str1.1
                0x0000960d       0x10 zephyr/libzephyr.a(cbprintf_nano.c.obj)
                                 0x13 (size before relaxing)
 .rodata.sys_reboot.str1.1
                0x0000961d       0x29 zephyr/libzephyr.a(reboot.c.obj)
 .rodata.str1.1
                0x00009646        0x4 zephyr/libzephyr.a(soc.c.obj)
 .rodata.str1.1
                0x0000964a       0x13 zephyr/libzephyr.a(flash_map_partition_manager.c.obj)
 .rodata.boot_uart_fifo_callback.str1.1
                0x0000964a       0x2f zephyr/libzephyr.a(serial_adapter.c.obj)
 .rodata.str1.1
                0x00009679        0xf zephyr/libzephyr.a(serial_adapter.c.obj)
 .rodata.str1.1
                0x00009688       0x1b zephyr/libzephyr.a(boot_serial.c.obj)
 .rodata.boot_serial_output.str1.1
                0x000096a3        0xb zephyr/libzephyr.a(boot_serial.c.obj)
 .rodata.boot_serial_input.str1.1
                0x000096ae       0xd9 zephyr/libzephyr.a(boot_serial.c.obj)
 .rodata.decode_Member.str1.1
                0x00009787        0xd zephyr/libzephyr.a(serial_recovery_cbor.c.obj)
                                 0x17 (size before relaxing)
 .rodata.z_arm_fatal_error.str1.1
                0x00009794       0xaf zephyr/arch/arch/arm/core/aarch32/libarch__arm__core__aarch32.a(fatal.c.obj)
 .rodata.mem_manage_fault.isra.0.str1.1
                0x00009843       0xfb zephyr/arch/arch/arm/core/aarch32/cortex_m/libarch__arm__core__aarch32__cortex_m.a(fault.c.obj)
 .rodata.bus_fault.isra.0.str1.1
                0x0000993e       0xa6 zephyr/arch/arch/arm/core/aarch32/cortex_m/libarch__arm__core__aarch32__cortex_m.a(fault.c.obj)
 .rodata.usage_fault.isra.0.str1.1
                0x000099e4      0x11f zephyr/arch/arch/arm/core/aarch32/cortex_m/libarch__arm__core__aarch32__cortex_m.a(fault.c.obj)
 .rodata.z_arm_fault.str1.1
                0x00009b03      0x139 zephyr/arch/arch/arm/core/aarch32/cortex_m/libarch__arm__core__aarch32__cortex_m.a(fault.c.obj)
 .rodata.str1.1
                0x00009c3c        0x4 zephyr/arch/arch/arm/core/aarch32/mpu/libarch__arm__core__aarch32__mpu.a(arm_core_mpu.c.obj)
 .rodata.mpu_configure_region.str1.1
                0x00009c40       0x2b zephyr/arch/arch/arm/core/aarch32/mpu/libarch__arm__core__aarch32__mpu.a(arm_mpu.c.obj)
 .rodata.mpu_configure_regions_and_partition.constprop.0.str1.1
                0x00009c6b       0x50 zephyr/arch/arch/arm/core/aarch32/mpu/libarch__arm__core__aarch32__mpu.a(arm_mpu.c.obj)
 .rodata.str1.1
                0x00009cbb        0xf zephyr/soc/arm/common/cortex_m/libsoc__arm__common__cortex_m.a(arm_mpu_regions.c.obj)
 .rodata.str1.1
                0x00009cca       0x20 zephyr/drivers/clock_control/libdrivers__clock_control.a(clock_control_nrf.c.obj)
 .rodata.str1.1
                0x00009cea        0x7 zephyr/drivers/gpio/libdrivers__gpio.a(gpio_nrfx.c.obj)
 .rodata.flash_nrf_erase.str1.1
                0x00009cea       0x46 zephyr/drivers/flash/libdrivers__flash.a(soc_flash_nrf.c.obj)
 .rodata.flash_nrf_write.str1.1
                0x00009d30       0x23 zephyr/drivers/flash/libdrivers__flash.a(soc_flash_nrf.c.obj)
 .rodata.str1.1
                0x00009d53        0xa zephyr/drivers/flash/libdrivers__flash.a(soc_flash_nrf.c.obj)
                                 0x1d (size before relaxing)
 .rodata.uarte_instance_init.isra.0.str1.1
                0x00009d5d       0x24 zephyr/drivers/serial/libdrivers__serial.a(uart_nrfx_uarte.c.obj)
 .rodata.str1.1
                0x00009d81       0x1e zephyr/drivers/serial/libdrivers__serial.a(uart_nrfx_uarte.c.obj)
 .rodata.k_sys_fatal_error_handler.str1.1
                0x00009d9f       0x16 modules/nrf/lib/fatal_error/lib..__nrf__lib__fatal_error.a(fatal_error.c.obj)
 .rodata.str1.1
                0x00009db5        0xc modules/nrf/lib/fatal_error/lib..__nrf__lib__fatal_error.a(fatal_error.c.obj)
 .rodata.boot_swap_type_multi.str1.1
                0x00009dc1       0x96 modules/mcuboot/boot/bootutil/zephyr/libmcuboot_util.a(bootutil_public.c.obj)
 .rodata.boot_swap_tables
                0x00009e57       0x12 modules/mcuboot/boot/bootutil/zephyr/libmcuboot_util.a(bootutil_public.c.obj)
 .rodata.z_fatal_error.str1.1
                0x00009e69       0x86 zephyr/kernel/libkernel.a(fatal.c.obj)
 .rodata.str1.1
                0x00009eef       0x4a zephyr/kernel/libkernel.a(fatal.c.obj)
 .rodata.str1.1
                0x00009f39        0x3 zephyr/kernel/libkernel.a(init.c.obj)
 *(SORT_BY_ALIGNMENT(.gnu.linkonce.r.*))
                0x00009f3c                . = ALIGN (0x4)
                0x00009f3c                __rodata_region_end = .
                0x00009f40                . = ALIGN (_region_min_align)
                0x00009f40                __rom_region_end = .
                0x2000c4e8                . = 0x2000c4e8
                0x2000c500                . = ALIGN (_region_min_align)
                0x2000c500                _image_ram_start = .

.ramfunc        0x2000c4e8       0x18 load address 0x00009f3c
                0x2000c500                . = ALIGN (_region_min_align)
 *fill*         0x2000c4e8       0x18 
                0x2000c500                __ramfunc_start = .
 *(SORT_BY_ALIGNMENT(.ramfunc))
 *(SORT_BY_ALIGNMENT(.ramfunc.*))
                0x2000c500                . = ALIGN (_region_min_align)
                0x2000c500                __ramfunc_end = .
                0x00000000                __ramfunc_size = (__ramfunc_end - __ramfunc_start)
                0x00009f3c                __ramfunc_load_start = LOADADDR (.ramfunc)

datas           0x2000c500      0x158 load address 0x00009f54
                0x2000c500                __data_region_start = .
                0x2000c500                __data_start = .
 *(SORT_BY_ALIGNMENT(.data))
 *(SORT_BY_ALIGNMENT(.data.*))
 .data.FIH_FAILURE
                0x2000c500        0x4 app/libapp.a(fault_injection_hardening.c.obj)
                0x2000c500                FIH_FAILURE
 .data.g_last_idx
                0x2000c504        0x4 app/libapp.a(swap_move.c.obj)
 .data._char_out
                0x2000c508        0x4 zephyr/libzephyr.a(printk.c.obj)
                0x2000c508                _char_out
 .data.flash_map
                0x2000c50c        0x4 zephyr/libzephyr.a(flash_map_partition_manager.c.obj)
                0x2000c50c                flash_map
 .data.cbor_state
                0x2000c510       0x14 zephyr/libzephyr.a(boot_serial.c.obj)
 .data.off_last.11075
                0x2000c524        0x4 zephyr/libzephyr.a(boot_serial.c.obj)
 .data.uarte0_int_driven
                0x2000c528       0x14 zephyr/drivers/serial/libdrivers__serial.a(uart_nrfx_uarte.c.obj)
 .data.uarte1_int_driven
                0x2000c53c       0x14 zephyr/drivers/serial/libdrivers__serial.a(uart_nrfx_uarte.c.obj)
 .data.uarte_0_data
                0x2000c550       0x18 zephyr/drivers/serial/libdrivers__serial.a(uart_nrfx_uarte.c.obj)
 .data.uarte_1_data
                0x2000c568       0x18 zephyr/drivers/serial/libdrivers__serial.a(uart_nrfx_uarte.c.obj)
 .data.mbedtls_calloc_func
                0x2000c580        0x4 modules/mbedtls/libmodules__mbedtls.a(platform.c.obj)
                0x2000c580                mbedtls_calloc_func
 .data.mbedtls_exit
                0x2000c584        0x4 modules/mbedtls/libmodules__mbedtls.a(platform.c.obj)
                0x2000c584                mbedtls_exit
 .data.mbedtls_free_func
                0x2000c588        0x4 modules/mbedtls/libmodules__mbedtls.a(platform.c.obj)
                0x2000c588                mbedtls_free_func
 .data.SystemCoreClock
                0x2000c58c        0x4 modules/hal_nordic/nrfx/libmodules__hal_nordic__nrfx.a(system_nrf9160.c.obj)
                0x2000c58c                SystemCoreClock
 .data.m_allocated_channels
                0x2000c590        0x4 modules/hal_nordic/nrfx/libmodules__hal_nordic__nrfx.a(nrfx_dppi.c.obj)
 .data.m_cb     0x2000c594       0x5c modules/hal_nordic/nrfx/libmodules__hal_nordic__nrfx.a(nrfx_gpiote.c.obj)
 .data.timeout_list
                0x2000c5f0        0x8 zephyr/kernel/libkernel.a(timeout.c.obj)
 .data.platform_abort_apis
                0x2000c5f8        0x8 C:/ncs/nrfxlib/crypto/nrf_cc310_platform/lib/cortex-m33/soft-float/no-interrupts/libnrf_cc310_platform_0.9.13.a(nrf_cc3xx_platform_abort.c.obj)
                0x2000c5f8                platform_abort_apis
 .data.CCAsymCryptoMutex
                0x2000c600        0x4 C:/ncs/nrfxlib/crypto/nrf_cc310_platform/lib/cortex-m33/soft-float/no-interrupts/libnrf_cc310_platform_0.9.13.a(cc_pal.c.obj)
                0x2000c600                CCAsymCryptoMutex
 .data.CCPowerMutex
                0x2000c604        0x4 C:/ncs/nrfxlib/crypto/nrf_cc310_platform/lib/cortex-m33/soft-float/no-interrupts/libnrf_cc310_platform_0.9.13.a(cc_pal.c.obj)
                0x2000c604                CCPowerMutex
 .data.CCRndCryptoMutex
                0x2000c608        0x4 C:/ncs/nrfxlib/crypto/nrf_cc310_platform/lib/cortex-m33/soft-float/no-interrupts/libnrf_cc310_platform_0.9.13.a(cc_pal.c.obj)
                0x2000c608                CCRndCryptoMutex
 .data.CCSymCryptoMutex
                0x2000c60c        0x4 C:/ncs/nrfxlib/crypto/nrf_cc310_platform/lib/cortex-m33/soft-float/no-interrupts/libnrf_cc310_platform_0.9.13.a(cc_pal.c.obj)
                0x2000c60c                CCSymCryptoMutex
 .data.pCCRndCryptoMutex
                0x2000c610        0x4 C:/ncs/nrfxlib/crypto/nrf_cc310_platform/lib/cortex-m33/soft-float/no-interrupts/libnrf_cc310_platform_0.9.13.a(cc_pal.c.obj)
                0x2000c610                pCCRndCryptoMutex
 .data.asym_mutex
                0x2000c614        0x8 C:/ncs/nrfxlib/crypto/nrf_cc310_platform/lib/cortex-m33/soft-float/no-interrupts/libnrf_cc310_platform_0.9.13.a(nrf_cc3xx_platform_mutex.c.obj)
 .data.platform_mutex_apis
                0x2000c61c       0x10 C:/ncs/nrfxlib/crypto/nrf_cc310_platform/lib/cortex-m33/soft-float/no-interrupts/libnrf_cc310_platform_0.9.13.a(nrf_cc3xx_platform_mutex.c.obj)
                0x2000c61c                platform_mutex_apis
 .data.platform_mutexes
                0x2000c62c       0x14 C:/ncs/nrfxlib/crypto/nrf_cc310_platform/lib/cortex-m33/soft-float/no-interrupts/libnrf_cc310_platform_0.9.13.a(nrf_cc3xx_platform_mutex.c.obj)
                0x2000c62c                platform_mutexes
 .data.power_mutex
                0x2000c640        0x8 C:/ncs/nrfxlib/crypto/nrf_cc310_platform/lib/cortex-m33/soft-float/no-interrupts/libnrf_cc310_platform_0.9.13.a(nrf_cc3xx_platform_mutex.c.obj)
 .data.rng_mutex
                0x2000c648        0x8 C:/ncs/nrfxlib/crypto/nrf_cc310_platform/lib/cortex-m33/soft-float/no-interrupts/libnrf_cc310_platform_0.9.13.a(nrf_cc3xx_platform_mutex.c.obj)
 .data.sym_mutex
                0x2000c650        0x8 C:/ncs/nrfxlib/crypto/nrf_cc310_platform/lib/cortex-m33/soft-float/no-interrupts/libnrf_cc310_platform_0.9.13.a(nrf_cc3xx_platform_mutex.c.obj)
 *(SORT_BY_ALIGNMENT(.kernel.*))
                0x2000c658                __data_end = .
                0x00000158                __data_size = (__data_end - __data_start)
                0x00009f54                __data_load_start = LOADADDR (datas)
                0x00009f54                __data_region_load_start = LOADADDR (datas)

device_states   0x2000c658       0x14 load address 0x0000a0ac
                0x2000c658                __device_states_start = .
 *(SORT_BY_ALIGNMENT(.z_devstate))